Archive member included to satisfy reference by file (symbol)

C:/Users/downy/.pico-sdk/toolchain/14_2_Rel1/bin/../lib/gcc/arm-none-eabi/14.2.1/thumb/v6-m/nofp\libgcc.a(_dvmd_tls.o)
                              CMakeFiles/Pico4DeskUp.dir/C_/Users/downy/.pico-sdk/sdk/2.2.0/src/rp2_common/pico_divider/divider_hardware.S.obj (__aeabi_idiv0)
C:/Users/downy/.pico-sdk/toolchain/14_2_Rel1/bin/../lib/gcc/arm-none-eabi/14.2.1/thumb/v6-m/nofp\libg.a(libc_a-atoi.o)
                              CMakeFiles/Pico4DeskUp.dir/DeskAPI.cpp.obj (atoi)
C:/Users/downy/.pico-sdk/toolchain/14_2_Rel1/bin/../lib/gcc/arm-none-eabi/14.2.1/thumb/v6-m/nofp\libg.a(libc_a-calloc.o)
                              CMakeFiles/Pico4DeskUp.dir/C_/Users/downy/.pico-sdk/sdk/2.2.0/src/rp2_common/pico_malloc/malloc.c.obj (calloc)
C:/Users/downy/.pico-sdk/toolchain/14_2_Rel1/bin/../lib/gcc/arm-none-eabi/14.2.1/thumb/v6-m/nofp\libg.a(libc_a-callocr.o)
                              C:/Users/downy/.pico-sdk/toolchain/14_2_Rel1/bin/../lib/gcc/arm-none-eabi/14.2.1/thumb/v6-m/nofp\libg.a(libc_a-calloc.o) (_calloc_r)
C:/Users/downy/.pico-sdk/toolchain/14_2_Rel1/bin/../lib/gcc/arm-none-eabi/14.2.1/thumb/v6-m/nofp\libg.a(libc_a-malloc.o)
                              CMakeFiles/Pico4DeskUp.dir/C_/Users/downy/.pico-sdk/sdk/2.2.0/src/rp2_common/pico_malloc/malloc.c.obj (malloc)
C:/Users/downy/.pico-sdk/toolchain/14_2_Rel1/bin/../lib/gcc/arm-none-eabi/14.2.1/thumb/v6-m/nofp\libg.a(libc_a-mallocr.o)
                              C:/Users/downy/.pico-sdk/toolchain/14_2_Rel1/bin/../lib/gcc/arm-none-eabi/14.2.1/thumb/v6-m/nofp\libg.a(libc_a-callocr.o) (_malloc_r)
C:/Users/downy/.pico-sdk/toolchain/14_2_Rel1/bin/../lib/gcc/arm-none-eabi/14.2.1/thumb/v6-m/nofp\libg.a(libc_a-mlock.o)
                              C:/Users/downy/.pico-sdk/toolchain/14_2_Rel1/bin/../lib/gcc/arm-none-eabi/14.2.1/thumb/v6-m/nofp\libg.a(libc_a-mallocr.o) (__malloc_lock)
C:/Users/downy/.pico-sdk/toolchain/14_2_Rel1/bin/../lib/gcc/arm-none-eabi/14.2.1/thumb/v6-m/nofp\libg.a(libc_a-realloc.o)
                              CMakeFiles/Pico4DeskUp.dir/C_/Users/downy/.pico-sdk/sdk/2.2.0/src/rp2_common/pico_malloc/malloc.c.obj (realloc)
C:/Users/downy/.pico-sdk/toolchain/14_2_Rel1/bin/../lib/gcc/arm-none-eabi/14.2.1/thumb/v6-m/nofp\libg.a(libc_a-reallocr.o)
                              C:/Users/downy/.pico-sdk/toolchain/14_2_Rel1/bin/../lib/gcc/arm-none-eabi/14.2.1/thumb/v6-m/nofp\libg.a(libc_a-realloc.o) (_realloc_r)
C:/Users/downy/.pico-sdk/toolchain/14_2_Rel1/bin/../lib/gcc/arm-none-eabi/14.2.1/thumb/v6-m/nofp\libg.a(libc_a-strtol.o)
                              C:/Users/downy/.pico-sdk/toolchain/14_2_Rel1/bin/../lib/gcc/arm-none-eabi/14.2.1/thumb/v6-m/nofp\libg.a(libc_a-atoi.o) (_strtol_r)
C:/Users/downy/.pico-sdk/toolchain/14_2_Rel1/bin/../lib/gcc/arm-none-eabi/14.2.1/thumb/v6-m/nofp\libg.a(libc_a-ctype_.o)
                              C:/Users/downy/.pico-sdk/toolchain/14_2_Rel1/bin/../lib/gcc/arm-none-eabi/14.2.1/thumb/v6-m/nofp\libg.a(libc_a-strtol.o) (_ctype_)
C:/Users/downy/.pico-sdk/toolchain/14_2_Rel1/bin/../lib/gcc/arm-none-eabi/14.2.1/thumb/v6-m/nofp\libg.a(libc_a-memcmp.o)
                              CMakeFiles/Pico4DeskUp.dir/C_/Users/downy/.pico-sdk/sdk/2.2.0/src/rp2_common/pico_atomic/atomic.c.obj (memcmp)
C:/Users/downy/.pico-sdk/toolchain/14_2_Rel1/bin/../lib/gcc/arm-none-eabi/14.2.1/thumb/v6-m/nofp\libg.a(libc_a-memmove.o)
                              C:/Users/downy/.pico-sdk/toolchain/14_2_Rel1/bin/../lib/gcc/arm-none-eabi/14.2.1/thumb/v6-m/nofp\libg.a(libc_a-reallocr.o) (memmove)
C:/Users/downy/.pico-sdk/toolchain/14_2_Rel1/bin/../lib/gcc/arm-none-eabi/14.2.1/thumb/v6-m/nofp\libg.a(libc_a-strncmp.o)
                              CMakeFiles/Pico4DeskUp.dir/DeskAPI.cpp.obj (strncmp)
C:/Users/downy/.pico-sdk/toolchain/14_2_Rel1/bin/../lib/gcc/arm-none-eabi/14.2.1/thumb/v6-m/nofp\libg.a(libc_a-lcltime_r.o)
                              CMakeFiles/Pico4DeskUp.dir/C_/Users/downy/.pico-sdk/sdk/2.2.0/src/common/pico_util/datetime.c.obj (localtime_r)
C:/Users/downy/.pico-sdk/toolchain/14_2_Rel1/bin/../lib/gcc/arm-none-eabi/14.2.1/thumb/v6-m/nofp\libg.a(libc_a-mktime.o)
                              CMakeFiles/Pico4DeskUp.dir/C_/Users/downy/.pico-sdk/sdk/2.2.0/src/common/pico_util/datetime.c.obj (mktime)
C:/Users/downy/.pico-sdk/toolchain/14_2_Rel1/bin/../lib/gcc/arm-none-eabi/14.2.1/thumb/v6-m/nofp\libg.a(libc_a-month_lengths.o)
                              C:/Users/downy/.pico-sdk/toolchain/14_2_Rel1/bin/../lib/gcc/arm-none-eabi/14.2.1/thumb/v6-m/nofp\libg.a(libc_a-lcltime_r.o) (__month_lengths)
C:/Users/downy/.pico-sdk/toolchain/14_2_Rel1/bin/../lib/gcc/arm-none-eabi/14.2.1/thumb/v6-m/nofp\libg.a(libc_a-tzcalc_limits.o)
                              C:/Users/downy/.pico-sdk/toolchain/14_2_Rel1/bin/../lib/gcc/arm-none-eabi/14.2.1/thumb/v6-m/nofp\libg.a(libc_a-lcltime_r.o) (__tzcalc_limits)
[...]
Memory Configuration

Name             Origin             Length             Attributes
FLASH            0x10000000         0x00200000         xr
RAM              0x20000000         0x00040000         xrw
SCRATCH_X        0x20040000         0x00001000         xrw
SCRATCH_Y        0x20041000         0x00001000         xrw
*default*        0x00000000         0xffffffff

Linker script and memory map

LOAD C:/Users/downy/.pico-sdk/toolchain/14_2_Rel1/bin/../lib/gcc/arm-none-eabi/14.2.1/thumb/v6-m/nofp/crti.o
LOAD C:/Users/downy/.pico-sdk/toolchain/14_2_Rel1/bin/../lib/gcc/arm-none-eabi/14.2.1/thumb/v6-m/nofp/crtbegin.o
LOAD C:/Users/downy/.pico-sdk/toolchain/14_2_Rel1/bin/../lib/gcc/arm-none-eabi/14.2.1/thumb/v6-m/nofp/crt0.o

.flash_begin    0x10000000        0x0
                0x10000000                        __flash_binary_start = .

.boot2          0x10000000      0x100
                0x10000000                        __boot2_start__ = .
 *(.boot2)
 .boot2         0x10000000      0x100 pico-sdk/src/rp2040/boot_stage2/CMakeFiles/bs2_default_library.dir/./bs2_default_padded_checksummed.S.obj
                0x10000100                        __boot2_end__ = .
                0x00000001                        ASSERT (((__boot2_end__ - __boot2_start__) == 0x100), ERROR: Pico second stage bootloader must be 256 bytes in size)

.text           0x10000100     0x4088
                0x10000100                        __logical_binary_start = .
 *(.vectors)
 .vectors       0x10000100       0xd4 CMakeFiles/Pico4DeskUp.dir/C_/Users/downy/.pico-sdk/sdk/2.2.0/src/rp2_common/pico_crt0/crt0.S.obj
                0x10000100                __VECTOR_TABLE
                0x10000100                __vectors
                0x100001c0                isr_irq13
                0x100001c0                isr_irq27
                0x100001c0                isr_irq31
                0x100001c0                isr_irq12
                0x100001c0                isr_irq5
                0x100001c0                isr_irq11
                0x100001c0                isr_irq3
                0x100001c0                isr_irq23
                0x100001c0                __unhandled_user_irq
                0x100001c0                isr_irq26
                0x100001c0                isr_irq28
                0x100001c0                isr_irq19
                0x100001c0                isr_irq0
                0x100001c0                isr_irq6
                0x100001c0                isr_irq29
                0x100001c0                isr_irq16
                0x100001c0                isr_irq22
                0x100001c0                isr_irq18
                0x100001c0                isr_irq17
                0x100001c0                isr_irq14
                0x100001c0                __vectors_end
                0x100001c0                __default_isrs_start
                0x100001c0                isr_irq2
                0x100001c0                isr_irq10
                0x100001c0                isr_irq8
                0x100001c0                isr_irq24
                0x100001c0                isr_irq1
                0x100001c0                isr_irq7
                0x100001c0                isr_irq21
                0x100001c0                isr_irq20
                0x100001c0                isr_irq15
                0x100001c0                isr_irq25
                0x100001c0                isr_irq4
                0x100001c0                isr_irq30
                0x100001c0                isr_irq9
                0x100001c6                unhandled_user_irq_num_in_r0
                0x100001c8                isr_invalid
                0x100001ca                isr_nmi
                0x100001cc                isr_hardfault
                0x100001ce                isr_svcall
                0x100001d0                isr_pendsv
                0x100001d2                isr_systick
                0x100001d4                __default_isrs_end
 *(.binary_info_header)
 .binary_info_header
                0x100001d4       0x14 CMakeFiles/Pico4DeskUp.dir/C_/Users/downy/.pico-sdk/sdk/2.2.0/src/rp2_common/pico_crt0/crt0.S.obj
                0x100001e8                        __binary_info_header_end = .
 *(.embedded_block)
                0x100001e8                        __embedded_block_end = .
 *(.reset)
 .reset         0x100001e8       0x9c CMakeFiles/Pico4DeskUp.dir/C_/Users/downy/.pico-sdk/sdk/2.2.0/src/rp2_common/pico_crt0/crt0.S.obj
                0x100001e8                _entry_point
 *(.init)
 .init          0x10000284        0x4 C:/Users/downy/.pico-sdk/toolchain/14_2_Rel1/bin/../lib/gcc/arm-none-eabi/14.2.1/thumb/v6-m/nofp/crti.o
                0x10000284                _init
 *(EXCLUDE_FILE(*libm.a: *libc.a:*lib_a-mem*.o *libgcc.a:) .text*)
 .text.register_tm_clones
                0x10000288       0x28 C:/Users/downy/.pico-sdk/toolchain/14_2_Rel1/bin/../lib/gcc/arm-none-eabi/14.2.1/thumb/v6-m/nofp/crtbegin.o
 .text.frame_dummy
                0x100002b0       0x24 C:/Users/downy/.pico-sdk/toolchain/14_2_Rel1/bin/../lib/gcc/arm-none-eabi/14.2.1/thumb/v6-m/nofp/crtbegin.o
 .text.main     0x100002d4      0x134 CMakeFiles/Pico4DeskUp.dir/Pico4DeskUp.cpp.obj
                0x100002d4                main
 .text._ZN11OLEDDisplayC2EP8i2c_insth
                0x10000408        0x6 CMakeFiles/Pico4DeskUp.dir/OLEDDisplay.cpp.obj
                0x10000408                OLEDDisplay::OLEDDisplay(i2c_inst*, unsigned char)
                0x10000408                OLEDDisplay::OLEDDisplay(i2c_inst*, unsigned char)
 .text._ZN11OLEDDisplay11sendCommandEh
                0x1000040e       0x1c CMakeFiles/Pico4DeskUp.dir/OLEDDisplay.cpp.obj
                0x1000040e                OLEDDisplay::sendCommand(unsigned char)
 .text._ZN11OLEDDisplay8sendDataEPhj
                0x1000042a       0x3c CMakeFiles/Pico4DeskUp.dir/OLEDDisplay.cpp.obj
                0x1000042a                OLEDDisplay::sendData(unsigned char*, unsigned int)
 *fill*         0x10000466        0x2 
 .text._ZN11OLEDDisplay5clearEv
                0x10000468       0x50 CMakeFiles/Pico4DeskUp.dir/OLEDDisplay.cpp.obj
                0x10000468                OLEDDisplay::clear()
 .text._ZN11OLEDDisplay4initEv
                0x100004b8       0x3c CMakeFiles/Pico4DeskUp.dir/OLEDDisplay.cpp.obj
                0x100004b8                OLEDDisplay::init()
 .text._ZN11OLEDDisplay11displayTextEPKch
                0x100004f4       0xa0 CMakeFiles/Pico4DeskUp.dir/OLEDDisplay.cpp.obj
                0x100004f4                OLEDDisplay::displayText(char const*, unsigned char)
 .text._ZN11OLEDDisplay13displayHeightEi
                0x10000594       0x2c CMakeFiles/Pico4DeskUp.dir/OLEDDisplay.cpp.obj
                0x10000594                OLEDDisplay::displayHeight(int)
 .text.uart_getc
                0x100005c0       0x24 CMakeFiles/Pico4DeskUp.dir/DeskAPI.cpp.obj
 .text._ZN7DeskAPIC2EP9uart_inst
                0x100005e4       0x22 CMakeFiles/Pico4DeskUp.dir/DeskAPI.cpp.obj
                0x100005e4                DeskAPI::DeskAPI(uart_inst*)
                0x100005e4                DeskAPI::DeskAPI(uart_inst*)
 *fill*         0x10000606        0x2 
 .text._ZN7DeskAPI4initEv
                0x10000608       0x28 CMakeFiles/Pico4DeskUp.dir/DeskAPI.cpp.obj
                0x10000608                DeskAPI::init()
 .text._ZN7DeskAPI8readLineEv
                0x10000630       0x50 CMakeFiles/Pico4DeskUp.dir/DeskAPI.cpp.obj
                0x10000630                DeskAPI::readLine()
 .text._ZN7DeskAPI12parseMessageEPKc
                0x10000680       0x7c CMakeFiles/Pico4DeskUp.dir/DeskAPI.cpp.obj
                0x10000680                DeskAPI::parseMessage(char const*)
 .text._ZN7DeskAPI15checkForUpdatesEv
                0x100006fc       0x1c CMakeFiles/Pico4DeskUp.dir/DeskAPI.cpp.obj
                0x100006fc                DeskAPI::checkForUpdates()
 .text._ZN7DeskAPI16getCurrentUserIdEv
                0x10000718        0x4 CMakeFiles/Pico4DeskUp.dir/DeskAPI.cpp.obj
                0x10000718                DeskAPI::getCurrentUserId()
 .text._ZN7DeskAPI16getCurrentHeightEv
                0x1000071c        0x4 CMakeFiles/Pico4DeskUp.dir/DeskAPI.cpp.obj
                0x1000071c                DeskAPI::getCurrentHeight()
 .text._ZN7DeskAPI14isUserLoggedInEv
                0x10000720        0xa CMakeFiles/Pico4DeskUp.dir/DeskAPI.cpp.obj
                0x10000720                DeskAPI::isUserLoggedIn()
 *fill*         0x1000072a        0x2 
 .text.gpio_set_function
                0x1000072c       0x34 CMakeFiles/Pico4DeskUp.dir/C_/Users/downy/.pico-sdk/sdk/2.2.0/src/rp2_common/hardware_gpio/gpio.c.obj
                0x1000072c                gpio_set_function
 .text.gpio_set_pulls
                0x10000760       0x38 CMakeFiles/Pico4DeskUp.dir/C_/Users/downy/.pico-sdk/sdk/2.2.0/src/rp2_common/hardware_gpio/gpio.c.obj
                0x10000760                gpio_set_pulls
 .text.panic    0x10000798       0x30 CMakeFiles/Pico4DeskUp.dir/C_/Users/downy/.pico-sdk/sdk/2.2.0/src/rp2_common/pico_platform_panic/panic.c.obj
                0x10000798                panic
 .text.hw_claim_lock
                0x100007c8       0x18 CMakeFiles/Pico4DeskUp.dir/C_/Users/downy/.pico-sdk/sdk/2.2.0/src/common/hardware_claim/claim.c.obj
                0x100007c8                hw_claim_lock
 .text.hw_claim_unlock
                0x100007e0       0x14 CMakeFiles/Pico4DeskUp.dir/C_/Users/downy/.pico-sdk/sdk/2.2.0/src/common/hardware_claim/claim.c.obj
                0x100007e0                hw_claim_unlock
 .text.hw_claim_or_assert
                0x100007f4       0x32 CMakeFiles/Pico4DeskUp.dir/C_/Users/downy/.pico-sdk/sdk/2.2.0/src/common/hardware_claim/claim.c.obj
                0x100007f4                hw_claim_or_assert
 *fill*         0x10000826        0x2 
 .text.next_striped_spin_lock_num
                0x10000828       0x1c CMakeFiles/Pico4DeskUp.dir/C_/Users/downy/.pico-sdk/sdk/2.2.0/src/rp2_common/hardware_sync/sync.c.obj
                0x10000828                next_striped_spin_lock_num
 .text.spin_locks_reset
                0x10000844       0x20 CMakeFiles/Pico4DeskUp.dir/C_/Users/downy/.pico-sdk/sdk/2.2.0/src/rp2_common/hardware_sync_spin_lock/sync_spin_lock.c.obj
                0x10000844                spin_locks_reset
 .text.set_raw_irq_handler_and_unlock
                0x10000864       0x28 CMakeFiles/Pico4DeskUp.dir/C_/Users/downy/.pico-sdk/sdk/2.2.0/src/rp2_common/hardware_irq/irq.c.obj
 .text.nvic_ipr0
                0x1000088c        0x8 CMakeFiles/Pico4DeskUp.dir/C_/Users/downy/.pico-sdk/sdk/2.2.0/src/rp2_common/hardware_irq/irq.c.obj
 .text.runtime_init_per_core_irq_priorities
                0x10000894       0x1c CMakeFiles/Pico4DeskUp.dir/C_/Users/downy/.pico-sdk/sdk/2.2.0/src/rp2_common/hardware_irq/irq.c.obj
                0x10000894                runtime_init_per_core_irq_priorities
 .text.resolve_j_16
                0x100008b0       0x30 CMakeFiles/Pico4DeskUp.dir/C_/Users/downy/.pico-sdk/sdk/2.2.0/src/rp2_common/hardware_irq/irq.c.obj
 .text.make_j_16
                0x100008e0       0x48 CMakeFiles/Pico4DeskUp.dir/C_/Users/downy/.pico-sdk/sdk/2.2.0/src/rp2_common/hardware_irq/irq.c.obj
 .text.insert_bl_32
                0x10000928       0x40 CMakeFiles/Pico4DeskUp.dir/C_/Users/downy/.pico-sdk/sdk/2.2.0/src/rp2_common/hardware_irq/irq.c.obj
 .text.irq_is_enabled
                0x10000968       0x18 CMakeFiles/Pico4DeskUp.dir/C_/Users/downy/.pico-sdk/sdk/2.2.0/src/rp2_common/hardware_irq/irq.c.obj
                0x10000968                irq_is_enabled
 .text.irq_set_mask_n_enabled
                0x10000980       0x1c CMakeFiles/Pico4DeskUp.dir/C_/Users/downy/.pico-sdk/sdk/2.2.0/src/rp2_common/hardware_irq/irq.c.obj
                0x10000980                irq_set_mask_n_enabled
 .text.irq_set_enabled
                0x1000099c       0x14 CMakeFiles/Pico4DeskUp.dir/C_/Users/downy/.pico-sdk/sdk/2.2.0/src/rp2_common/hardware_irq/irq.c.obj
                0x1000099c                irq_set_enabled
 .text.irq_get_vtable_handler
                0x100009b0       0x10 CMakeFiles/Pico4DeskUp.dir/C_/Users/downy/.pico-sdk/sdk/2.2.0/src/rp2_common/hardware_irq/irq.c.obj
                0x100009b0                irq_get_vtable_handler
 .text.irq_set_exclusive_handler
                0x100009c0       0x54 CMakeFiles/Pico4DeskUp.dir/C_/Users/downy/.pico-sdk/sdk/2.2.0/src/rp2_common/hardware_irq/irq.c.obj
                0x100009c0                irq_set_exclusive_handler
 .text.irq_remove_handler
                0x10000a14      0x18c CMakeFiles/Pico4DeskUp.dir/C_/Users/downy/.pico-sdk/sdk/2.2.0/src/rp2_common/hardware_irq/irq.c.obj
                0x10000a14                irq_remove_handler
 .text.irq_add_tail_to_free_list
                0x10000ba0       0xf4 CMakeFiles/Pico4DeskUp.dir/C_/Users/downy/.pico-sdk/sdk/2.2.0/src/rp2_common/hardware_irq/irq.c.obj
                0x10000ba0                irq_add_tail_to_free_list
 .text.lock_init
                0x10000c94       0x10 CMakeFiles/Pico4DeskUp.dir/C_/Users/downy/.pico-sdk/sdk/2.2.0/src/common/pico_sync/lock_core.c.obj
                0x10000c94                lock_init
 .text.mutex_init
                0x10000ca4       0x1a CMakeFiles/Pico4DeskUp.dir/C_/Users/downy/.pico-sdk/sdk/2.2.0/src/common/pico_sync/mutex.c.obj
                0x10000ca4                mutex_init
 .text.recursive_mutex_init
                0x10000cbe       0x1e CMakeFiles/Pico4DeskUp.dir/C_/Users/downy/.pico-sdk/sdk/2.2.0/src/common/pico_sync/mutex.c.obj
                0x10000cbe                recursive_mutex_init
 .text.runtime_init_mutex
                0x10000cdc       0x4c CMakeFiles/Pico4DeskUp.dir/C_/Users/downy/.pico-sdk/sdk/2.2.0/src/common/pico_sync/mutex.c.obj
                0x10000cdc                runtime_init_mutex
 .text.ta_set_timeout
                0x10000d28       0x24 CMakeFiles/Pico4DeskUp.dir/C_/Users/downy/.pico-sdk/sdk/2.2.0/src/common/pico_time/time.c.obj
 .text.make_alarm_id
                0x10000d4c        0x6 CMakeFiles/Pico4DeskUp.dir/C_/Users/downy/.pico-sdk/sdk/2.2.0/src/common/pico_time/time.c.obj
 *fill*         0x10000d52        0x2 
 .text.sleep_until_callback
                0x10000d54       0x30 CMakeFiles/Pico4DeskUp.dir/C_/Users/downy/.pico-sdk/sdk/2.2.0/src/common/pico_time/time.c.obj
 .text.alarm_pool_irq_handler
                0x10000d84      0x2f0 CMakeFiles/Pico4DeskUp.dir/C_/Users/downy/.pico-sdk/sdk/2.2.0/src/common/pico_time/time.c.obj
 .text.ta_enable_irq_handler
                0x10001074       0x2c CMakeFiles/Pico4DeskUp.dir/C_/Users/downy/.pico-sdk/sdk/2.2.0/src/common/pico_time/time.c.obj
 .text.alarm_pool_post_alloc_init
                0x100010a0       0x78 CMakeFiles/Pico4DeskUp.dir/C_/Users/downy/.pico-sdk/sdk/2.2.0/src/common/pico_time/time.c.obj
 .text.alarm_pool_get_default
                0x10001118       0x2c CMakeFiles/Pico4DeskUp.dir/C_/Users/downy/.pico-sdk/sdk/2.2.0/src/common/pico_time/time.c.obj
                0x10001118                alarm_pool_get_default
 .text.alarm_pool_add_alarm_at_force_in_context
                0x10001144       0xa4 CMakeFiles/Pico4DeskUp.dir/C_/Users/downy/.pico-sdk/sdk/2.2.0/src/common/pico_time/time.c.obj
                0x10001144                alarm_pool_add_alarm_at_force_in_context
 .text.alarm_pool_add_alarm_at
                0x100011e8       0x3c CMakeFiles/Pico4DeskUp.dir/C_/Users/downy/.pico-sdk/sdk/2.2.0/src/common/pico_time/time.c.obj
                0x100011e8                alarm_pool_add_alarm_at
 .text.add_alarm_at
                0x10001224       0x2e CMakeFiles/Pico4DeskUp.dir/C_/Users/downy/.pico-sdk/sdk/2.2.0/src/common/pico_time/time.c.obj
 *fill*         0x10001252        0x2 
 .text.alarm_pool_cancel_alarm
                0x10001254       0x78 CMakeFiles/Pico4DeskUp.dir/C_/Users/downy/.pico-sdk/sdk/2.2.0/src/common/pico_time/time.c.obj
                0x10001254                alarm_pool_cancel_alarm
 .text.cancel_alarm
                0x100012cc       0x10 CMakeFiles/Pico4DeskUp.dir/C_/Users/downy/.pico-sdk/sdk/2.2.0/src/common/pico_time/time.c.obj
 .text.sleep_until
                0x100012dc       0xb0 CMakeFiles/Pico4DeskUp.dir/C_/Users/downy/.pico-sdk/sdk/2.2.0/src/common/pico_time/time.c.obj
                0x100012dc                sleep_until
 .text.sleep_us
                0x1000138c       0x24 CMakeFiles/Pico4DeskUp.dir/C_/Users/downy/.pico-sdk/sdk/2.2.0/src/common/pico_time/time.c.obj
                0x1000138c                sleep_us
 .text.sleep_ms
                0x100013b0       0x14 CMakeFiles/Pico4DeskUp.dir/C_/Users/downy/.pico-sdk/sdk/2.2.0/src/common/pico_time/time.c.obj
                0x100013b0                sleep_ms
 .text.best_effort_wfe_or_timeout
                0x100013c4      0x11c CMakeFiles/Pico4DeskUp.dir/C_/Users/downy/.pico-sdk/sdk/2.2.0/src/common/pico_time/time.c.obj
                0x100013c4                best_effort_wfe_or_timeout
 .text.alarm_pool_get_default_timer
                0x100014e0        0x8 CMakeFiles/Pico4DeskUp.dir/C_/Users/downy/.pico-sdk/sdk/2.2.0/src/common/pico_time/time.c.obj
                0x100014e0                alarm_pool_get_default_timer
 .text.runtime_init_default_alarm_pool
                0x100014e8       0x38 CMakeFiles/Pico4DeskUp.dir/C_/Users/downy/.pico-sdk/sdk/2.2.0/src/common/pico_time/time.c.obj
                0x100014e8                runtime_init_default_alarm_pool
 .text.timer_hardware_alarm_claim
                0x10001520       0x14 CMakeFiles/Pico4DeskUp.dir/C_/Users/downy/.pico-sdk/sdk/2.2.0/src/rp2_common/hardware_timer/timer.c.obj
                0x10001520                timer_hardware_alarm_claim
 .text.timer_time_us_64
                0x10001534       0x10 CMakeFiles/Pico4DeskUp.dir/C_/Users/downy/.pico-sdk/sdk/2.2.0/src/rp2_common/hardware_timer/timer.c.obj
                0x10001534                timer_time_us_64
 .text.timer_busy_wait_until
                0x10001544       0x1a CMakeFiles/Pico4DeskUp.dir/C_/Users/downy/.pico-sdk/sdk/2.2.0/src/rp2_common/hardware_timer/timer.c.obj
                0x10001544                timer_busy_wait_until
 .text.timer_busy_wait_us
                0x1000155e       0x38 CMakeFiles/Pico4DeskUp.dir/C_/Users/downy/.pico-sdk/sdk/2.2.0/src/rp2_common/hardware_timer/timer.c.obj
                0x1000155e                timer_busy_wait_us
 *fill*         0x10001596        0x2 
 .text.time_us_64
                0x10001598       0x10 CMakeFiles/Pico4DeskUp.dir/C_/Users/downy/.pico-sdk/sdk/2.2.0/src/rp2_common/hardware_timer/timer.c.obj
                0x10001598                time_us_64
 .text.busy_wait_us
                0x100015a8       0x14 CMakeFiles/Pico4DeskUp.dir/C_/Users/downy/.pico-sdk/sdk/2.2.0/src/rp2_common/hardware_timer/timer.c.obj
                0x100015a8                busy_wait_us
 .text.busy_wait_until
                0x100015bc       0x14 CMakeFiles/Pico4DeskUp.dir/C_/Users/downy/.pico-sdk/sdk/2.2.0/src/rp2_common/hardware_timer/timer.c.obj
                0x100015bc                busy_wait_until
 .text.uart_unreset
                0x100015d0       0x2c CMakeFiles/Pico4DeskUp.dir/C_/Users/downy/.pico-sdk/sdk/2.2.0/src/rp2_common/hardware_uart/uart.c.obj
 .text.uart_disable_before_lcr_write
                0x100015fc       0x48 CMakeFiles/Pico4DeskUp.dir/C_/Users/downy/.pico-sdk/sdk/2.2.0/src/rp2_common/hardware_uart/uart.c.obj
 .text.uart_write_lcr_bits_masked
                0x10001644       0x20 CMakeFiles/Pico4DeskUp.dir/C_/Users/downy/.pico-sdk/sdk/2.2.0/src/rp2_common/hardware_uart/uart.c.obj
 .text.uart_set_baudrate
                0x10001664       0x5c CMakeFiles/Pico4DeskUp.dir/C_/Users/downy/.pico-sdk/sdk/2.2.0/src/rp2_common/hardware_uart/uart.c.obj
                0x10001664                uart_set_baudrate
 .text.uart_set_translate_crlf
                0x100016c0       0x28 CMakeFiles/Pico4DeskUp.dir/C_/Users/downy/.pico-sdk/sdk/2.2.0/src/rp2_common/hardware_uart/uart.c.obj
                0x100016c0                uart_set_translate_crlf
 .text.uart_init
                0x100016e8       0x64 CMakeFiles/Pico4DeskUp.dir/C_/Users/downy/.pico-sdk/sdk/2.2.0/src/rp2_common/hardware_uart/uart.c.obj
                0x100016e8                uart_init
 .text.clock_configure_internal
                0x1000174c       0xc4 CMakeFiles/Pico4DeskUp.dir/C_/Users/downy/.pico-sdk/sdk/2.2.0/src/rp2_common/hardware_clocks/clocks.c.obj
 .text.clock_configure_int_divider
                0x10001810       0x28 CMakeFiles/Pico4DeskUp.dir/C_/Users/downy/.pico-sdk/sdk/2.2.0/src/rp2_common/hardware_clocks/clocks.c.obj
                0x10001810                clock_configure_int_divider
 .text.clock_configure_undivided
                0x10001838       0x12 CMakeFiles/Pico4DeskUp.dir/C_/Users/downy/.pico-sdk/sdk/2.2.0/src/rp2_common/hardware_clocks/clocks.c.obj
                0x10001838                clock_configure_undivided
 *fill*         0x1000184a        0x2 
 .text.clock_get_hz
                0x1000184c        0xc CMakeFiles/Pico4DeskUp.dir/C_/Users/downy/.pico-sdk/sdk/2.2.0/src/rp2_common/hardware_clocks/clocks.c.obj
                0x1000184c                clock_get_hz
 .text.pll_init
                0x10001858      0x124 CMakeFiles/Pico4DeskUp.dir/C_/Users/downy/.pico-sdk/sdk/2.2.0/src/rp2_common/hardware_pll/pll.c.obj
                0x10001858                pll_init
 .text.tick_start
                0x1000197c       0x10 CMakeFiles/Pico4DeskUp.dir/C_/Users/downy/.pico-sdk/sdk/2.2.0/src/rp2_common/hardware_ticks/ticks.c.obj
                0x1000197c                tick_start
 .text.rom_func_lookup
                0x1000198c       0x10 CMakeFiles/Pico4DeskUp.dir/C_/Users/downy/.pico-sdk/sdk/2.2.0/src/rp2_common/pico_bootrom/bootrom.c.obj
                0x1000198c                rom_func_lookup
 .text.rom_data_lookup
                0x1000199c       0x10 CMakeFiles/Pico4DeskUp.dir/C_/Users/downy/.pico-sdk/sdk/2.2.0/src/rp2_common/pico_bootrom/bootrom.c.obj
                0x1000199c                rom_data_lookup
 .text.rom_funcs_lookup
                0x100019ac       0x36 CMakeFiles/Pico4DeskUp.dir/C_/Users/downy/.pico-sdk/sdk/2.2.0/src/rp2_common/pico_bootrom/bootrom.c.obj
                0x100019ac                rom_funcs_lookup
 *fill*         0x100019e2        0x2 
 .text.xosc_init
                0x100019e4       0x2c CMakeFiles/Pico4DeskUp.dir/C_/Users/downy/.pico-sdk/sdk/2.2.0/src/rp2_common/hardware_xosc/xosc.c.obj
                0x100019e4                xosc_init
 .text.runtime_run_initializers_from
                0x10001a10       0x18 CMakeFiles/Pico4DeskUp.dir/C_/Users/downy/.pico-sdk/sdk/2.2.0/src/rp2_common/pico_runtime/runtime.c.obj
 .text.first_per_core_initializer
                0x10001a28        0x2 CMakeFiles/Pico4DeskUp.dir/C_/Users/downy/.pico-sdk/sdk/2.2.0/src/rp2_common/pico_runtime/runtime.c.obj
 *fill*         0x10001a2a        0x2 
 .text.runtime_run_initializers
                0x10001a2c       0x10 CMakeFiles/Pico4DeskUp.dir/C_/Users/downy/.pico-sdk/sdk/2.2.0/src/rp2_common/pico_runtime/runtime.c.obj
                0x10001a2c                runtime_run_initializers
 .text.runtime_init_early_resets
                0x10001a3c       0x2c CMakeFiles/Pico4DeskUp.dir/C_/Users/downy/.pico-sdk/sdk/2.2.0/src/rp2_common/pico_runtime_init/runtime_init.c.obj
                0x10001a3c                runtime_init_early_resets
 .text.runtime_init_usb_power_down
                0x10001a68       0x1c CMakeFiles/Pico4DeskUp.dir/C_/Users/downy/.pico-sdk/sdk/2.2.0/src/rp2_common/pico_runtime_init/runtime_init.c.obj
                0x10001a68                runtime_init_usb_power_down
 .text.runtime_init_post_clock_resets
                0x10001a84       0x20 CMakeFiles/Pico4DeskUp.dir/C_/Users/downy/.pico-sdk/sdk/2.2.0/src/rp2_common/pico_runtime_init/runtime_init.c.obj
                0x10001a84                runtime_init_post_clock_resets
 .text.runtime_init_rp2040_gpio_ie_disable
                0x10001aa4       0x14 CMakeFiles/Pico4DeskUp.dir/C_/Users/downy/.pico-sdk/sdk/2.2.0/src/rp2_common/pico_runtime_init/runtime_init.c.obj
                0x10001aa4                runtime_init_rp2040_gpio_ie_disable
 .text.runtime_init_spin_locks_reset
                0x10001ab8        0x8 CMakeFiles/Pico4DeskUp.dir/C_/Users/downy/.pico-sdk/sdk/2.2.0/src/rp2_common/pico_runtime_init/runtime_init.c.obj
                0x10001ab8                runtime_init_spin_locks_reset
 .text.runtime_init_install_ram_vector_table
                0x10001ac0       0x48 CMakeFiles/Pico4DeskUp.dir/C_/Users/downy/.pico-sdk/sdk/2.2.0/src/rp2_common/pico_runtime_init/runtime_init.c.obj
                0x10001ac0                runtime_init_install_ram_vector_table
 .text.start_all_ticks
                0x10001b08       0x28 CMakeFiles/Pico4DeskUp.dir/C_/Users/downy/.pico-sdk/sdk/2.2.0/src/rp2_common/pico_runtime_init/runtime_init_clocks.c.obj
 .text.runtime_init_clocks
                0x10001b30       0xcc CMakeFiles/Pico4DeskUp.dir/C_/Users/downy/.pico-sdk/sdk/2.2.0/src/rp2_common/pico_runtime_init/runtime_init_clocks.c.obj
                0x10001b30                runtime_init_clocks
 .text          0x10001bfc       0x10 CMakeFiles/Pico4DeskUp.dir/C_/Users/downy/.pico-sdk/sdk/2.2.0/src/rp2_common/pico_bit_ops/bit_ops_aeabi.S.obj
 .text.__wrap___aeabi_idiv
                0x10001c0c       0x50 CMakeFiles/Pico4DeskUp.dir/C_/Users/downy/.pico-sdk/sdk/2.2.0/src/rp2_common/pico_divider/divider_hardware.S.obj
                0x10001c0c                __wrap___aeabi_idivmod
                0x10001c0c                divmod_s32s32
                0x10001c0c                div_s32s32
                0x10001c0c                __wrap___aeabi_idiv
                0x10001c14                divmod_s32s32_unsafe
                0x10001c40                divmod_s32s32_savestate
 .text.__wrap___aeabi_uidiv
                0x10001c5c       0x4c CMakeFiles/Pico4DeskUp.dir/C_/Users/downy/.pico-sdk/sdk/2.2.0/src/rp2_common/pico_divider/divider_hardware.S.obj
                0x10001c5c                __wrap___aeabi_uidiv
                0x10001c5c                __wrap___aeabi_uidivmod
                0x10001c5c                div_u32u32
                0x10001c5c                divmod_u32u32
                0x10001c64                divmod_u32u32_unsafe
                0x10001c8c                divmod_u32u32_savestate
 .text.__wrap___aeabi_ldiv
                0x10001ca8      0x424 CMakeFiles/Pico4DeskUp.dir/C_/Users/downy/.pico-sdk/sdk/2.2.0/src/rp2_common/pico_divider/divider_hardware.S.obj
                0x10001ca8                div_s64s64
                0x10001ca8                divmod_s64s64
                0x10001ca8                __wrap___aeabi_ldivmod
                0x10001cd8                divmod_u64u64
                0x10001cd8                div_u64u64
                0x10001cd8                __wrap___aeabi_uldivmod
                0x10001ce8                divmod_u64u64_savestate
                0x10001d08                divmod_s64s64_unsafe
                0x10001d90                divmod_u64u64_unsafe
 .text.__wrap___aeabi_darithmetic
                0x100020cc       0x60 CMakeFiles/Pico4DeskUp.dir/C_/Users/downy/.pico-sdk/sdk/2.2.0/src/rp2_common/pico_double/double_aeabi_rp2040.S.obj
                0x100020cc                __wrap___aeabi_drsub
                0x100020d2                __wrap___aeabi_dsub
                0x100020dc                __wrap___aeabi_dadd
                0x100020e6                __wrap___aeabi_ddiv
                0x1000211a                __wrap___aeabi_dmul
 .text.__wrap___aeabi_cdcmple
                0x1000212c       0x6c CMakeFiles/Pico4DeskUp.dir/C_/Users/downy/.pico-sdk/sdk/2.2.0/src/rp2_common/pico_double/double_aeabi_rp2040.S.obj
                0x1000212c                __wrap___aeabi_cdrcmple
                0x1000213c                __wrap___aeabi_cdcmpeq
                0x1000213c                __wrap___aeabi_cdcmple
 .text.__wrap___aeabi_dcmplt
                0x10002198        0xc CMakeFiles/Pico4DeskUp.dir/C_/Users/downy/.pico-sdk/sdk/2.2.0/src/rp2_common/pico_double/double_aeabi_rp2040.S.obj
                0x10002198                __wrap___aeabi_dcmplt
 .text.__wrap___aeabi_dcmple
                0x100021a4       0x10 CMakeFiles/Pico4DeskUp.dir/C_/Users/downy/.pico-sdk/sdk/2.2.0/src/rp2_common/pico_double/double_aeabi_rp2040.S.obj
                0x100021a4                __wrap___aeabi_dcmple
 .text.__wrap___aeabi_dcmpge
                0x100021b4       0x10 CMakeFiles/Pico4DeskUp.dir/C_/Users/downy/.pico-sdk/sdk/2.2.0/src/rp2_common/pico_double/double_aeabi_rp2040.S.obj
                0x100021b4                __wrap___aeabi_dcmpge
 .text.__wrap___aeabi_dcmpgt
                0x100021c4        0xa CMakeFiles/Pico4DeskUp.dir/C_/Users/downy/.pico-sdk/sdk/2.2.0/src/rp2_common/pico_double/double_aeabi_rp2040.S.obj
                0x100021c4                __wrap___aeabi_dcmpgt
 .text.__wrap___aeabi_dcmpun
                0x100021ce       0x18 CMakeFiles/Pico4DeskUp.dir/C_/Users/downy/.pico-sdk/sdk/2.2.0/src/rp2_common/pico_double/double_aeabi_rp2040.S.obj
                0x100021ce                __wrap___aeabi_dcmpun
 *fill*         0x100021e6        0x2 
 .text.__wrap___aeabi_i2d
                0x100021e8       0x38 CMakeFiles/Pico4DeskUp.dir/C_/Users/downy/.pico-sdk/sdk/2.2.0/src/rp2_common/pico_double/double_aeabi_rp2040.S.obj
                0x100021e8                uint2double
                0x100021e8                __wrap___aeabi_ui2d
                0x100021f0                int2double
                0x100021f0                __wrap___aeabi_i2d
 .text.__wrap___aeabi_d2iz
                0x10002220       0x48 CMakeFiles/Pico4DeskUp.dir/C_/Users/downy/.pico-sdk/sdk/2.2.0/src/rp2_common/pico_double/double_aeabi_rp2040.S.obj
                0x10002220                double2int_z
                0x10002220                __wrap___aeabi_d2iz
 .text.__wrap___aeabi_d2uiz
                0x10002268       0x10 CMakeFiles/Pico4DeskUp.dir/C_/Users/downy/.pico-sdk/sdk/2.2.0/src/rp2_common/pico_double/double_aeabi_rp2040.S.obj
                0x10002268                double2uint
                0x10002268                __wrap___aeabi_d2uiz
                0x10002268                double2uint_z
 .text.missing_double_func_shim
                0x10002278        0xc CMakeFiles/Pico4DeskUp.dir/C_/Users/downy/.pico-sdk/sdk/2.2.0/src/rp2_common/pico_double/double_init_rom_rp2040.c.obj
 .text.__aeabi_double_init
                0x10002284       0xd0 CMakeFiles/Pico4DeskUp.dir/C_/Users/downy/.pico-sdk/sdk/2.2.0/src/rp2_common/pico_double/double_init_rom_rp2040.c.obj
                0x10002284                __aeabi_double_init
 .text.double_table_shim_on_use_helper
                0x10002354       0x34 CMakeFiles/Pico4DeskUp.dir/C_/Users/downy/.pico-sdk/sdk/2.2.0/src/rp2_common/pico_double/double_v1_rom_shim_rp2040.S.obj
                0x10002354                double_table_shim_on_use_helper
 .text.__aeabi_lmul
                0x10002388       0x32 CMakeFiles/Pico4DeskUp.dir/C_/Users/downy/.pico-sdk/sdk/2.2.0/src/rp2_common/pico_int64_ops/pico_int64_ops_aeabi.S.obj
                0x10002388                __wrap___aeabi_lmul
 *fill*         0x100023ba        0x2 
 .text.missing_float_func_shim
                0x100023bc        0xc CMakeFiles/Pico4DeskUp.dir/C_/Users/downy/.pico-sdk/sdk/2.2.0/src/rp2_common/pico_float/float_init_rom_rp2040.c.obj
 .text.__aeabi_float_init
                0x100023c8       0x88 CMakeFiles/Pico4DeskUp.dir/C_/Users/downy/.pico-sdk/sdk/2.2.0/src/rp2_common/pico_float/float_init_rom_rp2040.c.obj
                0x100023c8                __aeabi_float_init
 .text          0x10002450       0x10 CMakeFiles/Pico4DeskUp.dir/C_/Users/downy/.pico-sdk/sdk/2.2.0/src/rp2_common/pico_mem_ops/mem_ops_aeabi.S.obj
                0x10002450                __aeabi_mem_init
 .text.memset   0x10002460        0xc CMakeFiles/Pico4DeskUp.dir/C_/Users/downy/.pico-sdk/sdk/2.2.0/src/rp2_common/pico_mem_ops/mem_ops_aeabi.S.obj
                0x10002460                __wrap_memset
 .text.memcpy   0x1000246c        0xc CMakeFiles/Pico4DeskUp.dir/C_/Users/downy/.pico-sdk/sdk/2.2.0/src/rp2_common/pico_mem_ops/mem_ops_aeabi.S.obj
                0x1000246c                __wrap_memcpy
                0x1000246c                __wrap___aeabi_memcpy
 .text._out_buffer
                0x10002478        0x8 CMakeFiles/Pico4DeskUp.dir/C_/Users/downy/.pico-sdk/sdk/2.2.0/src/rp2_common/pico_printf/printf.c.obj
 .text._out_null
                0x10002480        0x2 CMakeFiles/Pico4DeskUp.dir/C_/Users/downy/.pico-sdk/sdk/2.2.0/src/rp2_common/pico_printf/printf.c.obj
 .text._out_fct
                0x10002482        0xe CMakeFiles/Pico4DeskUp.dir/C_/Users/downy/.pico-sdk/sdk/2.2.0/src/rp2_common/pico_printf/printf.c.obj
 .text._atoi    0x10002490       0x24 CMakeFiles/Pico4DeskUp.dir/C_/Users/downy/.pico-sdk/sdk/2.2.0/src/rp2_common/pico_printf/printf.c.obj
 .text._out_rev
                0x100024b4       0xb0 CMakeFiles/Pico4DeskUp.dir/C_/Users/downy/.pico-sdk/sdk/2.2.0/src/rp2_common/pico_printf/printf.c.obj
 .text._ntoa_format
                0x10002564      0x10e CMakeFiles/Pico4DeskUp.dir/C_/Users/downy/.pico-sdk/sdk/2.2.0/src/rp2_common/pico_printf/printf.c.obj
 .text._ntoa_long
                0x10002672       0xbc CMakeFiles/Pico4DeskUp.dir/C_/Users/downy/.pico-sdk/sdk/2.2.0/src/rp2_common/pico_printf/printf.c.obj
 .text._ntoa_long_long
                0x1000272e      0x10e CMakeFiles/Pico4DeskUp.dir/C_/Users/downy/.pico-sdk/sdk/2.2.0/src/rp2_common/pico_printf/printf.c.obj
 .text._etoa    0x1000283c      0x424 CMakeFiles/Pico4DeskUp.dir/C_/Users/downy/.pico-sdk/sdk/2.2.0/src/rp2_common/pico_printf/printf.c.obj
 .text._ftoa    0x10002c60      0x348 CMakeFiles/Pico4DeskUp.dir/C_/Users/downy/.pico-sdk/sdk/2.2.0/src/rp2_common/pico_printf/printf.c.obj
 .text._vsnprintf
                0x10002fa8      0x6a4 CMakeFiles/Pico4DeskUp.dir/C_/Users/downy/.pico-sdk/sdk/2.2.0/src/rp2_common/pico_printf/printf.c.obj
 .text.__wrap_snprintf
                0x1000364c       0x28 CMakeFiles/Pico4DeskUp.dir/C_/Users/downy/.pico-sdk/sdk/2.2.0/src/rp2_common/pico_printf/printf.c.obj
                0x1000364c                __wrap_snprintf
 .text.vfctprintf
                0x10003674       0x24 CMakeFiles/Pico4DeskUp.dir/C_/Users/downy/.pico-sdk/sdk/2.2.0/src/rp2_common/pico_printf/printf.c.obj
                0x10003674                vfctprintf
 .text._exit    0x10003698        0x4 CMakeFiles/Pico4DeskUp.dir/C_/Users/downy/.pico-sdk/sdk/2.2.0/src/rp2_common/pico_clib_interface/newlib_interface.c.obj
                0x10003698                _exit
 .text.exit     0x1000369c        0x6 CMakeFiles/Pico4DeskUp.dir/C_/Users/downy/.pico-sdk/sdk/2.2.0/src/rp2_common/pico_clib_interface/newlib_interface.c.obj
                0x1000369c                exit
 *fill*         0x100036a2        0x2 
 .text.__assert_func
                0x100036a4       0x38 CMakeFiles/Pico4DeskUp.dir/C_/Users/downy/.pico-sdk/sdk/2.2.0/src/rp2_common/pico_clib_interface/newlib_interface.c.obj
                0x100036a4                __assert_func
 .text.runtime_init
                0x100036dc       0x28 CMakeFiles/Pico4DeskUp.dir/C_/Users/downy/.pico-sdk/sdk/2.2.0/src/rp2_common/pico_clib_interface/newlib_interface.c.obj
                0x100036dc                runtime_init
 .text.stdio_out_chars_no_crlf
                0x10003704        0xe CMakeFiles/Pico4DeskUp.dir/C_/Users/downy/.pico-sdk/sdk/2.2.0/src/rp2_common/pico_stdio/stdio.c.obj
 *fill*         0x10003712        0x2 
 .text.stdio_out_chars_crlf
                0x10003714       0x80 CMakeFiles/Pico4DeskUp.dir/C_/Users/downy/.pico-sdk/sdk/2.2.0/src/rp2_common/pico_stdio/stdio.c.obj
 .text.stdio_stack_buffer_flush
                0x10003794       0x44 CMakeFiles/Pico4DeskUp.dir/C_/Users/downy/.pico-sdk/sdk/2.2.0/src/rp2_common/pico_stdio/stdio.c.obj
 .text.stdio_buffered_printer
                0x100037d8       0x20 CMakeFiles/Pico4DeskUp.dir/C_/Users/downy/.pico-sdk/sdk/2.2.0/src/rp2_common/pico_stdio/stdio.c.obj
 .text.stdout_serialize_begin
                0x100037f8       0x30 CMakeFiles/Pico4DeskUp.dir/C_/Users/downy/.pico-sdk/sdk/2.2.0/src/rp2_common/pico_stdio/stdio.c.obj
                0x100037f8                stdout_serialize_begin
 .text.stdout_serialize_end
                0x10003828       0x10 CMakeFiles/Pico4DeskUp.dir/C_/Users/downy/.pico-sdk/sdk/2.2.0/src/rp2_common/pico_stdio/stdio.c.obj
                0x10003828                stdout_serialize_end
 .text.stdio_put_string
                0x10003838       0x94 CMakeFiles/Pico4DeskUp.dir/C_/Users/downy/.pico-sdk/sdk/2.2.0/src/rp2_common/pico_stdio/stdio.c.obj
                0x10003838                stdio_put_string
 .text.stdio_set_driver_enabled
                0x100038cc       0x30 CMakeFiles/Pico4DeskUp.dir/C_/Users/downy/.pico-sdk/sdk/2.2.0/src/rp2_common/pico_stdio/stdio.c.obj
                0x100038cc                stdio_set_driver_enabled
 .text.stdio_flush
                0x100038fc       0x20 CMakeFiles/Pico4DeskUp.dir/C_/Users/downy/.pico-sdk/sdk/2.2.0/src/rp2_common/pico_stdio/stdio.c.obj
                0x100038fc                stdio_flush
 .text.stdio_init_all
                0x1000391c        0xa CMakeFiles/Pico4DeskUp.dir/C_/Users/downy/.pico-sdk/sdk/2.2.0/src/rp2_common/pico_stdio/stdio.c.obj
                0x1000391c                stdio_init_all
 .text.__wrap_puts
                0x10003926       0x1e CMakeFiles/Pico4DeskUp.dir/C_/Users/downy/.pico-sdk/sdk/2.2.0/src/rp2_common/pico_stdio/stdio.c.obj
                0x10003926                stdio_puts
                0x10003926                __wrap_puts
 .text.__wrap_vprintf
                0x10003944       0x40 CMakeFiles/Pico4DeskUp.dir/C_/Users/downy/.pico-sdk/sdk/2.2.0/src/rp2_common/pico_stdio/stdio.c.obj
                0x10003944                stdio_vprintf
                0x10003944                __wrap_vprintf
 .text.__wrap_printf
                0x10003984       0x18 CMakeFiles/Pico4DeskUp.dir/C_/Users/downy/.pico-sdk/sdk/2.2.0/src/rp2_common/pico_stdio/stdio.c.obj
                0x10003984                __wrap_printf
                0x10003984                stdio_printf
 .text.uart_putc
                0x1000399c       0x60 CMakeFiles/Pico4DeskUp.dir/C_/Users/downy/.pico-sdk/sdk/2.2.0/src/rp2_common/pico_stdio_uart/stdio_uart.c.obj
 .text.uart_getc
                0x100039fc       0x24 CMakeFiles/Pico4DeskUp.dir/C_/Users/downy/.pico-sdk/sdk/2.2.0/src/rp2_common/pico_stdio_uart/stdio_uart.c.obj
 .text.stdio_uart_out_chars
                0x10003a20       0x20 CMakeFiles/Pico4DeskUp.dir/C_/Users/downy/.pico-sdk/sdk/2.2.0/src/rp2_common/pico_stdio_uart/stdio_uart.c.obj
 .text.stdio_uart_in_chars
                0x10003a40       0x5c CMakeFiles/Pico4DeskUp.dir/C_/Users/downy/.pico-sdk/sdk/2.2.0/src/rp2_common/pico_stdio_uart/stdio_uart.c.obj
                0x10003a40                stdio_uart_in_chars
 .text.on_uart_rx
                0x10003a9c       0x28 CMakeFiles/Pico4DeskUp.dir/C_/Users/downy/.pico-sdk/sdk/2.2.0/src/rp2_common/pico_stdio_uart/stdio_uart.c.obj
 .text.stdio_uart_out_flush
                0x10003ac4       0x10 CMakeFiles/Pico4DeskUp.dir/C_/Users/downy/.pico-sdk/sdk/2.2.0/src/rp2_common/pico_stdio_uart/stdio_uart.c.obj
 .text.stdio_uart_set_chars_available_callback
                0x10003ad4       0x90 CMakeFiles/Pico4DeskUp.dir/C_/Users/downy/.pico-sdk/sdk/2.2.0/src/rp2_common/pico_stdio_uart/stdio_uart.c.obj
 .text.stdio_uart_init_full
                0x10003b64       0x44 CMakeFiles/Pico4DeskUp.dir/C_/Users/downy/.pico-sdk/sdk/2.2.0/src/rp2_common/pico_stdio_uart/stdio_uart.c.obj
                0x10003b64                stdio_uart_init_full
 .text.stdio_uart_init
                0x10003ba8       0x30 CMakeFiles/Pico4DeskUp.dir/C_/Users/downy/.pico-sdk/sdk/2.2.0/src/rp2_common/pico_stdio_uart/stdio_uart.c.obj
                0x10003ba8                stdio_uart_init
 .text.i2c_unreset
                0x10003bd8       0x2c CMakeFiles/Pico4DeskUp.dir/C_/Users/downy/.pico-sdk/sdk/2.2.0/src/rp2_common/hardware_i2c/i2c.c.obj
 .text.i2c_write_blocking_internal
                0x10003c04      0x158 CMakeFiles/Pico4DeskUp.dir/C_/Users/downy/.pico-sdk/sdk/2.2.0/src/rp2_common/hardware_i2c/i2c.c.obj
 .text.i2c_set_baudrate
                0x10003d5c       0xf0 CMakeFiles/Pico4DeskUp.dir/C_/Users/downy/.pico-sdk/sdk/2.2.0/src/rp2_common/hardware_i2c/i2c.c.obj
                0x10003d5c                i2c_set_baudrate
 .text.i2c_init
                0x10003e4c       0x54 CMakeFiles/Pico4DeskUp.dir/C_/Users/downy/.pico-sdk/sdk/2.2.0/src/rp2_common/hardware_i2c/i2c.c.obj
                0x10003e4c                i2c_init
 .text.i2c_write_blocking
                0x10003ea0       0x18 CMakeFiles/Pico4DeskUp.dir/C_/Users/downy/.pico-sdk/sdk/2.2.0/src/rp2_common/hardware_i2c/i2c.c.obj
                0x10003ea0                i2c_write_blocking
 .text.atoi     0x10003eb8        0xc C:/Users/downy/.pico-sdk/toolchain/14_2_Rel1/bin/../lib/gcc/arm-none-eabi/14.2.1/thumb/v6-m/nofp\libg.a(libc_a-atoi.o)
                0x10003eb8                atoi
 .text._strtol_l.isra.0
                0x10003ec4      0x158 C:/Users/downy/.pico-sdk/toolchain/14_2_Rel1/bin/../lib/gcc/arm-none-eabi/14.2.1/thumb/v6-m/nofp\libg.a(libc_a-strtol.o)
 .text.strtol   0x1000401c       0x18 C:/Users/downy/.pico-sdk/toolchain/14_2_Rel1/bin/../lib/gcc/arm-none-eabi/14.2.1/thumb/v6-m/nofp\libg.a(libc_a-strtol.o)
                0x1000401c                strtol
 .text.strncmp  0x10004034       0x68 C:/Users/downy/.pico-sdk/toolchain/14_2_Rel1/bin/../lib/gcc/arm-none-eabi/14.2.1/thumb/v6-m/nofp\libg.a(libc_a-strncmp.o)
                0x10004034                strncmp
 .text.__errno  0x1000409c        0xc C:/Users/downy/.pico-sdk/toolchain/14_2_Rel1/bin/../lib/gcc/arm-none-eabi/14.2.1/thumb/v6-m/nofp\libg.a(libc_a-errno.o)
                0x1000409c                __errno
 .text.strlen   0x100040a8       0x5c C:/Users/downy/.pico-sdk/toolchain/14_2_Rel1/bin/../lib/gcc/arm-none-eabi/14.2.1/thumb/v6-m/nofp\libg.a(libc_a-strlen-stub.o)
                0x100040a8                strlen
 *(.fini)
 .fini          0x10004104        0x4 C:/Users/downy/.pico-sdk/toolchain/14_2_Rel1/bin/../lib/gcc/arm-none-eabi/14.2.1/thumb/v6-m/nofp/crti.o
                0x10004104                _fini
 .fini.__stub   0x10004108       0x40 linker stubs
 *crtbegin.o(.ctors)
 *crtbegin?.o(.ctors)
 *(EXCLUDE_FILE(*crtend.o *crtend?.o) .ctors)
 *(SORT_BY_NAME(.ctors.*))
 *(.ctors)
 *crtbegin.o(.dtors)
 *crtbegin?.o(.dtors)
 *(EXCLUDE_FILE(*crtend.o *crtend?.o) .dtors)
 *(SORT_BY_NAME(.dtors.*))
 *(.dtors)
                0x10004148                        . = ALIGN (0x4)
                0x10004148                        PROVIDE (__preinit_array_start = .)
 *(SORT_BY_NAME(.preinit_array.*))
 .preinit_array.00100
                0x10004148        0x4 CMakeFiles/Pico4DeskUp.dir/C_/Users/downy/.pico-sdk/sdk/2.2.0/src/rp2_common/pico_runtime_init/runtime_init.c.obj
                0x10004148                __pre_init_runtime_init_early_resets
 .preinit_array.00101
                0x1000414c        0x4 CMakeFiles/Pico4DeskUp.dir/C_/Users/downy/.pico-sdk/sdk/2.2.0/src/rp2_common/pico_runtime_init/runtime_init.c.obj
                0x1000414c                __pre_init_runtime_init_usb_power_down
 .preinit_array.00275
                0x10004150        0x4 CMakeFiles/Pico4DeskUp.dir/C_/Users/downy/.pico-sdk/sdk/2.2.0/src/rp2_common/pico_bit_ops/bit_ops_aeabi.S.obj
 .preinit_array.00300
                0x10004154        0x4 CMakeFiles/Pico4DeskUp.dir/C_/Users/downy/.pico-sdk/sdk/2.2.0/src/rp2_common/pico_mem_ops/mem_ops_aeabi.S.obj
 .preinit_array.00350
                0x10004158        0x4 CMakeFiles/Pico4DeskUp.dir/C_/Users/downy/.pico-sdk/sdk/2.2.0/src/rp2_common/pico_double/double_aeabi_rp2040.S.obj
 .preinit_array.00350
                0x1000415c        0x4 CMakeFiles/Pico4DeskUp.dir/C_/Users/downy/.pico-sdk/sdk/2.2.0/src/rp2_common/pico_float/float_aeabi_rp2040.S.obj
 .preinit_array.00500
                0x10004160        0x4 CMakeFiles/Pico4DeskUp.dir/C_/Users/downy/.pico-sdk/sdk/2.2.0/src/rp2_common/pico_runtime_init/runtime_init.c.obj
                0x10004160                __pre_init_runtime_init_clocks
 .preinit_array.00600
                0x10004164        0x4 CMakeFiles/Pico4DeskUp.dir/C_/Users/downy/.pico-sdk/sdk/2.2.0/src/rp2_common/pico_runtime_init/runtime_init.c.obj
                0x10004164                __pre_init_runtime_init_post_clock_resets
 .preinit_array.00700
                0x10004168        0x4 CMakeFiles/Pico4DeskUp.dir/C_/Users/downy/.pico-sdk/sdk/2.2.0/src/rp2_common/pico_runtime_init/runtime_init.c.obj
                0x10004168                __pre_init_runtime_init_rp2040_gpio_ie_disable
 .preinit_array.01000
                0x1000416c        0x4 CMakeFiles/Pico4DeskUp.dir/C_/Users/downy/.pico-sdk/sdk/2.2.0/src/rp2_common/pico_runtime_init/runtime_init.c.obj
                0x1000416c                __pre_init_runtime_init_spin_locks_reset
 .preinit_array.01100
                0x10004170        0x4 CMakeFiles/Pico4DeskUp.dir/C_/Users/downy/.pico-sdk/sdk/2.2.0/src/common/pico_sync/mutex.c.obj
                0x10004170                __pre_init_runtime_init_mutex
 .preinit_array.10080
                0x10004174        0x4 CMakeFiles/Pico4DeskUp.dir/C_/Users/downy/.pico-sdk/sdk/2.2.0/src/rp2_common/pico_runtime_init/runtime_init.c.obj
                0x10004174                __pre_init_runtime_init_install_ram_vector_table
 .preinit_array.11000
                0x10004178        0x4 CMakeFiles/Pico4DeskUp.dir/C_/Users/downy/.pico-sdk/sdk/2.2.0/src/common/pico_time/time.c.obj
                0x10004178                __pre_init_runtime_init_default_alarm_pool
 .preinit_array.YYYYY
                0x1000417c        0x4 CMakeFiles/Pico4DeskUp.dir/C_/Users/downy/.pico-sdk/sdk/2.2.0/src/rp2_common/pico_runtime/runtime.c.obj
                0x1000417c                __pre_init_first_per_core_initializer
 .preinit_array.ZZZZZ.01200
                0x10004180        0x4 CMakeFiles/Pico4DeskUp.dir/C_/Users/downy/.pico-sdk/sdk/2.2.0/src/rp2_common/hardware_irq/irq.c.obj
                0x10004180                __pre_init_runtime_init_per_core_irq_priorities
 *(.preinit_array)
                0x10004184                        PROVIDE (__preinit_array_end = .)
                0x10004184                        . = ALIGN (0x4)
                0x10004184                        PROVIDE (__init_array_start = .)
 *(SORT_BY_NAME(.init_array.*))
 *(.init_array)
 .init_array    0x10004184        0x4 C:/Users/downy/.pico-sdk/toolchain/14_2_Rel1/bin/../lib/gcc/arm-none-eabi/14.2.1/thumb/v6-m/nofp/crtbegin.o
                0x10004188                        PROVIDE (__init_array_end = .)
                0x10004188                        . = ALIGN (0x4)
                [!provide]                        PROVIDE (__fini_array_start = .)
 *(SORT_BY_NAME(.fini_array.*))
 *(.fini_array)
                [!provide]                        PROVIDE (__fini_array_end = .)
 *(.eh_frame*)
 .eh_frame      0x10004188        0x0 C:/Users/downy/.pico-sdk/toolchain/14_2_Rel1/bin/../lib/gcc/arm-none-eabi/14.2.1/thumb/v6-m/nofp/crtbegin.o
                0x10004188                        . = ALIGN (0x4)

.glue_7         0x10004188        0x0
 .glue_7        0x10004188        0x0 linker stubs

.glue_7t        0x10004188        0x0
 .glue_7t       0x10004188        0x0 linker stubs

.vfp11_veneer   0x10004188        0x0
 .vfp11_veneer  0x10004188        0x0 linker stubs

.v4_bx          0x10004188        0x0
 .v4_bx         0x10004188        0x0 linker stubs

.iplt           0x10004188        0x0
 .iplt          0x10004188        0x0 C:/Users/downy/.pico-sdk/toolchain/14_2_Rel1/bin/../lib/gcc/arm-none-eabi/14.2.1/thumb/v6-m/nofp/crtbegin.o

.rodata         0x10004188      0xe40
 *(EXCLUDE_FILE(*libm.a: *libc.a:*lib_a-mem*.o *libgcc.a:) .rodata*)
 .rodata.main.str1.4
                0x10004188      0x79d CMakeFiles/Pico4DeskUp.dir/Pico4DeskUp.cpp.obj
                                 0x77 (size before relaxing)
 .rodata._ZN11OLEDDisplay13displayHeightEi.str1.4
                0x10004925        0xe CMakeFiles/Pico4DeskUp.dir/OLEDDisplay.cpp.obj
 *fill*         0x10004925        0x3 
 .rodata._ZL7font5x8
                0x10004928      0x1e0 CMakeFiles/Pico4DeskUp.dir/OLEDDisplay.cpp.obj
 .rodata        0x10004b08       0x21 CMakeFiles/Pico4DeskUp.dir/OLEDDisplay.cpp.obj
 .rodata._ZN7DeskAPI4initEv.str1.4
                0x10004b29       0x2a CMakeFiles/Pico4DeskUp.dir/DeskAPI.cpp.obj
 .rodata._ZN7DeskAPI12parseMessageEPKc.str1.4
                0x10004b29       0x53 CMakeFiles/Pico4DeskUp.dir/DeskAPI.cpp.obj
 .rodata.panic.str1.4
                0x10004b29       0x12 CMakeFiles/Pico4DeskUp.dir/C_/Users/downy/.pico-sdk/sdk/2.2.0/src/rp2_common/pico_platform_panic/panic.c.obj
 .rodata.resolve_j_16.str1.4
                0x10004b29       0x5d CMakeFiles/Pico4DeskUp.dir/C_/Users/downy/.pico-sdk/sdk/2.2.0/src/rp2_common/hardware_irq/irq.c.obj
 .rodata.make_j_16.str1.4
                0x10004b29       0x30 CMakeFiles/Pico4DeskUp.dir/C_/Users/downy/.pico-sdk/sdk/2.2.0/src/rp2_common/hardware_irq/irq.c.obj
 .rodata.insert_bl_32.str1.4
                0x10004b29       0x10 CMakeFiles/Pico4DeskUp.dir/C_/Users/downy/.pico-sdk/sdk/2.2.0/src/rp2_common/hardware_irq/irq.c.obj
 .rodata.irq_set_exclusive_handler.str1.4
                0x10004b29       0x36 CMakeFiles/Pico4DeskUp.dir/C_/Users/downy/.pico-sdk/sdk/2.2.0/src/rp2_common/hardware_irq/irq.c.obj
 .rodata.irq_remove_handler.str1.4
                0x10004b29       0x3a CMakeFiles/Pico4DeskUp.dir/C_/Users/downy/.pico-sdk/sdk/2.2.0/src/rp2_common/hardware_irq/irq.c.obj
 .rodata.irq_add_tail_to_free_list.str1.4
                0x10004b29       0x3a CMakeFiles/Pico4DeskUp.dir/C_/Users/downy/.pico-sdk/sdk/2.2.0/src/rp2_common/hardware_irq/irq.c.obj
 *fill*         0x10004b29        0x3 
 .rodata.__func__.0
                0x10004b2c       0x1a CMakeFiles/Pico4DeskUp.dir/C_/Users/downy/.pico-sdk/sdk/2.2.0/src/rp2_common/hardware_irq/irq.c.obj
 *fill*         0x10004b46        0x2 
 .rodata.__func__.1
                0x10004b48        0xd CMakeFiles/Pico4DeskUp.dir/C_/Users/downy/.pico-sdk/sdk/2.2.0/src/rp2_common/hardware_irq/irq.c.obj
 *fill*         0x10004b55        0x3 
 .rodata.__func__.2
                0x10004b58       0x13 CMakeFiles/Pico4DeskUp.dir/C_/Users/downy/.pico-sdk/sdk/2.2.0/src/rp2_common/hardware_irq/irq.c.obj
 *fill*         0x10004b6b        0x1 
 .rodata.__func__.3
                0x10004b6c        0xa CMakeFiles/Pico4DeskUp.dir/C_/Users/downy/.pico-sdk/sdk/2.2.0/src/rp2_common/hardware_irq/irq.c.obj
 *fill*         0x10004b76        0x2 
 .rodata.__func__.4
                0x10004b78        0xd CMakeFiles/Pico4DeskUp.dir/C_/Users/downy/.pico-sdk/sdk/2.2.0/src/rp2_common/hardware_irq/irq.c.obj
 *fill*         0x10004b85        0x3 
 .rodata.__func__.6
                0x10004b88       0x1a CMakeFiles/Pico4DeskUp.dir/C_/Users/downy/.pico-sdk/sdk/2.2.0/src/rp2_common/hardware_irq/irq.c.obj
 .rodata.runtime_init_mutex.str1.4
                0x10004ba2       0x60 CMakeFiles/Pico4DeskUp.dir/C_/Users/downy/.pico-sdk/sdk/2.2.0/src/common/pico_sync/mutex.c.obj
 .rodata.str1.4
                0x10004ba2       0x51 CMakeFiles/Pico4DeskUp.dir/C_/Users/downy/.pico-sdk/sdk/2.2.0/src/common/pico_sync/mutex.c.obj
 *fill*         0x10004ba2        0x2 
 .rodata.__func__.1
                0x10004ba4        0xb CMakeFiles/Pico4DeskUp.dir/C_/Users/downy/.pico-sdk/sdk/2.2.0/src/common/pico_sync/mutex.c.obj
 *fill*         0x10004baf        0x1 
 .rodata.__func__.3
                0x10004bb0       0x18 CMakeFiles/Pico4DeskUp.dir/C_/Users/downy/.pico-sdk/sdk/2.2.0/src/common/pico_sync/mutex.c.obj
 .rodata.__func__.6
                0x10004bc8       0x13 CMakeFiles/Pico4DeskUp.dir/C_/Users/downy/.pico-sdk/sdk/2.2.0/src/common/pico_sync/mutex.c.obj
 .rodata.alarm_pool_irq_handler.str1.4
                0x10004bdb       0x6b CMakeFiles/Pico4DeskUp.dir/C_/Users/downy/.pico-sdk/sdk/2.2.0/src/common/pico_time/time.c.obj
 .rodata.alarm_pool_get_default.str1.4
                0x10004bdb       0x21 CMakeFiles/Pico4DeskUp.dir/C_/Users/downy/.pico-sdk/sdk/2.2.0/src/common/pico_time/time.c.obj
 .rodata.sleep_until.str1.4
                0x10004bdb       0x4d CMakeFiles/Pico4DeskUp.dir/C_/Users/downy/.pico-sdk/sdk/2.2.0/src/common/pico_time/time.c.obj
 *fill*         0x10004bdb        0x1 
 .rodata.__func__.1
                0x10004bdc       0x17 CMakeFiles/Pico4DeskUp.dir/C_/Users/downy/.pico-sdk/sdk/2.2.0/src/common/pico_time/time.c.obj
 *fill*         0x10004bf3        0x1 
 .rodata.__func__.2
                0x10004bf4       0x17 CMakeFiles/Pico4DeskUp.dir/C_/Users/downy/.pico-sdk/sdk/2.2.0/src/common/pico_time/time.c.obj
 .rodata.timer_hardware_alarm_claim.str1.4
                0x10004c0b       0x22 CMakeFiles/Pico4DeskUp.dir/C_/Users/downy/.pico-sdk/sdk/2.2.0/src/rp2_common/hardware_timer/timer.c.obj
 .rodata.pll_init.str1.4
                0x10004c0b      0x11c CMakeFiles/Pico4DeskUp.dir/C_/Users/downy/.pico-sdk/sdk/2.2.0/src/rp2_common/hardware_pll/pll.c.obj
 *fill*         0x10004c0b        0x1 
 .rodata.__func__.0
                0x10004c0c        0x9 CMakeFiles/Pico4DeskUp.dir/C_/Users/downy/.pico-sdk/sdk/2.2.0/src/rp2_common/hardware_pll/pll.c.obj
 .rodata.missing_double_func_shim.str1.4
                0x10004c15       0x18 CMakeFiles/Pico4DeskUp.dir/C_/Users/downy/.pico-sdk/sdk/2.2.0/src/rp2_common/pico_double/double_init_rom_rp2040.c.obj
 .rodata.__aeabi_double_init.str1.4
                0x10004c15       0x9b CMakeFiles/Pico4DeskUp.dir/C_/Users/downy/.pico-sdk/sdk/2.2.0/src/rp2_common/pico_double/double_init_rom_rp2040.c.obj
 *fill*         0x10004c15        0x3 
 .rodata.__func__.0
                0x10004c18       0x14 CMakeFiles/Pico4DeskUp.dir/C_/Users/downy/.pico-sdk/sdk/2.2.0/src/rp2_common/pico_double/double_init_rom_rp2040.c.obj
 .rodata.missing_float_func_shim.str1.4
                0x10004c2c        0x1 CMakeFiles/Pico4DeskUp.dir/C_/Users/downy/.pico-sdk/sdk/2.2.0/src/rp2_common/pico_float/float_init_rom_rp2040.c.obj
 .rodata.__aeabi_float_init.str1.4
                0x10004c2c       0x89 CMakeFiles/Pico4DeskUp.dir/C_/Users/downy/.pico-sdk/sdk/2.2.0/src/rp2_common/pico_float/float_init_rom_rp2040.c.obj
 .rodata.__func__.0
                0x10004c2c       0x13 CMakeFiles/Pico4DeskUp.dir/C_/Users/downy/.pico-sdk/sdk/2.2.0/src/rp2_common/pico_float/float_init_rom_rp2040.c.obj
 .rodata.str1.4
                0x10004c3f       0x44 CMakeFiles/Pico4DeskUp.dir/C_/Users/downy/.pico-sdk/sdk/2.2.0/src/rp2_common/pico_standard_binary_info/standard_binary_info.c.obj
 *fill*         0x10004c3f        0x1 
 .rodata.__bi_84
                0x10004c40        0xc CMakeFiles/Pico4DeskUp.dir/C_/Users/downy/.pico-sdk/sdk/2.2.0/src/rp2_common/pico_standard_binary_info/standard_binary_info.c.obj
 .rodata.__bi_78
                0x10004c4c        0xc CMakeFiles/Pico4DeskUp.dir/C_/Users/downy/.pico-sdk/sdk/2.2.0/src/rp2_common/pico_standard_binary_info/standard_binary_info.c.obj
 .rodata.__bi_60
                0x10004c58        0xc CMakeFiles/Pico4DeskUp.dir/C_/Users/downy/.pico-sdk/sdk/2.2.0/src/rp2_common/pico_standard_binary_info/standard_binary_info.c.obj
 .rodata.__bi_54
                0x10004c64        0xc CMakeFiles/Pico4DeskUp.dir/C_/Users/downy/.pico-sdk/sdk/2.2.0/src/rp2_common/pico_standard_binary_info/standard_binary_info.c.obj
 .rodata.__bi_48
                0x10004c70        0xc CMakeFiles/Pico4DeskUp.dir/C_/Users/downy/.pico-sdk/sdk/2.2.0/src/rp2_common/pico_standard_binary_info/standard_binary_info.c.obj
 .rodata.__bi_42
                0x10004c7c        0xc CMakeFiles/Pico4DeskUp.dir/C_/Users/downy/.pico-sdk/sdk/2.2.0/src/rp2_common/pico_standard_binary_info/standard_binary_info.c.obj
 .rodata.__bi_34
                0x10004c88        0xc CMakeFiles/Pico4DeskUp.dir/C_/Users/downy/.pico-sdk/sdk/2.2.0/src/rp2_common/pico_standard_binary_info/standard_binary_info.c.obj
 .rodata.__bi_26
                0x10004c94        0xc CMakeFiles/Pico4DeskUp.dir/C_/Users/downy/.pico-sdk/sdk/2.2.0/src/rp2_common/pico_standard_binary_info/standard_binary_info.c.obj
 .rodata._ftoa.str1.4
                0x10004ca0       0x15 CMakeFiles/Pico4DeskUp.dir/C_/Users/downy/.pico-sdk/sdk/2.2.0/src/rp2_common/pico_printf/printf.c.obj
 .rodata._vsnprintf
                0x10004ca0      0x19c CMakeFiles/Pico4DeskUp.dir/C_/Users/downy/.pico-sdk/sdk/2.2.0/src/rp2_common/pico_printf/printf.c.obj
 *fill*         0x10004e3c        0x4 
 .rodata.pow10.0
                0x10004e40       0x50 CMakeFiles/Pico4DeskUp.dir/C_/Users/downy/.pico-sdk/sdk/2.2.0/src/rp2_common/pico_printf/printf.c.obj
 .rodata.__assert_func.str1.4
                0x10004e90       0x43 CMakeFiles/Pico4DeskUp.dir/C_/Users/downy/.pico-sdk/sdk/2.2.0/src/rp2_common/pico_clib_interface/newlib_interface.c.obj
 .rodata.crlf_str.0
                0x10004e90        0x2 CMakeFiles/Pico4DeskUp.dir/C_/Users/downy/.pico-sdk/sdk/2.2.0/src/rp2_common/pico_stdio/stdio.c.obj
 .rodata.str1.4
                0x10004e92       0x2c CMakeFiles/Pico4DeskUp.dir/C_/Users/downy/.pico-sdk/sdk/2.2.0/src/rp2_common/pico_stdio_uart/stdio_uart.c.obj
 *fill*         0x10004e92        0x2 
 .rodata.__bi_45.4
                0x10004e94        0xc CMakeFiles/Pico4DeskUp.dir/C_/Users/downy/.pico-sdk/sdk/2.2.0/src/rp2_common/pico_stdio_uart/stdio_uart.c.obj
 .rodata.__bi_49.5
                0x10004ea0        0x8 CMakeFiles/Pico4DeskUp.dir/C_/Users/downy/.pico-sdk/sdk/2.2.0/src/rp2_common/pico_stdio_uart/stdio_uart.c.obj
 .rodata.__bi_50.6
                0x10004ea8        0x8 CMakeFiles/Pico4DeskUp.dir/C_/Users/downy/.pico-sdk/sdk/2.2.0/src/rp2_common/pico_stdio_uart/stdio_uart.c.obj
 .rodata.i2c_set_baudrate.str1.4
                0x10004eb0       0x65 CMakeFiles/Pico4DeskUp.dir/C_/Users/downy/.pico-sdk/sdk/2.2.0/src/rp2_common/hardware_i2c/i2c.c.obj
 .rodata.__func__.0
                0x10004eb0       0x11 CMakeFiles/Pico4DeskUp.dir/C_/Users/downy/.pico-sdk/sdk/2.2.0/src/rp2_common/hardware_i2c/i2c.c.obj
 *fill*         0x10004ec1        0x3 
 .rodata._ctype_
                0x10004ec4      0x101 C:/Users/downy/.pico-sdk/toolchain/14_2_Rel1/bin/../lib/gcc/arm-none-eabi/14.2.1/thumb/v6-m/nofp\libg.a(libc_a-ctype_.o)
                0x10004ec4                _ctype_
                0x10004fc8                        . = ALIGN (0x4)
 *fill*         0x10004fc5        0x3 
 *(SORT_BY_ALIGNMENT(SORT_BY_NAME(.flashdata*)))
                0x10004fc8                        . = ALIGN (0x4)

.ARM.extab
 *(.ARM.extab* .gnu.linkonce.armextab.*)
                0x10004fc8                        __exidx_start = .

.ARM.exidx
 *(.ARM.exidx* .gnu.linkonce.armexidx.*)
                0x10004fc8                        __exidx_end = .
                0x10004fc8                        . = ALIGN (0x4)
                0x10004fc8                        __binary_info_start = .

.binary_info    0x10004fc8       0x2c
 *(.binary_info.keep.*)
 .binary_info.keep.__bi_ptr84
                0x10004fc8        0x4 CMakeFiles/Pico4DeskUp.dir/C_/Users/downy/.pico-sdk/sdk/2.2.0/src/rp2_common/pico_standard_binary_info/standard_binary_info.c.obj
 .binary_info.keep.__bi_ptr78
                0x10004fcc        0x4 CMakeFiles/Pico4DeskUp.dir/C_/Users/downy/.pico-sdk/sdk/2.2.0/src/rp2_common/pico_standard_binary_info/standard_binary_info.c.obj
 .binary_info.keep.__bi_ptr60
                0x10004fd0        0x4 CMakeFiles/Pico4DeskUp.dir/C_/Users/downy/.pico-sdk/sdk/2.2.0/src/rp2_common/pico_standard_binary_info/standard_binary_info.c.obj
 .binary_info.keep.__bi_ptr54
                0x10004fd4        0x4 CMakeFiles/Pico4DeskUp.dir/C_/Users/downy/.pico-sdk/sdk/2.2.0/src/rp2_common/pico_standard_binary_info/standard_binary_info.c.obj
 .binary_info.keep.__bi_ptr48
                0x10004fd8        0x4 CMakeFiles/Pico4DeskUp.dir/C_/Users/downy/.pico-sdk/sdk/2.2.0/src/rp2_common/pico_standard_binary_info/standard_binary_info.c.obj
 .binary_info.keep.__bi_ptr42
                0x10004fdc        0x4 CMakeFiles/Pico4DeskUp.dir/C_/Users/downy/.pico-sdk/sdk/2.2.0/src/rp2_common/pico_standard_binary_info/standard_binary_info.c.obj
 .binary_info.keep.__bi_ptr34
                0x10004fe0        0x4 CMakeFiles/Pico4DeskUp.dir/C_/Users/downy/.pico-sdk/sdk/2.2.0/src/rp2_common/pico_standard_binary_info/standard_binary_info.c.obj
 .binary_info.keep.__bi_ptr26
                0x10004fe4        0x4 CMakeFiles/Pico4DeskUp.dir/C_/Users/downy/.pico-sdk/sdk/2.2.0/src/rp2_common/pico_standard_binary_info/standard_binary_info.c.obj
 *(.binary_info.*)
 .binary_info.__bi_ptr50
                0x10004fe8        0x4 CMakeFiles/Pico4DeskUp.dir/C_/Users/downy/.pico-sdk/sdk/2.2.0/src/rp2_common/pico_stdio_uart/stdio_uart.c.obj
 .binary_info.__bi_ptr49
                0x10004fec        0x4 CMakeFiles/Pico4DeskUp.dir/C_/Users/downy/.pico-sdk/sdk/2.2.0/src/rp2_common/pico_stdio_uart/stdio_uart.c.obj
 .binary_info.__bi_ptr45
                0x10004ff0        0x4 CMakeFiles/Pico4DeskUp.dir/C_/Users/downy/.pico-sdk/sdk/2.2.0/src/rp2_common/pico_stdio_uart/stdio_uart.c.obj
                0x10004ff4                        __binary_info_end = .
                0x10004ff4                        . = ALIGN (0x4)

.ram_vector_table
                0x20000000       0xc0
 *(.ram_vector_table)
 .ram_vector_table
                0x20000000       0xc0 CMakeFiles/Pico4DeskUp.dir/C_/Users/downy/.pico-sdk/sdk/2.2.0/src/rp2_common/pico_runtime_init/runtime_init.c.obj
                0x20000000                ram_vector_table

.uninitialized_data
                0x200000c0        0x0
                0x200000c0                        . = ALIGN (0x4)
 *(.uninitialized_data*)

.data           0x200000c0      0x380 load address 0x10004ff4
                0x200000c0                        __data_start__ = .
 *(vtable)
 *(.time_critical*)
 .time_critical.mutex_try_enter
                0x200000c0       0x48 CMakeFiles/Pico4DeskUp.dir/C_/Users/downy/.pico-sdk/sdk/2.2.0/src/common/pico_sync/mutex.c.obj
                0x200000c0                mutex_try_enter
 .time_critical.mutex_enter_block_until
                0x20000108       0x90 CMakeFiles/Pico4DeskUp.dir/C_/Users/downy/.pico-sdk/sdk/2.2.0/src/common/pico_sync/mutex.c.obj
                0x20000108                mutex_enter_block_until
 .time_critical.mutex_try_enter_block_until
                0x20000198       0x34 CMakeFiles/Pico4DeskUp.dir/C_/Users/downy/.pico-sdk/sdk/2.2.0/src/common/pico_sync/mutex.c.obj
                0x20000198                mutex_try_enter_block_until
 .time_critical.mutex_exit
                0x200001cc       0x4c CMakeFiles/Pico4DeskUp.dir/C_/Users/downy/.pico-sdk/sdk/2.2.0/src/common/pico_sync/mutex.c.obj
                0x200001cc                mutex_exit
 *(.text*)
 .text          0x20000218        0x4 C:/Users/downy/.pico-sdk/toolchain/14_2_Rel1/bin/../lib/gcc/arm-none-eabi/14.2.1/thumb/v6-m/nofp\libgcc.a(_dvmd_tls.o)
                0x20000218                __aeabi_idiv0
                0x20000218                __aeabi_ldiv0
 *fill*         0x2000021c        0x4 
 .text.__stub   0x20000220       0x20 linker stubs
                0x20000240                        . = ALIGN (0x4)
 *(.rodata*)
                0x20000240                        . = ALIGN (0x4)
 *(.data*)
 .data.striped_spin_lock_num
                0x20000240        0x1 CMakeFiles/Pico4DeskUp.dir/C_/Users/downy/.pico-sdk/sdk/2.2.0/src/rp2_common/hardware_sync/sync.c.obj
 *fill*         0x20000241        0x3 
 .data          0x20000244       0x48 CMakeFiles/Pico4DeskUp.dir/C_/Users/downy/.pico-sdk/sdk/2.2.0/src/rp2_common/hardware_irq/irq_handler_chain.S.obj
                0x20000244                irq_handler_chain_slots
                0x20000274                irq_handler_chain_first_slot
                0x2000027e                irq_handler_chain_remove_tail
 .data.default_alarm_pool
                0x2000028c       0x18 CMakeFiles/Pico4DeskUp.dir/C_/Users/downy/.pico-sdk/sdk/2.2.0/src/common/pico_time/time.c.obj
 *fill*         0x200002a4        0xc 
 .data.aeabi_bits_funcs
                0x200002b0       0x10 CMakeFiles/Pico4DeskUp.dir/C_/Users/downy/.pico-sdk/sdk/2.2.0/src/rp2_common/pico_bit_ops/bit_ops_aeabi.S.obj
                0x200002b0                aeabi_bits_funcs
                0x200002c0                aeabi_bits_funcs_end
 .data.aeabi_mem_funcs
                0x200002c0       0x10 CMakeFiles/Pico4DeskUp.dir/C_/Users/downy/.pico-sdk/sdk/2.2.0/src/rp2_common/pico_mem_ops/mem_ops_aeabi.S.obj
                0x200002c0                aeabi_mem_funcs
                0x200002d0                aeabi_mem_funcs_end
 .data.stdio_uart
                0x200002d0       0x18 CMakeFiles/Pico4DeskUp.dir/C_/Users/downy/.pico-sdk/sdk/2.2.0/src/rp2_common/pico_stdio_uart/stdio_uart.c.obj
                0x200002d0                stdio_uart
 .data.i2c0_inst
                0x200002e8        0x8 CMakeFiles/Pico4DeskUp.dir/C_/Users/downy/.pico-sdk/sdk/2.2.0/src/rp2_common/hardware_i2c/i2c.c.obj
                0x200002e8                i2c0_inst
 .data._impure_ptr
                0x200002f0        0x4 C:/Users/downy/.pico-sdk/toolchain/14_2_Rel1/bin/../lib/gcc/arm-none-eabi/14.2.1/thumb/v6-m/nofp\libg.a(libc_a-impure.o)
                0x200002f0                _impure_ptr
 *fill*         0x200002f4        0x4 
 .data._impure_data
                0x200002f8      0x140 C:/Users/downy/.pico-sdk/toolchain/14_2_Rel1/bin/../lib/gcc/arm-none-eabi/14.2.1/thumb/v6-m/nofp\libg.a(libc_a-impure.o)
                0x200002f8                _impure_data
                0x20000438                        . = ALIGN (0x4)
 *(.after_data.*)
                0x20000438                        . = ALIGN (0x4)
                0x20000438                        PROVIDE (__mutex_array_start = .)
 *(SORT_BY_NAME(.mutex_array.*))
 *(.mutex_array)
 .mutex_array   0x20000438        0x8 CMakeFiles/Pico4DeskUp.dir/C_/Users/downy/.pico-sdk/sdk/2.2.0/src/rp2_common/pico_stdio/stdio.c.obj
                0x20000440                        PROVIDE (__mutex_array_end = .)
                0x20000440                        . = ALIGN (0x4)
 *(.jcr)
                0x20000440                        . = ALIGN (0x4)

.tm_clone_table
                0x20000440        0x0 load address 0x10005374
 .tm_clone_table
                0x20000440        0x0 C:/Users/downy/.pico-sdk/toolchain/14_2_Rel1/bin/../lib/gcc/arm-none-eabi/14.2.1/thumb/v6-m/nofp/crtbegin.o
 .tm_clone_table
                0x20000440        0x0 C:/Users/downy/.pico-sdk/toolchain/14_2_Rel1/bin/../lib/gcc/arm-none-eabi/14.2.1/thumb/v6-m/nofp/crtend.o

.igot.plt       0x20000440        0x0 load address 0x10005374
 .igot.plt      0x20000440        0x0 C:/Users/downy/.pico-sdk/toolchain/14_2_Rel1/bin/../lib/gcc/arm-none-eabi/14.2.1/thumb/v6-m/nofp/crtbegin.o

.tdata          0x20000440        0x0 load address 0x10005374
                0x20000440                        . = ALIGN (0x4)
 *(.tdata .tdata.* .gnu.linkonce.td.*)
                0x20000440                        __tdata_end = .
                0x20000440                        PROVIDE (__data_end__ = .)
                0x10004ff4                        __etext = LOADADDR (.data)

.tbss           0x20000440        0x0 load address 0x10005374
                0x20000440                        . = ALIGN (0x4)
                0x20000440                        __bss_start__ = .
                0x20000440                        __tls_base = .
 *(.tbss .tbss.* .gnu.linkonce.tb.*)
 *(.tcommon)
                0x20000440                        __tls_end = .

.bss            0x20000440      0x530 load address 0x10005374
                0x20000440                        . = ALIGN (0x4)
                0x20000440                        __tbss_end = .
 *(SORT_BY_ALIGNMENT(SORT_BY_NAME(.bss*)))
 .bss.default_alarm_pool_entries
                0x20000440      0x180 CMakeFiles/Pico4DeskUp.dir/C_/Users/downy/.pico-sdk/sdk/2.2.0/src/common/pico_time/time.c.obj
 .bss.__sf      0x200005c0      0x138 C:/Users/downy/.pico-sdk/toolchain/14_2_Rel1/bin/../lib/gcc/arm-none-eabi/14.2.1/thumb/v6-m/nofp\libg.a(libc_a-findfp.o)
                0x200005c0                __sf
 .bss.chars_available_callback
                0x200006f8        0x4 CMakeFiles/Pico4DeskUp.dir/C_/Users/downy/.pico-sdk/sdk/2.2.0/src/rp2_common/pico_stdio_uart/stdio_uart.c.obj
 .bss.chars_available_param
                0x200006fc        0x4 CMakeFiles/Pico4DeskUp.dir/C_/Users/downy/.pico-sdk/sdk/2.2.0/src/rp2_common/pico_stdio_uart/stdio_uart.c.obj
 .bss.claimed   0x20000700        0x1 CMakeFiles/Pico4DeskUp.dir/C_/Users/downy/.pico-sdk/sdk/2.2.0/src/rp2_common/hardware_timer/timer.c.obj
 *fill*         0x20000701        0x3 
 .bss.configured_freq
                0x20000704       0x28 CMakeFiles/Pico4DeskUp.dir/C_/Users/downy/.pico-sdk/sdk/2.2.0/src/rp2_common/hardware_clocks/clocks.c.obj
 .bss.drivers   0x2000072c        0x4 CMakeFiles/Pico4DeskUp.dir/C_/Users/downy/.pico-sdk/sdk/2.2.0/src/rp2_common/pico_stdio/stdio.c.obj
 .bss.filter    0x20000730        0x4 CMakeFiles/Pico4DeskUp.dir/C_/Users/downy/.pico-sdk/sdk/2.2.0/src/rp2_common/pico_stdio/stdio.c.obj
 .bss.object.0  0x20000734       0x18 C:/Users/downy/.pico-sdk/toolchain/14_2_Rel1/bin/../lib/gcc/arm-none-eabi/14.2.1/thumb/v6-m/nofp/crtbegin.o
 .bss.pools     0x2000074c       0x10 CMakeFiles/Pico4DeskUp.dir/C_/Users/downy/.pico-sdk/sdk/2.2.0/src/common/pico_time/time.c.obj
 .bss.sd_table  0x2000075c      0x100 CMakeFiles/Pico4DeskUp.dir/C_/Users/downy/.pico-sdk/sdk/2.2.0/src/rp2_common/pico_double/double_init_rom_rp2040.c.obj
                0x2000075c                sd_table
 .bss.sf_clz_func
                0x2000085c        0x4 CMakeFiles/Pico4DeskUp.dir/C_/Users/downy/.pico-sdk/sdk/2.2.0/src/rp2_common/pico_double/double_init_rom_rp2040.c.obj
                0x2000085c                sf_clz_func
 .bss.sf_table  0x20000860      0x100 CMakeFiles/Pico4DeskUp.dir/C_/Users/downy/.pico-sdk/sdk/2.2.0/src/rp2_common/pico_float/float_init_rom_rp2040.c.obj
                0x20000860                sf_table
 .bss.sleep_notifier
                0x20000960        0x4 CMakeFiles/Pico4DeskUp.dir/C_/Users/downy/.pico-sdk/sdk/2.2.0/src/common/pico_time/time.c.obj
 .bss.uart_char_to_line_feed
                0x20000964        0x4 CMakeFiles/Pico4DeskUp.dir/C_/Users/downy/.pico-sdk/sdk/2.2.0/src/rp2_common/hardware_uart/uart.c.obj
                0x20000964                uart_char_to_line_feed
 .bss.uart_instance
                0x20000968        0x4 CMakeFiles/Pico4DeskUp.dir/C_/Users/downy/.pico-sdk/sdk/2.2.0/src/rp2_common/pico_stdio_uart/stdio_uart.c.obj
 .bss.irq_handler_chain_free_slot_head
                0x2000096c        0x1 CMakeFiles/Pico4DeskUp.dir/C_/Users/downy/.pico-sdk/sdk/2.2.0/src/rp2_common/hardware_irq/irq.c.obj
 *(COMMON)
                0x20000970                        . = ALIGN (0x4)
 *fill*         0x2000096d        0x3 
                0x20000970                        __bss_end__ = .

.heap           0x20000970      0x800 load address 0x10005374
                0x20000970                        __end__ = .
                0x20000970                        end = __end__
 *(.heap*)
 .heap          0x20000970      0x800 CMakeFiles/Pico4DeskUp.dir/C_/Users/downy/.pico-sdk/sdk/2.2.0/src/rp2_common/pico_crt0/crt0.S.obj
                0x20040000                        __HeapLimit = (ORIGIN (RAM) + LENGTH (RAM))

.scratch_x      0x20040000        0x0 load address 0x10005374
                0x20040000                        __scratch_x_start__ = .
 *(.scratch_x.*)
                0x20040000                        . = ALIGN (0x4)
                0x20040000                        __scratch_x_end__ = .
                0x10005374                        __scratch_x_source__ = LOADADDR (.scratch_x)

.scratch_y      0x20041000        0x0 load address 0x10005374
                0x20041000                        __scratch_y_start__ = .
 *(.scratch_y.*)
                0x20041000                        . = ALIGN (0x4)
                0x20041000                        __scratch_y_end__ = .
                0x10005374                        __scratch_y_source__ = LOADADDR (.scratch_y)

.stack1_dummy
 *(.stack1*)

.stack_dummy    0x20041000      0x800
 *(.stack*)
 .stack         0x20041000      0x800 CMakeFiles/Pico4DeskUp.dir/C_/Users/downy/.pico-sdk/sdk/2.2.0/src/rp2_common/pico_crt0/crt0.S.obj

.rel.dyn        0x20041800        0x0
 .rel.iplt      0x20041800        0x0 C:/Users/downy/.pico-sdk/toolchain/14_2_Rel1/bin/../lib/gcc/arm-none-eabi/14.2.1/thumb/v6-m/nofp/crtbegin.o

.flash_end      0x10005374        0x0
 *(.embedded_end_block*)
                0x10005374                        PROVIDE (__flash_binary_end = .)
                0x20040000                        __StackLimit = (ORIGIN (RAM) + LENGTH (RAM))
                0x20041000                        __StackOneTop = (ORIGIN (SCRATCH_X) + LENGTH (SCRATCH_X))
                0x20042000                        __StackTop = (ORIGIN (SCRATCH_Y) + LENGTH (SCRATCH_Y))
                0x20041000                        __StackOneBottom = (__StackOneTop - SIZEOF (.stack1_dummy))
                0x20041800                        __StackBottom = (__StackTop - SIZEOF (.stack_dummy))
                0x20042000                        PROVIDE (__stack = __StackTop)
                [!provide]                        PROVIDE (__heap_start = __end__)
                [!provide]                        PROVIDE (__heap_end = __HeapLimit)
                [!provide]                        PROVIDE (__tls_align = MAX (ALIGNOF (.tdata), ALIGNOF (.tbss)))
                [!provide]                        PROVIDE (__tls_size_align = (((__tls_size + __tls_align) - 0x1) & ~ ((__tls_align - 0x1))))
                [!provide]                        PROVIDE (__arm32_tls_tcb_offset = MAX (0x8, __tls_align))
                [!provide]                        PROVIDE (_end = __end__)
                [!provide]                        PROVIDE (__llvm_libc_heap_limit = __HeapLimit)
                0x00000001                        ASSERT ((__StackLimit >= __HeapLimit), region RAM overflowed)
                0x00000001                        ASSERT (((__binary_info_header_end - __logical_binary_start) <= 0x100), Binary info must be in first 256 bytes of the binary)
LOAD CMakeFiles/Pico4DeskUp.dir/Pico4DeskUp.cpp.obj
LOAD CMakeFiles/Pico4DeskUp.dir/OLEDDisplay.cpp.obj
LOAD CMakeFiles/Pico4DeskUp.dir/DeskAPI.cpp.obj
LOAD CMakeFiles/Pico4DeskUp.dir/C_/Users/downy/.pico-sdk/sdk/2.2.0/src/rp2_common/pico_stdlib/stdlib.c.obj
LOAD CMakeFiles/Pico4DeskUp.dir/C_/Users/downy/.pico-sdk/sdk/2.2.0/src/rp2_common/hardware_gpio/gpio.c.obj
LOAD CMakeFiles/Pico4DeskUp.dir/C_/Users/downy/.pico-sdk/sdk/2.2.0/src/rp2040/pico_platform/platform.c.obj
LOAD CMakeFiles/Pico4DeskUp.dir/C_/Users/downy/.pico-sdk/sdk/2.2.0/src/rp2_common/pico_platform_common/common.c.obj
LOAD CMakeFiles/Pico4DeskUp.dir/C_/Users/downy/.pico-sdk/sdk/2.2.0/src/rp2_common/pico_platform_panic/panic.c.obj
LOAD CMakeFiles/Pico4DeskUp.dir/C_/Users/downy/.pico-sdk/sdk/2.2.0/src/common/hardware_claim/claim.c.obj
LOAD CMakeFiles/Pico4DeskUp.dir/C_/Users/downy/.pico-sdk/sdk/2.2.0/src/rp2_common/hardware_sync/sync.c.obj
LOAD CMakeFiles/Pico4DeskUp.dir/C_/Users/downy/.pico-sdk/sdk/2.2.0/src/rp2_common/hardware_sync_spin_lock/sync_spin_lock.c.obj
LOAD CMakeFiles/Pico4DeskUp.dir/C_/Users/downy/.pico-sdk/sdk/2.2.0/src/rp2_common/hardware_irq/irq.c.obj
LOAD CMakeFiles/Pico4DeskUp.dir/C_/Users/downy/.pico-sdk/sdk/2.2.0/src/rp2_common/hardware_irq/irq_handler_chain.S.obj
LOAD CMakeFiles/Pico4DeskUp.dir/C_/Users/downy/.pico-sdk/sdk/2.2.0/src/common/pico_sync/sem.c.obj
LOAD CMakeFiles/Pico4DeskUp.dir/C_/Users/downy/.pico-sdk/sdk/2.2.0/src/common/pico_sync/lock_core.c.obj
LOAD CMakeFiles/Pico4DeskUp.dir/C_/Users/downy/.pico-sdk/sdk/2.2.0/src/common/pico_sync/mutex.c.obj
LOAD CMakeFiles/Pico4DeskUp.dir/C_/Users/downy/.pico-sdk/sdk/2.2.0/src/common/pico_sync/critical_section.c.obj
LOAD CMakeFiles/Pico4DeskUp.dir/C_/Users/downy/.pico-sdk/sdk/2.2.0/src/common/pico_time/time.c.obj
LOAD CMakeFiles/Pico4DeskUp.dir/C_/Users/downy/.pico-sdk/sdk/2.2.0/src/common/pico_time/timeout_helper.c.obj
LOAD CMakeFiles/Pico4DeskUp.dir/C_/Users/downy/.pico-sdk/sdk/2.2.0/src/rp2_common/hardware_timer/timer.c.obj
LOAD CMakeFiles/Pico4DeskUp.dir/C_/Users/downy/.pico-sdk/sdk/2.2.0/src/common/pico_util/datetime.c.obj
LOAD CMakeFiles/Pico4DeskUp.dir/C_/Users/downy/.pico-sdk/sdk/2.2.0/src/common/pico_util/pheap.c.obj
LOAD CMakeFiles/Pico4DeskUp.dir/C_/Users/downy/.pico-sdk/sdk/2.2.0/src/common/pico_util/queue.c.obj
LOAD CMakeFiles/Pico4DeskUp.dir/C_/Users/downy/.pico-sdk/sdk/2.2.0/src/rp2_common/hardware_uart/uart.c.obj
LOAD CMakeFiles/Pico4DeskUp.dir/C_/Users/downy/.pico-sdk/sdk/2.2.0/src/rp2_common/hardware_clocks/clocks.c.obj
LOAD CMakeFiles/Pico4DeskUp.dir/C_/Users/downy/.pico-sdk/sdk/2.2.0/src/rp2_common/hardware_pll/pll.c.obj
LOAD CMakeFiles/Pico4DeskUp.dir/C_/Users/downy/.pico-sdk/sdk/2.2.0/src/rp2_common/hardware_vreg/vreg.c.obj
LOAD CMakeFiles/Pico4DeskUp.dir/C_/Users/downy/.pico-sdk/sdk/2.2.0/src/rp2_common/hardware_watchdog/watchdog.c.obj
LOAD CMakeFiles/Pico4DeskUp.dir/C_/Users/downy/.pico-sdk/sdk/2.2.0/src/rp2_common/hardware_ticks/ticks.c.obj
LOAD CMakeFiles/Pico4DeskUp.dir/C_/Users/downy/.pico-sdk/sdk/2.2.0/src/rp2_common/pico_bootrom/bootrom.c.obj
LOAD CMakeFiles/Pico4DeskUp.dir/C_/Users/downy/.pico-sdk/sdk/2.2.0/src/rp2_common/pico_bootrom/bootrom_lock.c.obj
LOAD CMakeFiles/Pico4DeskUp.dir/C_/Users/downy/.pico-sdk/sdk/2.2.0/src/rp2_common/hardware_boot_lock/boot_lock.c.obj
LOAD CMakeFiles/Pico4DeskUp.dir/C_/Users/downy/.pico-sdk/sdk/2.2.0/src/rp2_common/pico_flash/flash.c.obj
LOAD CMakeFiles/Pico4DeskUp.dir/C_/Users/downy/.pico-sdk/sdk/2.2.0/src/rp2_common/hardware_xosc/xosc.c.obj
LOAD CMakeFiles/Pico4DeskUp.dir/C_/Users/downy/.pico-sdk/sdk/2.2.0/src/rp2_common/hardware_divider/divider.S.obj
LOAD CMakeFiles/Pico4DeskUp.dir/C_/Users/downy/.pico-sdk/sdk/2.2.0/src/rp2_common/pico_runtime/runtime.c.obj
LOAD CMakeFiles/Pico4DeskUp.dir/C_/Users/downy/.pico-sdk/sdk/2.2.0/src/rp2_common/pico_runtime_init/runtime_init.c.obj
LOAD CMakeFiles/Pico4DeskUp.dir/C_/Users/downy/.pico-sdk/sdk/2.2.0/src/rp2_common/pico_runtime_init/runtime_init_clocks.c.obj
LOAD CMakeFiles/Pico4DeskUp.dir/C_/Users/downy/.pico-sdk/sdk/2.2.0/src/rp2_common/pico_runtime_init/runtime_init_stack_guard.c.obj
LOAD CMakeFiles/Pico4DeskUp.dir/C_/Users/downy/.pico-sdk/sdk/2.2.0/src/rp2_common/pico_bit_ops/bit_ops_aeabi.S.obj
LOAD CMakeFiles/Pico4DeskUp.dir/C_/Users/downy/.pico-sdk/sdk/2.2.0/src/rp2_common/pico_divider/divider_hardware.S.obj
LOAD CMakeFiles/Pico4DeskUp.dir/C_/Users/downy/.pico-sdk/sdk/2.2.0/src/rp2_common/pico_double/double_aeabi_rp2040.S.obj
LOAD CMakeFiles/Pico4DeskUp.dir/C_/Users/downy/.pico-sdk/sdk/2.2.0/src/rp2_common/pico_double/double_init_rom_rp2040.c.obj
LOAD CMakeFiles/Pico4DeskUp.dir/C_/Users/downy/.pico-sdk/sdk/2.2.0/src/rp2_common/pico_double/double_math.c.obj
LOAD CMakeFiles/Pico4DeskUp.dir/C_/Users/downy/.pico-sdk/sdk/2.2.0/src/rp2_common/pico_double/double_v1_rom_shim_rp2040.S.obj
LOAD CMakeFiles/Pico4DeskUp.dir/C_/Users/downy/.pico-sdk/sdk/2.2.0/src/rp2_common/pico_int64_ops/pico_int64_ops_aeabi.S.obj
LOAD CMakeFiles/Pico4DeskUp.dir/C_/Users/downy/.pico-sdk/sdk/2.2.0/src/rp2_common/pico_float/float_aeabi_rp2040.S.obj
LOAD CMakeFiles/Pico4DeskUp.dir/C_/Users/downy/.pico-sdk/sdk/2.2.0/src/rp2_common/pico_float/float_init_rom_rp2040.c.obj
LOAD CMakeFiles/Pico4DeskUp.dir/C_/Users/downy/.pico-sdk/sdk/2.2.0/src/rp2_common/pico_float/float_math.c.obj
LOAD CMakeFiles/Pico4DeskUp.dir/C_/Users/downy/.pico-sdk/sdk/2.2.0/src/rp2_common/pico_float/float_v1_rom_shim_rp2040.S.obj
LOAD CMakeFiles/Pico4DeskUp.dir/C_/Users/downy/.pico-sdk/sdk/2.2.0/src/rp2_common/pico_malloc/malloc.c.obj
LOAD CMakeFiles/Pico4DeskUp.dir/C_/Users/downy/.pico-sdk/sdk/2.2.0/src/rp2_common/pico_mem_ops/mem_ops_aeabi.S.obj
LOAD CMakeFiles/Pico4DeskUp.dir/C_/Users/downy/.pico-sdk/sdk/2.2.0/src/rp2_common/pico_atomic/atomic.c.obj
LOAD CMakeFiles/Pico4DeskUp.dir/C_/Users/downy/.pico-sdk/sdk/2.2.0/src/rp2_common/pico_cxx_options/new_delete.cpp.obj
LOAD CMakeFiles/Pico4DeskUp.dir/C_/Users/downy/.pico-sdk/sdk/2.2.0/src/rp2_common/pico_standard_binary_info/standard_binary_info.c.obj
LOAD CMakeFiles/Pico4DeskUp.dir/C_/Users/downy/.pico-sdk/sdk/2.2.0/src/rp2_common/pico_printf/printf.c.obj
LOAD CMakeFiles/Pico4DeskUp.dir/C_/Users/downy/.pico-sdk/sdk/2.2.0/src/rp2_common/pico_crt0/crt0.S.obj
LOAD CMakeFiles/Pico4DeskUp.dir/C_/Users/downy/.pico-sdk/sdk/2.2.0/src/rp2_common/pico_clib_interface/newlib_interface.c.obj
LOAD CMakeFiles/Pico4DeskUp.dir/C_/Users/downy/.pico-sdk/sdk/2.2.0/src/rp2_common/pico_stdio/stdio.c.obj
LOAD CMakeFiles/Pico4DeskUp.dir/C_/Users/downy/.pico-sdk/sdk/2.2.0/src/rp2_common/pico_stdio_uart/stdio_uart.c.obj
LOAD CMakeFiles/Pico4DeskUp.dir/C_/Users/downy/.pico-sdk/sdk/2.2.0/src/rp2_common/hardware_i2c/i2c.c.obj
LOAD pico-sdk/src/rp2040/boot_stage2/CMakeFiles/bs2_default_library.dir/./bs2_default_padded_checksummed.S.obj
LOAD C:/Users/downy/.pico-sdk/toolchain/14_2_Rel1/bin/../lib/gcc/arm-none-eabi/14.2.1/thumb/v6-m/nofp\libstdc++.a
LOAD C:/Users/downy/.pico-sdk/toolchain/14_2_Rel1/bin/../lib/gcc/arm-none-eabi/14.2.1/thumb/v6-m/nofp\libm.a
START GROUP
LOAD C:/Users/downy/.pico-sdk/toolchain/14_2_Rel1/bin/../lib/gcc/arm-none-eabi/14.2.1/thumb/v6-m/nofp\libgcc.a
LOAD C:/Users/downy/.pico-sdk/toolchain/14_2_Rel1/bin/../lib/gcc/arm-none-eabi/14.2.1/thumb/v6-m/nofp\libg.a
LOAD C:/Users/downy/.pico-sdk/toolchain/14_2_Rel1/bin/../lib/gcc/arm-none-eabi/14.2.1/thumb/v6-m/nofp\libc.a
END GROUP
START GROUP
LOAD C:/Users/downy/.pico-sdk/toolchain/14_2_Rel1/bin/../lib/gcc/arm-none-eabi/14.2.1/thumb/v6-m/nofp\libgcc.a
LOAD C:/Users/downy/.pico-sdk/toolchain/14_2_Rel1/bin/../lib/gcc/arm-none-eabi/14.2.1/thumb/v6-m/nofp\libc.a
LOAD C:/Users/downy/.pico-sdk/toolchain/14_2_Rel1/bin/../lib/gcc/arm-none-eabi/14.2.1/thumb/v6-m/nofp\libnosys.a
END GROUP
LOAD C:/Users/downy/.pico-sdk/toolchain/14_2_Rel1/bin/../lib/gcc/arm-none-eabi/14.2.1/thumb/v6-m/nofp/crtend.o
LOAD C:/Users/downy/.pico-sdk/toolchain/14_2_Rel1/bin/../lib/gcc/arm-none-eabi/14.2.1/thumb/v6-m/nofp/crtn.o
OUTPUT(Pico4DeskUp.elf elf32-littlearm)
LOAD linker stubs

.ARM.attributes
                0x00000000       0x28
 .ARM.attributes
                0x00000000       0x1e C:/Users/downy/.pico-sdk/toolchain/14_2_Rel1/bin/../lib/gcc/arm-none-eabi/14.2.1/thumb/v6-m/nofp/crti.o
 .ARM.attributes
                0x0000001e       0x2c C:/Users/downy/.pico-sdk/toolchain/14_2_Rel1/bin/../lib/gcc/arm-none-eabi/14.2.1/thumb/v6-m/nofp/crtbegin.o
 .ARM.attributes
                0x0000004a       0x2c CMakeFiles/Pico4DeskUp.dir/Pico4DeskUp.cpp.obj
 .ARM.attributes
                0x00000076       0x2c CMakeFiles/Pico4DeskUp.dir/OLEDDisplay.cpp.obj
 .ARM.attributes
                0x000000a2       0x2c CMakeFiles/Pico4DeskUp.dir/DeskAPI.cpp.obj
 .ARM.attributes
                0x000000ce       0x2c CMakeFiles/Pico4DeskUp.dir/C_/Users/downy/.pico-sdk/sdk/2.2.0/src/rp2_common/hardware_gpio/gpio.c.obj
 .ARM.attributes
                0x000000fa       0x2c CMakeFiles/Pico4DeskUp.dir/C_/Users/downy/.pico-sdk/sdk/2.2.0/src/rp2_common/pico_platform_panic/panic.c.obj
 .ARM.attributes
                0x00000126       0x2c CMakeFiles/Pico4DeskUp.dir/C_/Users/downy/.pico-sdk/sdk/2.2.0/src/common/hardware_claim/claim.c.obj
 .ARM.attributes
                0x00000152       0x2c CMakeFiles/Pico4DeskUp.dir/C_/Users/downy/.pico-sdk/sdk/2.2.0/src/rp2_common/hardware_sync/sync.c.obj
 .ARM.attributes
                0x0000017e       0x2c CMakeFiles/Pico4DeskUp.dir/C_/Users/downy/.pico-sdk/sdk/2.2.0/src/rp2_common/hardware_sync_spin_lock/sync_spin_lock.c.obj
 .ARM.attributes
                0x000001aa       0x2c CMakeFiles/Pico4DeskUp.dir/C_/Users/downy/.pico-sdk/sdk/2.2.0/src/rp2_common/hardware_irq/irq.c.obj
 .ARM.attributes
                0x000001d6       0x22 CMakeFiles/Pico4DeskUp.dir/C_/Users/downy/.pico-sdk/sdk/2.2.0/src/rp2_common/hardware_irq/irq_handler_chain.S.obj
 .ARM.attributes
                0x000001f8       0x2c CMakeFiles/Pico4DeskUp.dir/C_/Users/downy/.pico-sdk/sdk/2.2.0/src/common/pico_sync/lock_core.c.obj
 .ARM.attributes
                0x00000224       0x2c CMakeFiles/Pico4DeskUp.dir/C_/Users/downy/.pico-sdk/sdk/2.2.0/src/common/pico_sync/mutex.c.obj
 .ARM.attributes
                0x00000250       0x2c CMakeFiles/Pico4DeskUp.dir/C_/Users/downy/.pico-sdk/sdk/2.2.0/src/common/pico_time/time.c.obj
 .ARM.attributes
                0x0000027c       0x2c CMakeFiles/Pico4DeskUp.dir/C_/Users/downy/.pico-sdk/sdk/2.2.0/src/rp2_common/hardware_timer/timer.c.obj
 .ARM.attributes
                0x000002a8       0x2c CMakeFiles/Pico4DeskUp.dir/C_/Users/downy/.pico-sdk/sdk/2.2.0/src/rp2_common/hardware_uart/uart.c.obj
 .ARM.attributes
                0x000002d4       0x2c CMakeFiles/Pico4DeskUp.dir/C_/Users/downy/.pico-sdk/sdk/2.2.0/src/rp2_common/hardware_clocks/clocks.c.obj
 .ARM.attributes
                0x00000300       0x2c CMakeFiles/Pico4DeskUp.dir/C_/Users/downy/.pico-sdk/sdk/2.2.0/src/rp2_common/hardware_pll/pll.c.obj
 .ARM.attributes
                0x0000032c       0x2c CMakeFiles/Pico4DeskUp.dir/C_/Users/downy/.pico-sdk/sdk/2.2.0/src/rp2_common/hardware_ticks/ticks.c.obj
 .ARM.attributes
                0x00000358       0x2c CMakeFiles/Pico4DeskUp.dir/C_/Users/downy/.pico-sdk/sdk/2.2.0/src/rp2_common/pico_bootrom/bootrom.c.obj
 .ARM.attributes
                0x00000384       0x2c CMakeFiles/Pico4DeskUp.dir/C_/Users/downy/.pico-sdk/sdk/2.2.0/src/rp2_common/hardware_xosc/xosc.c.obj
 .ARM.attributes
                0x000003b0       0x2c CMakeFiles/Pico4DeskUp.dir/C_/Users/downy/.pico-sdk/sdk/2.2.0/src/rp2_common/pico_runtime/runtime.c.obj
 .ARM.attributes
                0x000003dc       0x2c CMakeFiles/Pico4DeskUp.dir/C_/Users/downy/.pico-sdk/sdk/2.2.0/src/rp2_common/pico_runtime_init/runtime_init.c.obj
 .ARM.attributes
                0x00000408       0x2c CMakeFiles/Pico4DeskUp.dir/C_/Users/downy/.pico-sdk/sdk/2.2.0/src/rp2_common/pico_runtime_init/runtime_init_clocks.c.obj
 .ARM.attributes
                0x00000434       0x22 CMakeFiles/Pico4DeskUp.dir/C_/Users/downy/.pico-sdk/sdk/2.2.0/src/rp2_common/pico_bit_ops/bit_ops_aeabi.S.obj
 .ARM.attributes
                0x00000456       0x22 CMakeFiles/Pico4DeskUp.dir/C_/Users/downy/.pico-sdk/sdk/2.2.0/src/rp2_common/pico_divider/divider_hardware.S.obj
 .ARM.attributes
                0x00000478       0x22 CMakeFiles/Pico4DeskUp.dir/C_/Users/downy/.pico-sdk/sdk/2.2.0/src/rp2_common/pico_double/double_aeabi_rp2040.S.obj
 .ARM.attributes
                0x0000049a       0x2c CMakeFiles/Pico4DeskUp.dir/C_/Users/downy/.pico-sdk/sdk/2.2.0/src/rp2_common/pico_double/double_init_rom_rp2040.c.obj
 .ARM.attributes
                0x000004c6       0x22 CMakeFiles/Pico4DeskUp.dir/C_/Users/downy/.pico-sdk/sdk/2.2.0/src/rp2_common/pico_double/double_v1_rom_shim_rp2040.S.obj
 .ARM.attributes
                0x000004e8       0x22 CMakeFiles/Pico4DeskUp.dir/C_/Users/downy/.pico-sdk/sdk/2.2.0/src/rp2_common/pico_int64_ops/pico_int64_ops_aeabi.S.obj
 .ARM.attributes
                0x0000050a       0x22 CMakeFiles/Pico4DeskUp.dir/C_/Users/downy/.pico-sdk/sdk/2.2.0/src/rp2_common/pico_float/float_aeabi_rp2040.S.obj
 .ARM.attributes
                0x0000052c       0x2c CMakeFiles/Pico4DeskUp.dir/C_/Users/downy/.pico-sdk/sdk/2.2.0/src/rp2_common/pico_float/float_init_rom_rp2040.c.obj
 .ARM.attributes
                0x00000558       0x22 CMakeFiles/Pico4DeskUp.dir/C_/Users/downy/.pico-sdk/sdk/2.2.0/src/rp2_common/pico_mem_ops/mem_ops_aeabi.S.obj
 .ARM.attributes
                0x0000057a       0x2c CMakeFiles/Pico4DeskUp.dir/C_/Users/downy/.pico-sdk/sdk/2.2.0/src/rp2_common/pico_standard_binary_info/standard_binary_info.c.obj
 .ARM.attributes
                0x000005a6       0x2c CMakeFiles/Pico4DeskUp.dir/C_/Users/downy/.pico-sdk/sdk/2.2.0/src/rp2_common/pico_printf/printf.c.obj
 .ARM.attributes
                0x000005d2       0x22 CMakeFiles/Pico4DeskUp.dir/C_/Users/downy/.pico-sdk/sdk/2.2.0/src/rp2_common/pico_crt0/crt0.S.obj
 .ARM.attributes
                0x000005f4       0x2c CMakeFiles/Pico4DeskUp.dir/C_/Users/downy/.pico-sdk/sdk/2.2.0/src/rp2_common/pico_clib_interface/newlib_interface.c.obj
 .ARM.attributes
                0x00000620       0x2c CMakeFiles/Pico4DeskUp.dir/C_/Users/downy/.pico-sdk/sdk/2.2.0/src/rp2_common/pico_stdio/stdio.c.obj
 .ARM.attributes
                0x0000064c       0x2c CMakeFiles/Pico4DeskUp.dir/C_/Users/downy/.pico-sdk/sdk/2.2.0/src/rp2_common/pico_stdio_uart/stdio_uart.c.obj
 .ARM.attributes
                0x00000678       0x2c CMakeFiles/Pico4DeskUp.dir/C_/Users/downy/.pico-sdk/sdk/2.2.0/src/rp2_common/hardware_i2c/i2c.c.obj
 .ARM.attributes
                0x000006a4       0x22 pico-sdk/src/rp2040/boot_stage2/CMakeFiles/bs2_default_library.dir/./bs2_default_padded_checksummed.S.obj
 .ARM.attributes
                0x000006c6       0x1e C:/Users/downy/.pico-sdk/toolchain/14_2_Rel1/bin/../lib/gcc/arm-none-eabi/14.2.1/thumb/v6-m/nofp\libgcc.a(_dvmd_tls.o)
 .ARM.attributes
                0x000006e4       0x2c C:/Users/downy/.pico-sdk/toolchain/14_2_Rel1/bin/../lib/gcc/arm-none-eabi/14.2.1/thumb/v6-m/nofp\libg.a(libc_a-atoi.o)
 .ARM.attributes
                0x00000710       0x2c C:/Users/downy/.pico-sdk/toolchain/14_2_Rel1/bin/../lib/gcc/arm-none-eabi/14.2.1/thumb/v6-m/nofp\libg.a(libc_a-strtol.o)
 .ARM.attributes
                0x0000073c       0x2c C:/Users/downy/.pico-sdk/toolchain/14_2_Rel1/bin/../lib/gcc/arm-none-eabi/14.2.1/thumb/v6-m/nofp\libg.a(libc_a-ctype_.o)
 .ARM.attributes
                0x00000768       0x2c C:/Users/downy/.pico-sdk/toolchain/14_2_Rel1/bin/../lib/gcc/arm-none-eabi/14.2.1/thumb/v6-m/nofp\libg.a(libc_a-strncmp.o)
 .ARM.attributes
                0x00000794       0x2c C:/Users/downy/.pico-sdk/toolchain/14_2_Rel1/bin/../lib/gcc/arm-none-eabi/14.2.1/thumb/v6-m/nofp\libg.a(libc_a-impure.o)
 .ARM.attributes
                0x000007c0       0x2c C:/Users/downy/.pico-sdk/toolchain/14_2_Rel1/bin/../lib/gcc/arm-none-eabi/14.2.1/thumb/v6-m/nofp\libg.a(libc_a-errno.o)
 .ARM.attributes
                0x000007ec       0x2c C:/Users/downy/.pico-sdk/toolchain/14_2_Rel1/bin/../lib/gcc/arm-none-eabi/14.2.1/thumb/v6-m/nofp\libg.a(libc_a-strlen-stub.o)
 .ARM.attributes
                0x00000818       0x2c C:/Users/downy/.pico-sdk/toolchain/14_2_Rel1/bin/../lib/gcc/arm-none-eabi/14.2.1/thumb/v6-m/nofp\libg.a(libc_a-findfp.o)
 .ARM.attributes
                0x00000844       0x2c C:/Users/downy/.pico-sdk/toolchain/14_2_Rel1/bin/../lib/gcc/arm-none-eabi/14.2.1/thumb/v6-m/nofp/crtend.o

.comment        0x00000000       0x45
 .comment       0x00000000       0x45 CMakeFiles/Pico4DeskUp.dir/Pico4DeskUp.cpp.obj
                                 0x46 (size before relaxing)
 .comment       0x00000045       0x46 CMakeFiles/Pico4DeskUp.dir/OLEDDisplay.cpp.obj
 .comment       0x00000045       0x46 CMakeFiles/Pico4DeskUp.dir/DeskAPI.cpp.obj
 .comment       0x00000045       0x46 CMakeFiles/Pico4DeskUp.dir/C_/Users/downy/.pico-sdk/sdk/2.2.0/src/rp2_common/hardware_gpio/gpio.c.obj
 .comment       0x00000045       0x46 CMakeFiles/Pico4DeskUp.dir/C_/Users/downy/.pico-sdk/sdk/2.2.0/src/rp2_common/pico_platform_panic/panic.c.obj
 .comment       0x00000045       0x46 CMakeFiles/Pico4DeskUp.dir/C_/Users/downy/.pico-sdk/sdk/2.2.0/src/common/hardware_claim/claim.c.obj
 .comment       0x00000045       0x46 CMakeFiles/Pico4DeskUp.dir/C_/Users/downy/.pico-sdk/sdk/2.2.0/src/rp2_common/hardware_sync/sync.c.obj
 .comment       0x00000045       0x46 CMakeFiles/Pico4DeskUp.dir/C_/Users/downy/.pico-sdk/sdk/2.2.0/src/rp2_common/hardware_sync_spin_lock/sync_spin_lock.c.obj
 .comment       0x00000045       0x46 CMakeFiles/Pico4DeskUp.dir/C_/Users/downy/.pico-sdk/sdk/2.2.0/src/rp2_common/hardware_irq/irq.c.obj
 .comment       0x00000045       0x46 CMakeFiles/Pico4DeskUp.dir/C_/Users/downy/.pico-sdk/sdk/2.2.0/src/common/pico_sync/lock_core.c.obj
 .comment       0x00000045       0x46 CMakeFiles/Pico4DeskUp.dir/C_/Users/downy/.pico-sdk/sdk/2.2.0/src/common/pico_sync/mutex.c.obj
 .comment       0x00000045       0x46 CMakeFiles/Pico4DeskUp.dir/C_/Users/downy/.pico-sdk/sdk/2.2.0/src/common/pico_time/time.c.obj
 .comment       0x00000045       0x46 CMakeFiles/Pico4DeskUp.dir/C_/Users/downy/.pico-sdk/sdk/2.2.0/src/rp2_common/hardware_timer/timer.c.obj
 .comment       0x00000045       0x46 CMakeFiles/Pico4DeskUp.dir/C_/Users/downy/.pico-sdk/sdk/2.2.0/src/rp2_common/hardware_uart/uart.c.obj
 .comment       0x00000045       0x46 CMakeFiles/Pico4DeskUp.dir/C_/Users/downy/.pico-sdk/sdk/2.2.0/src/rp2_common/hardware_clocks/clocks.c.obj
 .comment       0x00000045       0x46 CMakeFiles/Pico4DeskUp.dir/C_/Users/downy/.pico-sdk/sdk/2.2.0/src/rp2_common/hardware_pll/pll.c.obj
 .comment       0x00000045       0x46 CMakeFiles/Pico4DeskUp.dir/C_/Users/downy/.pico-sdk/sdk/2.2.0/src/rp2_common/hardware_ticks/ticks.c.obj
 .comment       0x00000045       0x46 CMakeFiles/Pico4DeskUp.dir/C_/Users/downy/.pico-sdk/sdk/2.2.0/src/rp2_common/pico_bootrom/bootrom.c.obj
 .comment       0x00000045       0x46 CMakeFiles/Pico4DeskUp.dir/C_/Users/downy/.pico-sdk/sdk/2.2.0/src/rp2_common/hardware_xosc/xosc.c.obj
 .comment       0x00000045       0x46 CMakeFiles/Pico4DeskUp.dir/C_/Users/downy/.pico-sdk/sdk/2.2.0/src/rp2_common/pico_runtime/runtime.c.obj
 .comment       0x00000045       0x46 CMakeFiles/Pico4DeskUp.dir/C_/Users/downy/.pico-sdk/sdk/2.2.0/src/rp2_common/pico_runtime_init/runtime_init.c.obj
 .comment       0x00000045       0x46 CMakeFiles/Pico4DeskUp.dir/C_/Users/downy/.pico-sdk/sdk/2.2.0/src/rp2_common/pico_runtime_init/runtime_init_clocks.c.obj
 .comment       0x00000045       0x46 CMakeFiles/Pico4DeskUp.dir/C_/Users/downy/.pico-sdk/sdk/2.2.0/src/rp2_common/pico_double/double_init_rom_rp2040.c.obj
 .comment       0x00000045       0x46 CMakeFiles/Pico4DeskUp.dir/C_/Users/downy/.pico-sdk/sdk/2.2.0/src/rp2_common/pico_float/float_init_rom_rp2040.c.obj
 .comment       0x00000045       0x46 CMakeFiles/Pico4DeskUp.dir/C_/Users/downy/.pico-sdk/sdk/2.2.0/src/rp2_common/pico_standard_binary_info/standard_binary_info.c.obj
 .comment       0x00000045       0x46 CMakeFiles/Pico4DeskUp.dir/C_/Users/downy/.pico-sdk/sdk/2.2.0/src/rp2_common/pico_printf/printf.c.obj
 .comment       0x00000045       0x46 CMakeFiles/Pico4DeskUp.dir/C_/Users/downy/.pico-sdk/sdk/2.2.0/src/rp2_common/pico_clib_interface/newlib_interface.c.obj