Archive member included to satisfy reference by file (symbol)

C:/Users/downy/.pico-sdk/toolchain/14_2_Rel1/bin/../lib/gcc/arm-none-eabi/14.2.1/thumb/v6-m/nofp\libgcc.a(_dvmd_tls.o)
                              CMakeFiles/Pico4DeskUp.dir/C_/Users/downy/.pico-sdk/sdk/2.2.0/src/rp2_common/pico_divider/divider_hardware.S.obj (__aeabi_idiv0)
C:/Users/downy/.pico-sdk/toolchain/14_2_Rel1/bin/../lib/gcc/arm-none-eabi/14.2.1/thumb/v6-m/nofp\libg.a(libc_a-atoi.o)
                              CMakeFiles/Pico4DeskUp.dir/DeskAPI.cpp.obj (atoi)
C:/Users/downy/.pico-sdk/toolchain/14_2_Rel1/bin/../lib/gcc/arm-none-eabi/14.2.1/thumb/v6-m/nofp\libg.a(libc_a-calloc.o)
                              CMakeFiles/Pico4DeskUp.dir/C_/Users/downy/.pico-sdk/sdk/2.2.0/src/rp2_common/pico_malloc/malloc.c.obj (calloc)
C:/Users/downy/.pico-sdk/toolchain/14_2_Rel1/bin/../lib/gcc/arm-none-eabi/14.2.1/thumb/v6-m/nofp\libg.a(libc_a-callocr.o)
                              C:/Users/downy/.pico-sdk/toolchain/14_2_Rel1/bin/../lib/gcc/arm-none-eabi/14.2.1/thumb/v6-m/nofp\libg.a(libc_a-calloc.o) (_calloc_r)
C:/Users/downy/.pico-sdk/toolchain/14_2_Rel1/bin/../lib/gcc/arm-none-eabi/14.2.1/thumb/v6-m/nofp\libg.a(libc_a-malloc.o)
                              CMakeFiles/Pico4DeskUp.dir/C_/Users/downy/.pico-sdk/sdk/2.2.0/src/rp2_common/pico_malloc/malloc.c.obj (malloc)
C:/Users/downy/.pico-sdk/toolchain/14_2_Rel1/bin/../lib/gcc/arm-none-eabi/14.2.1/thumb/v6-m/nofp\libg.a(libc_a-mallocr.o)
                              C:/Users/downy/.pico-sdk/toolchain/14_2_Rel1/bin/../lib/gcc/arm-none-eabi/14.2.1/thumb/v6-m/nofp\libg.a(libc_a-callocr.o) (_malloc_r)
C:/Users/downy/.pico-sdk/toolchain/14_2_Rel1/bin/../lib/gcc/arm-none-eabi/14.2.1/thumb/v6-m/nofp\libg.a(libc_a-mlock.o)
                              C:/Users/downy/.pico-sdk/toolchain/14_2_Rel1/bin/../lib/gcc/arm-none-eabi/14.2.1/thumb/v6-m/nofp\libg.a(libc_a-mallocr.o) (__malloc_lock)
C:/Users/downy/.pico-sdk/toolchain/14_2_Rel1/bin/../lib/gcc/arm-none-eabi/14.2.1/thumb/v6-m/nofp\libg.a(libc_a-realloc.o)
                              CMakeFiles/Pico4DeskUp.dir/C_/Users/downy/.pico-sdk/sdk/2.2.0/src/rp2_common/pico_malloc/malloc.c.obj (realloc)
C:/Users/downy/.pico-sdk/toolchain/14_2_Rel1/bin/../lib/gcc/arm-none-eabi/14.2.1/thumb/v6-m/nofp\libg.a(libc_a-reallocr.o)
                              C:/Users/downy/.pico-sdk/toolchain/14_2_Rel1/bin/../lib/gcc/arm-none-eabi/14.2.1/thumb/v6-m/nofp\libg.a(libc_a-realloc.o) (_realloc_r)
C:/Users/downy/.pico-sdk/toolchain/14_2_Rel1/bin/../lib/gcc/arm-none-eabi/14.2.1/thumb/v6-m/nofp\libg.a(libc_a-strtol.o)
                              C:/Users/downy/.pico-sdk/toolchain/14_2_Rel1/bin/../lib/gcc/arm-none-eabi/14.2.1/thumb/v6-m/nofp\libg.a(libc_a-atoi.o) (_strtol_r)
C:/Users/downy/.pico-sdk/toolchain/14_2_Rel1/bin/../lib/gcc/arm-none-eabi/14.2.1/thumb/v6-m/nofp\libg.a(libc_a-ctype_.o)
                              C:/Users/downy/.pico-sdk/toolchain/14_2_Rel1/bin/../lib/gcc/arm-none-eabi/14.2.1/thumb/v6-m/nofp\libg.a(libc_a-strtol.o) (_ctype_)
C:/Users/downy/.pico-sdk/toolchain/14_2_Rel1/bin/../lib/gcc/arm-none-eabi/14.2.1/thumb/v6-m/nofp\libg.a(libc_a-memcmp.o)
                              CMakeFiles/Pico4DeskUp.dir/C_/Users/downy/.pico-sdk/sdk/2.2.0/src/rp2_common/pico_atomic/atomic.c.obj (memcmp)
C:/Users/downy/.pico-sdk/toolchain/14_2_Rel1/bin/../lib/gcc/arm-none-eabi/14.2.1/thumb/v6-m/nofp\libg.a(libc_a-memmove.o)
                              C:/Users/downy/.pico-sdk/toolchain/14_2_Rel1/bin/../lib/gcc/arm-none-eabi/14.2.1/thumb/v6-m/nofp\libg.a(libc_a-reallocr.o) (memmove)
C:/Users/downy/.pico-sdk/toolchain/14_2_Rel1/bin/../lib/gcc/arm-none-eabi/14.2.1/thumb/v6-m/nofp\libg.a(libc_a-strncmp.o)
                              CMakeFiles/Pico4DeskUp.dir/DeskAPI.cpp.obj (strncmp)
C:/Users/downy/.pico-sdk/toolchain/14_2_Rel1/bin/../lib/gcc/arm-none-eabi/14.2.1/thumb/v6-m/nofp\libg.a(libc_a-strncpy.o)
                              CMakeFiles/Pico4DeskUp.dir/DeskAPI.cpp.obj (strncpy)
C:/Users/downy/.pico-sdk/toolchain/14_2_Rel1/bin/../lib/gcc/arm-none-eabi/14.2.1/thumb/v6-m/nofp\libg.a(libc_a-lcltime_r.o)
                              CMakeFiles/Pico4DeskUp.dir/C_/Users/downy/.pico-sdk/sdk/2.2.0/src/common/pico_util/datetime.c.obj (localtime_r)
C:/Users/downy/.pico-sdk/toolchain/14_2_Rel1/bin/../lib/gcc/arm-none-eabi/14.2.1/thumb/v6-m/nofp\libg.a(libc_a-mktime.o)
                              CMakeFiles/Pico4DeskUp.dir/C_/Users/downy/.pico-sdk/sdk/2.2.0/src/common/pico_util/datetime.c.obj (mktime)
C:/Users/downy/.pico-sdk/toolchain/14_2_Rel1/bin/../lib/gcc/arm-none-eabi/14.2.1/thumb/v6-m/nofp\libg.a(libc_a-month_lengths.o)
                              C:/Users/downy/.pico-sdk/toolchain/14_2_Rel1/bin/../lib/gcc/arm-none-eabi/14.2.1/thumb/v6-m/nofp\libg.a(libc_a-lcltime_r.o) (__month_lengths)
C:/Users/downy/.pico-sdk/toolchain/14_2_Rel1/bin/../lib/gcc/arm-none-eabi/14.2.1/thumb/v6-m/nofp\libg.a(libc_a-tzcalc_limits.o)
[...]
Memory Configuration

Name             Origin             Length             Attributes
FLASH            0x10000000         0x00200000         xr
RAM              0x20000000         0x00040000         xrw
SCRATCH_X        0x20040000         0x00001000         xrw
SCRATCH_Y        0x20041000         0x00001000         xrw
*default*        0x00000000         0xffffffff

Linker script and memory map

LOAD C:/Users/downy/.pico-sdk/toolchain/14_2_Rel1/bin/../lib/gcc/arm-none-eabi/14.2.1/thumb/v6-m/nofp/crti.o
LOAD C:/Users/downy/.pico-sdk/toolchain/14_2_Rel1/bin/../lib/gcc/arm-none-eabi/14.2.1/thumb/v6-m/nofp/crtbegin.o
LOAD C:/Users/downy/.pico-sdk/toolchain/14_2_Rel1/bin/../lib/gcc/arm-none-eabi/14.2.1/thumb/v6-m/nofp/crt0.o

.flash_begin    0x10000000        0x0
                0x10000000                        __flash_binary_start = .

.boot2          0x10000000      0x100
                0x10000000                        __boot2_start__ = .
 *(.boot2)
 .boot2         0x10000000      0x100 pico-sdk/src/rp2040/boot_stage2/CMakeFiles/bs2_default_library.dir/./bs2_default_padded_checksummed.S.obj
                0x10000100                        __boot2_end__ = .
                0x00000001                        ASSERT (((__boot2_end__ - __boot2_start__) == 0x100), ERROR: Pico second stage bootloader must be 256 bytes in size)

.text           0x10000100     0x42e8
                0x10000100                        __logical_binary_start = .
 *(.vectors)
 .vectors       0x10000100       0xd4 CMakeFiles/Pico4DeskUp.dir/C_/Users/downy/.pico-sdk/sdk/2.2.0/src/rp2_common/pico_crt0/crt0.S.obj
                0x10000100                __VECTOR_TABLE
                0x10000100                __vectors
                0x100001c0                isr_irq13
                0x100001c0                isr_irq27
                0x100001c0                isr_irq31
                0x100001c0                isr_irq12
                0x100001c0                isr_irq5
                0x100001c0                isr_irq11
                0x100001c0                isr_irq3
                0x100001c0                isr_irq23
                0x100001c0                __unhandled_user_irq
                0x100001c0                isr_irq26
                0x100001c0                isr_irq28
                0x100001c0                isr_irq19
                0x100001c0                isr_irq0
                0x100001c0                isr_irq6
                0x100001c0                isr_irq29
                0x100001c0                isr_irq16
                0x100001c0                isr_irq22
                0x100001c0                isr_irq18
                0x100001c0                isr_irq17
                0x100001c0                isr_irq14
                0x100001c0                __vectors_end
                0x100001c0                __default_isrs_start
                0x100001c0                isr_irq2
                0x100001c0                isr_irq10
                0x100001c0                isr_irq8
                0x100001c0                isr_irq24
                0x100001c0                isr_irq1
                0x100001c0                isr_irq7
                0x100001c0                isr_irq21
                0x100001c0                isr_irq20
                0x100001c0                isr_irq15
                0x100001c0                isr_irq25
                0x100001c0                isr_irq4
                0x100001c0                isr_irq30
                0x100001c0                isr_irq9
                0x100001c6                unhandled_user_irq_num_in_r0
                0x100001c8                isr_invalid
                0x100001ca                isr_nmi
                0x100001cc                isr_hardfault
                0x100001ce                isr_svcall
                0x100001d0                isr_pendsv
                0x100001d2                isr_systick
                0x100001d4                __default_isrs_end
 *(.binary_info_header)
 .binary_info_header
                0x100001d4       0x14 CMakeFiles/Pico4DeskUp.dir/C_/Users/downy/.pico-sdk/sdk/2.2.0/src/rp2_common/pico_crt0/crt0.S.obj
                0x100001e8                        __binary_info_header_end = .
 *(.embedded_block)
                0x100001e8                        __embedded_block_end = .
 *(.reset)
 .reset         0x100001e8       0x9c CMakeFiles/Pico4DeskUp.dir/C_/Users/downy/.pico-sdk/sdk/2.2.0/src/rp2_common/pico_crt0/crt0.S.obj
                0x100001e8                _entry_point
 *(.init)
 .init          0x10000284        0x4 C:/Users/downy/.pico-sdk/toolchain/14_2_Rel1/bin/../lib/gcc/arm-none-eabi/14.2.1/thumb/v6-m/nofp/crti.o
                0x10000284                _init
 *(EXCLUDE_FILE(*libm.a: *libc.a:*lib_a-mem*.o *libgcc.a:) .text*)
 .text.register_tm_clones
                0x10000288       0x28 C:/Users/downy/.pico-sdk/toolchain/14_2_Rel1/bin/../lib/gcc/arm-none-eabi/14.2.1/thumb/v6-m/nofp/crtbegin.o
 .text.frame_dummy
                0x100002b0       0x24 C:/Users/downy/.pico-sdk/toolchain/14_2_Rel1/bin/../lib/gcc/arm-none-eabi/14.2.1/thumb/v6-m/nofp/crtbegin.o
 .text.main     0x100002d4      0x234 CMakeFiles/Pico4DeskUp.dir/Pico4DeskUp.cpp.obj
                0x100002d4                main
 .text._ZN11OLEDDisplayC2EP8i2c_insth
                0x10000508        0x6 CMakeFiles/Pico4DeskUp.dir/OLEDDisplay.cpp.obj
                0x10000508                OLEDDisplay::OLEDDisplay(i2c_inst*, unsigned char)
                0x10000508                OLEDDisplay::OLEDDisplay(i2c_inst*, unsigned char)
 .text._ZN11OLEDDisplay11sendCommandEh
                0x1000050e       0x1c CMakeFiles/Pico4DeskUp.dir/OLEDDisplay.cpp.obj
                0x1000050e                OLEDDisplay::sendCommand(unsigned char)
 .text._ZN11OLEDDisplay8sendDataEPhj
                0x1000052a       0x3c CMakeFiles/Pico4DeskUp.dir/OLEDDisplay.cpp.obj
                0x1000052a                OLEDDisplay::sendData(unsigned char*, unsigned int)
 *fill*         0x10000566        0x2 
 .text._ZN11OLEDDisplay5clearEv
                0x10000568       0x50 CMakeFiles/Pico4DeskUp.dir/OLEDDisplay.cpp.obj
                0x10000568                OLEDDisplay::clear()
 .text._ZN11OLEDDisplay4initEv
                0x100005b8       0x3c CMakeFiles/Pico4DeskUp.dir/OLEDDisplay.cpp.obj
                0x100005b8                OLEDDisplay::init()
 .text._ZN11OLEDDisplay11displayTextEPKch
                0x100005f4       0xa0 CMakeFiles/Pico4DeskUp.dir/OLEDDisplay.cpp.obj
                0x100005f4                OLEDDisplay::displayText(char const*, unsigned char)
 .text.uart_getc
                0x10000694       0x24 CMakeFiles/Pico4DeskUp.dir/DeskAPI.cpp.obj
 .text._ZN7DeskAPIC2EP9uart_inst
                0x100006b8       0x40 CMakeFiles/Pico4DeskUp.dir/DeskAPI.cpp.obj
                0x100006b8                DeskAPI::DeskAPI(uart_inst*)
                0x100006b8                DeskAPI::DeskAPI(uart_inst*)
 .text._ZN7DeskAPI4initEv
                0x100006f8       0x28 CMakeFiles/Pico4DeskUp.dir/DeskAPI.cpp.obj
                0x100006f8                DeskAPI::init()
 .text._ZN7DeskAPI8readLineEv
                0x10000720       0x54 CMakeFiles/Pico4DeskUp.dir/DeskAPI.cpp.obj
                0x10000720                DeskAPI::readLine()
 .text._ZN7DeskAPI12parseMessageEPKc
                0x10000774       0xe8 CMakeFiles/Pico4DeskUp.dir/DeskAPI.cpp.obj
                0x10000774                DeskAPI::parseMessage(char const*)
 .text._ZN7DeskAPI15checkForUpdatesEv
                0x1000085c       0x1c CMakeFiles/Pico4DeskUp.dir/DeskAPI.cpp.obj
                0x1000085c                DeskAPI::checkForUpdates()
 .text._ZN7DeskAPI16getCurrentUserIdEv
                0x10000878        0x4 CMakeFiles/Pico4DeskUp.dir/DeskAPI.cpp.obj
                0x10000878                DeskAPI::getCurrentUserId()
 .text._ZN7DeskAPI16getCurrentHeightEv
                0x1000087c        0x4 CMakeFiles/Pico4DeskUp.dir/DeskAPI.cpp.obj
                0x1000087c                DeskAPI::getCurrentHeight()
 .text._ZN7DeskAPI20getCurrentDeskNumberEv
                0x10000880        0x4 CMakeFiles/Pico4DeskUp.dir/DeskAPI.cpp.obj
                0x10000880                DeskAPI::getCurrentDeskNumber()
 .text._ZN7DeskAPI18getCurrentUserNameEv
                0x10000884        0x4 CMakeFiles/Pico4DeskUp.dir/DeskAPI.cpp.obj
                0x10000884                DeskAPI::getCurrentUserName()
 .text._ZN7DeskAPI14isUserLoggedInEv
                0x10000888        0xa CMakeFiles/Pico4DeskUp.dir/DeskAPI.cpp.obj
                0x10000888                DeskAPI::isUserLoggedIn()
 *fill*         0x10000892        0x2 
 .text.gpio_set_function
                0x10000894       0x34 CMakeFiles/Pico4DeskUp.dir/C_/Users/downy/.pico-sdk/sdk/2.2.0/src/rp2_common/hardware_gpio/gpio.c.obj
                0x10000894                gpio_set_function
 .text.gpio_set_pulls
                0x100008c8       0x38 CMakeFiles/Pico4DeskUp.dir/C_/Users/downy/.pico-sdk/sdk/2.2.0/src/rp2_common/hardware_gpio/gpio.c.obj
                0x100008c8                gpio_set_pulls
 .text.panic    0x10000900       0x30 CMakeFiles/Pico4DeskUp.dir/C_/Users/downy/.pico-sdk/sdk/2.2.0/src/rp2_common/pico_platform_panic/panic.c.obj
                0x10000900                panic
 .text.hw_claim_lock
                0x10000930       0x18 CMakeFiles/Pico4DeskUp.dir/C_/Users/downy/.pico-sdk/sdk/2.2.0/src/common/hardware_claim/claim.c.obj
                0x10000930                hw_claim_lock
 .text.hw_claim_unlock
                0x10000948       0x14 CMakeFiles/Pico4DeskUp.dir/C_/Users/downy/.pico-sdk/sdk/2.2.0/src/common/hardware_claim/claim.c.obj
                0x10000948                hw_claim_unlock
 .text.hw_claim_or_assert
                0x1000095c       0x32 CMakeFiles/Pico4DeskUp.dir/C_/Users/downy/.pico-sdk/sdk/2.2.0/src/common/hardware_claim/claim.c.obj
                0x1000095c                hw_claim_or_assert
 *fill*         0x1000098e        0x2 
 .text.next_striped_spin_lock_num
                0x10000990       0x1c CMakeFiles/Pico4DeskUp.dir/C_/Users/downy/.pico-sdk/sdk/2.2.0/src/rp2_common/hardware_sync/sync.c.obj
                0x10000990                next_striped_spin_lock_num
 .text.spin_locks_reset
                0x100009ac       0x20 CMakeFiles/Pico4DeskUp.dir/C_/Users/downy/.pico-sdk/sdk/2.2.0/src/rp2_common/hardware_sync_spin_lock/sync_spin_lock.c.obj
                0x100009ac                spin_locks_reset
 .text.set_raw_irq_handler_and_unlock
                0x100009cc       0x28 CMakeFiles/Pico4DeskUp.dir/C_/Users/downy/.pico-sdk/sdk/2.2.0/src/rp2_common/hardware_irq/irq.c.obj
 .text.nvic_ipr0
                0x100009f4        0x8 CMakeFiles/Pico4DeskUp.dir/C_/Users/downy/.pico-sdk/sdk/2.2.0/src/rp2_common/hardware_irq/irq.c.obj
 .text.runtime_init_per_core_irq_priorities
                0x100009fc       0x1c CMakeFiles/Pico4DeskUp.dir/C_/Users/downy/.pico-sdk/sdk/2.2.0/src/rp2_common/hardware_irq/irq.c.obj
                0x100009fc                runtime_init_per_core_irq_priorities
 .text.resolve_j_16
                0x10000a18       0x30 CMakeFiles/Pico4DeskUp.dir/C_/Users/downy/.pico-sdk/sdk/2.2.0/src/rp2_common/hardware_irq/irq.c.obj
 .text.make_j_16
                0x10000a48       0x48 CMakeFiles/Pico4DeskUp.dir/C_/Users/downy/.pico-sdk/sdk/2.2.0/src/rp2_common/hardware_irq/irq.c.obj
 .text.insert_bl_32
                0x10000a90       0x40 CMakeFiles/Pico4DeskUp.dir/C_/Users/downy/.pico-sdk/sdk/2.2.0/src/rp2_common/hardware_irq/irq.c.obj
 .text.irq_is_enabled
                0x10000ad0       0x18 CMakeFiles/Pico4DeskUp.dir/C_/Users/downy/.pico-sdk/sdk/2.2.0/src/rp2_common/hardware_irq/irq.c.obj
                0x10000ad0                irq_is_enabled
 .text.irq_set_mask_n_enabled
                0x10000ae8       0x1c CMakeFiles/Pico4DeskUp.dir/C_/Users/downy/.pico-sdk/sdk/2.2.0/src/rp2_common/hardware_irq/irq.c.obj
                0x10000ae8                irq_set_mask_n_enabled
 .text.irq_set_enabled
                0x10000b04       0x14 CMakeFiles/Pico4DeskUp.dir/C_/Users/downy/.pico-sdk/sdk/2.2.0/src/rp2_common/hardware_irq/irq.c.obj
                0x10000b04                irq_set_enabled
 .text.irq_get_vtable_handler
                0x10000b18       0x10 CMakeFiles/Pico4DeskUp.dir/C_/Users/downy/.pico-sdk/sdk/2.2.0/src/rp2_common/hardware_irq/irq.c.obj
                0x10000b18                irq_get_vtable_handler
 .text.irq_set_exclusive_handler
                0x10000b28       0x54 CMakeFiles/Pico4DeskUp.dir/C_/Users/downy/.pico-sdk/sdk/2.2.0/src/rp2_common/hardware_irq/irq.c.obj
                0x10000b28                irq_set_exclusive_handler
 .text.irq_remove_handler
                0x10000b7c      0x18c CMakeFiles/Pico4DeskUp.dir/C_/Users/downy/.pico-sdk/sdk/2.2.0/src/rp2_common/hardware_irq/irq.c.obj
                0x10000b7c                irq_remove_handler
 .text.irq_add_tail_to_free_list
                0x10000d08       0xf4 CMakeFiles/Pico4DeskUp.dir/C_/Users/downy/.pico-sdk/sdk/2.2.0/src/rp2_common/hardware_irq/irq.c.obj
                0x10000d08                irq_add_tail_to_free_list
 .text.lock_init
                0x10000dfc       0x10 CMakeFiles/Pico4DeskUp.dir/C_/Users/downy/.pico-sdk/sdk/2.2.0/src/common/pico_sync/lock_core.c.obj
                0x10000dfc                lock_init
 .text.mutex_init
                0x10000e0c       0x1a CMakeFiles/Pico4DeskUp.dir/C_/Users/downy/.pico-sdk/sdk/2.2.0/src/common/pico_sync/mutex.c.obj
                0x10000e0c                mutex_init
 .text.recursive_mutex_init
                0x10000e26       0x1e CMakeFiles/Pico4DeskUp.dir/C_/Users/downy/.pico-sdk/sdk/2.2.0/src/common/pico_sync/mutex.c.obj
                0x10000e26                recursive_mutex_init
 .text.runtime_init_mutex
                0x10000e44       0x4c CMakeFiles/Pico4DeskUp.dir/C_/Users/downy/.pico-sdk/sdk/2.2.0/src/common/pico_sync/mutex.c.obj
                0x10000e44                runtime_init_mutex
 .text.ta_set_timeout
                0x10000e90       0x24 CMakeFiles/Pico4DeskUp.dir/C_/Users/downy/.pico-sdk/sdk/2.2.0/src/common/pico_time/time.c.obj
 .text.make_alarm_id
                0x10000eb4        0x6 CMakeFiles/Pico4DeskUp.dir/C_/Users/downy/.pico-sdk/sdk/2.2.0/src/common/pico_time/time.c.obj
 *fill*         0x10000eba        0x2 
 .text.sleep_until_callback
                0x10000ebc       0x30 CMakeFiles/Pico4DeskUp.dir/C_/Users/downy/.pico-sdk/sdk/2.2.0/src/common/pico_time/time.c.obj
 .text.alarm_pool_irq_handler
                0x10000eec      0x2f0 CMakeFiles/Pico4DeskUp.dir/C_/Users/downy/.pico-sdk/sdk/2.2.0/src/common/pico_time/time.c.obj
 .text.ta_enable_irq_handler
                0x100011dc       0x2c CMakeFiles/Pico4DeskUp.dir/C_/Users/downy/.pico-sdk/sdk/2.2.0/src/common/pico_time/time.c.obj
 .text.alarm_pool_post_alloc_init
                0x10001208       0x78 CMakeFiles/Pico4DeskUp.dir/C_/Users/downy/.pico-sdk/sdk/2.2.0/src/common/pico_time/time.c.obj
 .text.alarm_pool_get_default
                0x10001280       0x2c CMakeFiles/Pico4DeskUp.dir/C_/Users/downy/.pico-sdk/sdk/2.2.0/src/common/pico_time/time.c.obj
                0x10001280                alarm_pool_get_default
 .text.alarm_pool_add_alarm_at_force_in_context
                0x100012ac       0xa4 CMakeFiles/Pico4DeskUp.dir/C_/Users/downy/.pico-sdk/sdk/2.2.0/src/common/pico_time/time.c.obj
                0x100012ac                alarm_pool_add_alarm_at_force_in_context
 .text.alarm_pool_add_alarm_at
                0x10001350       0x3c CMakeFiles/Pico4DeskUp.dir/C_/Users/downy/.pico-sdk/sdk/2.2.0/src/common/pico_time/time.c.obj
                0x10001350                alarm_pool_add_alarm_at
 .text.add_alarm_at
                0x1000138c       0x2e CMakeFiles/Pico4DeskUp.dir/C_/Users/downy/.pico-sdk/sdk/2.2.0/src/common/pico_time/time.c.obj
 *fill*         0x100013ba        0x2 
 .text.alarm_pool_cancel_alarm
                0x100013bc       0x78 CMakeFiles/Pico4DeskUp.dir/C_/Users/downy/.pico-sdk/sdk/2.2.0/src/common/pico_time/time.c.obj
                0x100013bc                alarm_pool_cancel_alarm
 .text.cancel_alarm
                0x10001434       0x10 CMakeFiles/Pico4DeskUp.dir/C_/Users/downy/.pico-sdk/sdk/2.2.0/src/common/pico_time/time.c.obj
 .text.sleep_until
                0x10001444       0xb0 CMakeFiles/Pico4DeskUp.dir/C_/Users/downy/.pico-sdk/sdk/2.2.0/src/common/pico_time/time.c.obj
                0x10001444                sleep_until
 .text.sleep_us
                0x100014f4       0x24 CMakeFiles/Pico4DeskUp.dir/C_/Users/downy/.pico-sdk/sdk/2.2.0/src/common/pico_time/time.c.obj
                0x100014f4                sleep_us
 .text.sleep_ms
                0x10001518       0x14 CMakeFiles/Pico4DeskUp.dir/C_/Users/downy/.pico-sdk/sdk/2.2.0/src/common/pico_time/time.c.obj
                0x10001518                sleep_ms
 .text.best_effort_wfe_or_timeout
                0x1000152c      0x11c CMakeFiles/Pico4DeskUp.dir/C_/Users/downy/.pico-sdk/sdk/2.2.0/src/common/pico_time/time.c.obj
                0x1000152c                best_effort_wfe_or_timeout
 .text.alarm_pool_get_default_timer
                0x10001648        0x8 CMakeFiles/Pico4DeskUp.dir/C_/Users/downy/.pico-sdk/sdk/2.2.0/src/common/pico_time/time.c.obj
                0x10001648                alarm_pool_get_default_timer
 .text.runtime_init_default_alarm_pool
                0x10001650       0x38 CMakeFiles/Pico4DeskUp.dir/C_/Users/downy/.pico-sdk/sdk/2.2.0/src/common/pico_time/time.c.obj
                0x10001650                runtime_init_default_alarm_pool
 .text.timer_hardware_alarm_claim
                0x10001688       0x14 CMakeFiles/Pico4DeskUp.dir/C_/Users/downy/.pico-sdk/sdk/2.2.0/src/rp2_common/hardware_timer/timer.c.obj
                0x10001688                timer_hardware_alarm_claim
 .text.timer_time_us_64
                0x1000169c       0x10 CMakeFiles/Pico4DeskUp.dir/C_/Users/downy/.pico-sdk/sdk/2.2.0/src/rp2_common/hardware_timer/timer.c.obj
                0x1000169c                timer_time_us_64
 .text.timer_busy_wait_until
                0x100016ac       0x1a CMakeFiles/Pico4DeskUp.dir/C_/Users/downy/.pico-sdk/sdk/2.2.0/src/rp2_common/hardware_timer/timer.c.obj
                0x100016ac                timer_busy_wait_until
 .text.timer_busy_wait_us
                0x100016c6       0x38 CMakeFiles/Pico4DeskUp.dir/C_/Users/downy/.pico-sdk/sdk/2.2.0/src/rp2_common/hardware_timer/timer.c.obj
                0x100016c6                timer_busy_wait_us
 *fill*         0x100016fe        0x2 
 .text.time_us_64
                0x10001700       0x10 CMakeFiles/Pico4DeskUp.dir/C_/Users/downy/.pico-sdk/sdk/2.2.0/src/rp2_common/hardware_timer/timer.c.obj
                0x10001700                time_us_64
 .text.busy_wait_us
                0x10001710       0x14 CMakeFiles/Pico4DeskUp.dir/C_/Users/downy/.pico-sdk/sdk/2.2.0/src/rp2_common/hardware_timer/timer.c.obj
                0x10001710                busy_wait_us
 .text.busy_wait_until
                0x10001724       0x14 CMakeFiles/Pico4DeskUp.dir/C_/Users/downy/.pico-sdk/sdk/2.2.0/src/rp2_common/hardware_timer/timer.c.obj
                0x10001724                busy_wait_until
 .text.uart_unreset
                0x10001738       0x2c CMakeFiles/Pico4DeskUp.dir/C_/Users/downy/.pico-sdk/sdk/2.2.0/src/rp2_common/hardware_uart/uart.c.obj
 .text.uart_disable_before_lcr_write
                0x10001764       0x48 CMakeFiles/Pico4DeskUp.dir/C_/Users/downy/.pico-sdk/sdk/2.2.0/src/rp2_common/hardware_uart/uart.c.obj
 .text.uart_write_lcr_bits_masked
                0x100017ac       0x20 CMakeFiles/Pico4DeskUp.dir/C_/Users/downy/.pico-sdk/sdk/2.2.0/src/rp2_common/hardware_uart/uart.c.obj
 .text.uart_set_baudrate
                0x100017cc       0x5c CMakeFiles/Pico4DeskUp.dir/C_/Users/downy/.pico-sdk/sdk/2.2.0/src/rp2_common/hardware_uart/uart.c.obj
                0x100017cc                uart_set_baudrate
 .text.uart_set_translate_crlf
                0x10001828       0x28 CMakeFiles/Pico4DeskUp.dir/C_/Users/downy/.pico-sdk/sdk/2.2.0/src/rp2_common/hardware_uart/uart.c.obj
                0x10001828                uart_set_translate_crlf
 .text.uart_init
                0x10001850       0x64 CMakeFiles/Pico4DeskUp.dir/C_/Users/downy/.pico-sdk/sdk/2.2.0/src/rp2_common/hardware_uart/uart.c.obj
                0x10001850                uart_init
 .text.clock_configure_internal
                0x100018b4       0xc4 CMakeFiles/Pico4DeskUp.dir/C_/Users/downy/.pico-sdk/sdk/2.2.0/src/rp2_common/hardware_clocks/clocks.c.obj
 .text.clock_configure_int_divider
                0x10001978       0x28 CMakeFiles/Pico4DeskUp.dir/C_/Users/downy/.pico-sdk/sdk/2.2.0/src/rp2_common/hardware_clocks/clocks.c.obj
                0x10001978                clock_configure_int_divider
 .text.clock_configure_undivided
                0x100019a0       0x12 CMakeFiles/Pico4DeskUp.dir/C_/Users/downy/.pico-sdk/sdk/2.2.0/src/rp2_common/hardware_clocks/clocks.c.obj
                0x100019a0                clock_configure_undivided
 *fill*         0x100019b2        0x2 
 .text.clock_get_hz
                0x100019b4        0xc CMakeFiles/Pico4DeskUp.dir/C_/Users/downy/.pico-sdk/sdk/2.2.0/src/rp2_common/hardware_clocks/clocks.c.obj
                0x100019b4                clock_get_hz
 .text.pll_init
                0x100019c0      0x124 CMakeFiles/Pico4DeskUp.dir/C_/Users/downy/.pico-sdk/sdk/2.2.0/src/rp2_common/hardware_pll/pll.c.obj
                0x100019c0                pll_init
 .text.tick_start
                0x10001ae4       0x10 CMakeFiles/Pico4DeskUp.dir/C_/Users/downy/.pico-sdk/sdk/2.2.0/src/rp2_common/hardware_ticks/ticks.c.obj
                0x10001ae4                tick_start
 .text.rom_func_lookup
                0x10001af4       0x10 CMakeFiles/Pico4DeskUp.dir/C_/Users/downy/.pico-sdk/sdk/2.2.0/src/rp2_common/pico_bootrom/bootrom.c.obj
                0x10001af4                rom_func_lookup
 .text.rom_data_lookup
                0x10001b04       0x10 CMakeFiles/Pico4DeskUp.dir/C_/Users/downy/.pico-sdk/sdk/2.2.0/src/rp2_common/pico_bootrom/bootrom.c.obj
                0x10001b04                rom_data_lookup
 .text.rom_funcs_lookup
                0x10001b14       0x36 CMakeFiles/Pico4DeskUp.dir/C_/Users/downy/.pico-sdk/sdk/2.2.0/src/rp2_common/pico_bootrom/bootrom.c.obj
                0x10001b14                rom_funcs_lookup
 *fill*         0x10001b4a        0x2 
 .text.xosc_init
                0x10001b4c       0x2c CMakeFiles/Pico4DeskUp.dir/C_/Users/downy/.pico-sdk/sdk/2.2.0/src/rp2_common/hardware_xosc/xosc.c.obj
                0x10001b4c                xosc_init
 .text.runtime_run_initializers_from
                0x10001b78       0x18 CMakeFiles/Pico4DeskUp.dir/C_/Users/downy/.pico-sdk/sdk/2.2.0/src/rp2_common/pico_runtime/runtime.c.obj
 .text.first_per_core_initializer
                0x10001b90        0x2 CMakeFiles/Pico4DeskUp.dir/C_/Users/downy/.pico-sdk/sdk/2.2.0/src/rp2_common/pico_runtime/runtime.c.obj
 *fill*         0x10001b92        0x2 
 .text.runtime_run_initializers
                0x10001b94       0x10 CMakeFiles/Pico4DeskUp.dir/C_/Users/downy/.pico-sdk/sdk/2.2.0/src/rp2_common/pico_runtime/runtime.c.obj
                0x10001b94                runtime_run_initializers
 .text.runtime_init_early_resets
                0x10001ba4       0x2c CMakeFiles/Pico4DeskUp.dir/C_/Users/downy/.pico-sdk/sdk/2.2.0/src/rp2_common/pico_runtime_init/runtime_init.c.obj
                0x10001ba4                runtime_init_early_resets
 .text.runtime_init_usb_power_down
                0x10001bd0       0x1c CMakeFiles/Pico4DeskUp.dir/C_/Users/downy/.pico-sdk/sdk/2.2.0/src/rp2_common/pico_runtime_init/runtime_init.c.obj
                0x10001bd0                runtime_init_usb_power_down
 .text.runtime_init_post_clock_resets
                0x10001bec       0x20 CMakeFiles/Pico4DeskUp.dir/C_/Users/downy/.pico-sdk/sdk/2.2.0/src/rp2_common/pico_runtime_init/runtime_init.c.obj
                0x10001bec                runtime_init_post_clock_resets
 .text.runtime_init_rp2040_gpio_ie_disable
                0x10001c0c       0x14 CMakeFiles/Pico4DeskUp.dir/C_/Users/downy/.pico-sdk/sdk/2.2.0/src/rp2_common/pico_runtime_init/runtime_init.c.obj
                0x10001c0c                runtime_init_rp2040_gpio_ie_disable
 .text.runtime_init_spin_locks_reset
                0x10001c20        0x8 CMakeFiles/Pico4DeskUp.dir/C_/Users/downy/.pico-sdk/sdk/2.2.0/src/rp2_common/pico_runtime_init/runtime_init.c.obj
                0x10001c20                runtime_init_spin_locks_reset
 .text.runtime_init_install_ram_vector_table
                0x10001c28       0x48 CMakeFiles/Pico4DeskUp.dir/C_/Users/downy/.pico-sdk/sdk/2.2.0/src/rp2_common/pico_runtime_init/runtime_init.c.obj
                0x10001c28                runtime_init_install_ram_vector_table
 .text.start_all_ticks
                0x10001c70       0x28 CMakeFiles/Pico4DeskUp.dir/C_/Users/downy/.pico-sdk/sdk/2.2.0/src/rp2_common/pico_runtime_init/runtime_init_clocks.c.obj
 .text.runtime_init_clocks
                0x10001c98       0xcc CMakeFiles/Pico4DeskUp.dir/C_/Users/downy/.pico-sdk/sdk/2.2.0/src/rp2_common/pico_runtime_init/runtime_init_clocks.c.obj
                0x10001c98                runtime_init_clocks
 .text          0x10001d64       0x10 CMakeFiles/Pico4DeskUp.dir/C_/Users/downy/.pico-sdk/sdk/2.2.0/src/rp2_common/pico_bit_ops/bit_ops_aeabi.S.obj
 .text.__wrap___aeabi_idiv
                0x10001d74       0x50 CMakeFiles/Pico4DeskUp.dir/C_/Users/downy/.pico-sdk/sdk/2.2.0/src/rp2_common/pico_divider/divider_hardware.S.obj
                0x10001d74                __wrap___aeabi_idivmod
                0x10001d74                divmod_s32s32
                0x10001d74                div_s32s32
                0x10001d74                __wrap___aeabi_idiv
                0x10001d7c                divmod_s32s32_unsafe
                0x10001da8                divmod_s32s32_savestate
 .text.__wrap___aeabi_uidiv
                0x10001dc4       0x4c CMakeFiles/Pico4DeskUp.dir/C_/Users/downy/.pico-sdk/sdk/2.2.0/src/rp2_common/pico_divider/divider_hardware.S.obj
                0x10001dc4                __wrap___aeabi_uidiv
                0x10001dc4                __wrap___aeabi_uidivmod
                0x10001dc4                div_u32u32
                0x10001dc4                divmod_u32u32
                0x10001dcc                divmod_u32u32_unsafe
                0x10001df4                divmod_u32u32_savestate
 .text.__wrap___aeabi_ldiv
                0x10001e10      0x424 CMakeFiles/Pico4DeskUp.dir/C_/Users/downy/.pico-sdk/sdk/2.2.0/src/rp2_common/pico_divider/divider_hardware.S.obj
                0x10001e10                div_s64s64
                0x10001e10                divmod_s64s64
                0x10001e10                __wrap___aeabi_ldivmod
                0x10001e40                divmod_u64u64
                0x10001e40                div_u64u64
                0x10001e40                __wrap___aeabi_uldivmod
                0x10001e50                divmod_u64u64_savestate
                0x10001e70                divmod_s64s64_unsafe
                0x10001ef8                divmod_u64u64_unsafe
 .text.__wrap___aeabi_darithmetic
                0x10002234       0x60 CMakeFiles/Pico4DeskUp.dir/C_/Users/downy/.pico-sdk/sdk/2.2.0/src/rp2_common/pico_double/double_aeabi_rp2040.S.obj
                0x10002234                __wrap___aeabi_drsub
                0x1000223a                __wrap___aeabi_dsub
                0x10002244                __wrap___aeabi_dadd
                0x1000224e                __wrap___aeabi_ddiv
                0x10002282                __wrap___aeabi_dmul
 .text.__wrap___aeabi_cdcmple
                0x10002294       0x6c CMakeFiles/Pico4DeskUp.dir/C_/Users/downy/.pico-sdk/sdk/2.2.0/src/rp2_common/pico_double/double_aeabi_rp2040.S.obj
                0x10002294                __wrap___aeabi_cdrcmple
                0x100022a4                __wrap___aeabi_cdcmpeq
                0x100022a4                __wrap___aeabi_cdcmple
 .text.__wrap___aeabi_dcmplt
                0x10002300        0xc CMakeFiles/Pico4DeskUp.dir/C_/Users/downy/.pico-sdk/sdk/2.2.0/src/rp2_common/pico_double/double_aeabi_rp2040.S.obj
                0x10002300                __wrap___aeabi_dcmplt
 .text.__wrap___aeabi_dcmple
                0x1000230c       0x10 CMakeFiles/Pico4DeskUp.dir/C_/Users/downy/.pico-sdk/sdk/2.2.0/src/rp2_common/pico_double/double_aeabi_rp2040.S.obj
                0x1000230c                __wrap___aeabi_dcmple
 .text.__wrap___aeabi_dcmpge
                0x1000231c       0x10 CMakeFiles/Pico4DeskUp.dir/C_/Users/downy/.pico-sdk/sdk/2.2.0/src/rp2_common/pico_double/double_aeabi_rp2040.S.obj
                0x1000231c                __wrap___aeabi_dcmpge
 .text.__wrap___aeabi_dcmpgt
                0x1000232c        0xa CMakeFiles/Pico4DeskUp.dir/C_/Users/downy/.pico-sdk/sdk/2.2.0/src/rp2_common/pico_double/double_aeabi_rp2040.S.obj
                0x1000232c                __wrap___aeabi_dcmpgt
 .text.__wrap___aeabi_dcmpun
                0x10002336       0x18 CMakeFiles/Pico4DeskUp.dir/C_/Users/downy/.pico-sdk/sdk/2.2.0/src/rp2_common/pico_double/double_aeabi_rp2040.S.obj
                0x10002336                __wrap___aeabi_dcmpun
 *fill*         0x1000234e        0x2 
 .text.__wrap___aeabi_i2d
                0x10002350       0x38 CMakeFiles/Pico4DeskUp.dir/C_/Users/downy/.pico-sdk/sdk/2.2.0/src/rp2_common/pico_double/double_aeabi_rp2040.S.obj
                0x10002350                uint2double
                0x10002350                __wrap___aeabi_ui2d
                0x10002358                int2double
                0x10002358                __wrap___aeabi_i2d
 .text.__wrap___aeabi_d2iz
                0x10002388       0x48 CMakeFiles/Pico4DeskUp.dir/C_/Users/downy/.pico-sdk/sdk/2.2.0/src/rp2_common/pico_double/double_aeabi_rp2040.S.obj
                0x10002388                double2int_z
                0x10002388                __wrap___aeabi_d2iz
 .text.__wrap___aeabi_d2uiz
                0x100023d0       0x10 CMakeFiles/Pico4DeskUp.dir/C_/Users/downy/.pico-sdk/sdk/2.2.0/src/rp2_common/pico_double/double_aeabi_rp2040.S.obj
                0x100023d0                double2uint
                0x100023d0                __wrap___aeabi_d2uiz
                0x100023d0                double2uint_z
 .text.missing_double_func_shim
                0x100023e0        0xc CMakeFiles/Pico4DeskUp.dir/C_/Users/downy/.pico-sdk/sdk/2.2.0/src/rp2_common/pico_double/double_init_rom_rp2040.c.obj
 .text.__aeabi_double_init
                0x100023ec       0xd0 CMakeFiles/Pico4DeskUp.dir/C_/Users/downy/.pico-sdk/sdk/2.2.0/src/rp2_common/pico_double/double_init_rom_rp2040.c.obj
                0x100023ec                __aeabi_double_init
 .text.double_table_shim_on_use_helper
                0x100024bc       0x34 CMakeFiles/Pico4DeskUp.dir/C_/Users/downy/.pico-sdk/sdk/2.2.0/src/rp2_common/pico_double/double_v1_rom_shim_rp2040.S.obj
                0x100024bc                double_table_shim_on_use_helper
 .text.__aeabi_lmul
                0x100024f0       0x32 CMakeFiles/Pico4DeskUp.dir/C_/Users/downy/.pico-sdk/sdk/2.2.0/src/rp2_common/pico_int64_ops/pico_int64_ops_aeabi.S.obj
                0x100024f0                __wrap___aeabi_lmul
 *fill*         0x10002522        0x2 
 .text.missing_float_func_shim
                0x10002524        0xc CMakeFiles/Pico4DeskUp.dir/C_/Users/downy/.pico-sdk/sdk/2.2.0/src/rp2_common/pico_float/float_init_rom_rp2040.c.obj
 .text.__aeabi_float_init
                0x10002530       0x88 CMakeFiles/Pico4DeskUp.dir/C_/Users/downy/.pico-sdk/sdk/2.2.0/src/rp2_common/pico_float/float_init_rom_rp2040.c.obj
                0x10002530                __aeabi_float_init
 .text          0x100025b8       0x10 CMakeFiles/Pico4DeskUp.dir/C_/Users/downy/.pico-sdk/sdk/2.2.0/src/rp2_common/pico_mem_ops/mem_ops_aeabi.S.obj
                0x100025b8                __aeabi_mem_init
 .text.memset   0x100025c8        0xc CMakeFiles/Pico4DeskUp.dir/C_/Users/downy/.pico-sdk/sdk/2.2.0/src/rp2_common/pico_mem_ops/mem_ops_aeabi.S.obj
                0x100025c8                __wrap_memset
 .text.memcpy   0x100025d4        0xc CMakeFiles/Pico4DeskUp.dir/C_/Users/downy/.pico-sdk/sdk/2.2.0/src/rp2_common/pico_mem_ops/mem_ops_aeabi.S.obj
                0x100025d4                __wrap_memcpy
                0x100025d4                __wrap___aeabi_memcpy
 .text._out_buffer
                0x100025e0        0x8 CMakeFiles/Pico4DeskUp.dir/C_/Users/downy/.pico-sdk/sdk/2.2.0/src/rp2_common/pico_printf/printf.c.obj
 .text._out_null
                0x100025e8        0x2 CMakeFiles/Pico4DeskUp.dir/C_/Users/downy/.pico-sdk/sdk/2.2.0/src/rp2_common/pico_printf/printf.c.obj
 .text._out_fct
                0x100025ea        0xe CMakeFiles/Pico4DeskUp.dir/C_/Users/downy/.pico-sdk/sdk/2.2.0/src/rp2_common/pico_printf/printf.c.obj
 .text._atoi    0x100025f8       0x24 CMakeFiles/Pico4DeskUp.dir/C_/Users/downy/.pico-sdk/sdk/2.2.0/src/rp2_common/pico_printf/printf.c.obj
 .text._out_rev
                0x1000261c       0xb0 CMakeFiles/Pico4DeskUp.dir/C_/Users/downy/.pico-sdk/sdk/2.2.0/src/rp2_common/pico_printf/printf.c.obj
 .text._ntoa_format
                0x100026cc      0x10e CMakeFiles/Pico4DeskUp.dir/C_/Users/downy/.pico-sdk/sdk/2.2.0/src/rp2_common/pico_printf/printf.c.obj
 .text._ntoa_long
                0x100027da       0xbc CMakeFiles/Pico4DeskUp.dir/C_/Users/downy/.pico-sdk/sdk/2.2.0/src/rp2_common/pico_printf/printf.c.obj
 .text._ntoa_long_long
                0x10002896      0x10e CMakeFiles/Pico4DeskUp.dir/C_/Users/downy/.pico-sdk/sdk/2.2.0/src/rp2_common/pico_printf/printf.c.obj
 .text._etoa    0x100029a4      0x424 CMakeFiles/Pico4DeskUp.dir/C_/Users/downy/.pico-sdk/sdk/2.2.0/src/rp2_common/pico_printf/printf.c.obj
 .text._ftoa    0x10002dc8      0x348 CMakeFiles/Pico4DeskUp.dir/C_/Users/downy/.pico-sdk/sdk/2.2.0/src/rp2_common/pico_printf/printf.c.obj
 .text._vsnprintf
                0x10003110      0x6a4 CMakeFiles/Pico4DeskUp.dir/C_/Users/downy/.pico-sdk/sdk/2.2.0/src/rp2_common/pico_printf/printf.c.obj
 .text.__wrap_snprintf
                0x100037b4       0x28 CMakeFiles/Pico4DeskUp.dir/C_/Users/downy/.pico-sdk/sdk/2.2.0/src/rp2_common/pico_printf/printf.c.obj
                0x100037b4                __wrap_snprintf
 .text.vfctprintf
                0x100037dc       0x24 CMakeFiles/Pico4DeskUp.dir/C_/Users/downy/.pico-sdk/sdk/2.2.0/src/rp2_common/pico_printf/printf.c.obj
                0x100037dc                vfctprintf
 .text._exit    0x10003800        0x4 CMakeFiles/Pico4DeskUp.dir/C_/Users/downy/.pico-sdk/sdk/2.2.0/src/rp2_common/pico_clib_interface/newlib_interface.c.obj
                0x10003800                _exit
 .text.exit     0x10003804        0x6 CMakeFiles/Pico4DeskUp.dir/C_/Users/downy/.pico-sdk/sdk/2.2.0/src/rp2_common/pico_clib_interface/newlib_interface.c.obj
                0x10003804                exit
 *fill*         0x1000380a        0x2 
 .text.__assert_func
                0x1000380c       0x38 CMakeFiles/Pico4DeskUp.dir/C_/Users/downy/.pico-sdk/sdk/2.2.0/src/rp2_common/pico_clib_interface/newlib_interface.c.obj
                0x1000380c                __assert_func
 .text.runtime_init
                0x10003844       0x28 CMakeFiles/Pico4DeskUp.dir/C_/Users/downy/.pico-sdk/sdk/2.2.0/src/rp2_common/pico_clib_interface/newlib_interface.c.obj
                0x10003844                runtime_init
 .text.stdio_out_chars_no_crlf
                0x1000386c        0xe CMakeFiles/Pico4DeskUp.dir/C_/Users/downy/.pico-sdk/sdk/2.2.0/src/rp2_common/pico_stdio/stdio.c.obj
 *fill*         0x1000387a        0x2 
 .text.stdio_out_chars_crlf
                0x1000387c       0x80 CMakeFiles/Pico4DeskUp.dir/C_/Users/downy/.pico-sdk/sdk/2.2.0/src/rp2_common/pico_stdio/stdio.c.obj
 .text.stdio_stack_buffer_flush
                0x100038fc       0x44 CMakeFiles/Pico4DeskUp.dir/C_/Users/downy/.pico-sdk/sdk/2.2.0/src/rp2_common/pico_stdio/stdio.c.obj
 .text.stdio_buffered_printer
                0x10003940       0x20 CMakeFiles/Pico4DeskUp.dir/C_/Users/downy/.pico-sdk/sdk/2.2.0/src/rp2_common/pico_stdio/stdio.c.obj
 .text.stdout_serialize_begin
                0x10003960       0x30 CMakeFiles/Pico4DeskUp.dir/C_/Users/downy/.pico-sdk/sdk/2.2.0/src/rp2_common/pico_stdio/stdio.c.obj
                0x10003960                stdout_serialize_begin
 .text.stdout_serialize_end
                0x10003990       0x10 CMakeFiles/Pico4DeskUp.dir/C_/Users/downy/.pico-sdk/sdk/2.2.0/src/rp2_common/pico_stdio/stdio.c.obj
                0x10003990                stdout_serialize_end
 .text.stdio_put_string
                0x100039a0       0x94 CMakeFiles/Pico4DeskUp.dir/C_/Users/downy/.pico-sdk/sdk/2.2.0/src/rp2_common/pico_stdio/stdio.c.obj
                0x100039a0                stdio_put_string
 .text.stdio_set_driver_enabled
                0x10003a34       0x30 CMakeFiles/Pico4DeskUp.dir/C_/Users/downy/.pico-sdk/sdk/2.2.0/src/rp2_common/pico_stdio/stdio.c.obj
                0x10003a34                stdio_set_driver_enabled
 .text.stdio_flush
                0x10003a64       0x20 CMakeFiles/Pico4DeskUp.dir/C_/Users/downy/.pico-sdk/sdk/2.2.0/src/rp2_common/pico_stdio/stdio.c.obj
                0x10003a64                stdio_flush
 .text.stdio_init_all
                0x10003a84        0xa CMakeFiles/Pico4DeskUp.dir/C_/Users/downy/.pico-sdk/sdk/2.2.0/src/rp2_common/pico_stdio/stdio.c.obj
                0x10003a84                stdio_init_all
 .text.__wrap_puts
                0x10003a8e       0x1e CMakeFiles/Pico4DeskUp.dir/C_/Users/downy/.pico-sdk/sdk/2.2.0/src/rp2_common/pico_stdio/stdio.c.obj
                0x10003a8e                stdio_puts
                0x10003a8e                __wrap_puts
 .text.__wrap_vprintf
                0x10003aac       0x40 CMakeFiles/Pico4DeskUp.dir/C_/Users/downy/.pico-sdk/sdk/2.2.0/src/rp2_common/pico_stdio/stdio.c.obj
                0x10003aac                stdio_vprintf
                0x10003aac                __wrap_vprintf
 .text.__wrap_printf
                0x10003aec       0x18 CMakeFiles/Pico4DeskUp.dir/C_/Users/downy/.pico-sdk/sdk/2.2.0/src/rp2_common/pico_stdio/stdio.c.obj
                0x10003aec                __wrap_printf
                0x10003aec                stdio_printf
 .text.uart_putc
                0x10003b04       0x60 CMakeFiles/Pico4DeskUp.dir/C_/Users/downy/.pico-sdk/sdk/2.2.0/src/rp2_common/pico_stdio_uart/stdio_uart.c.obj
 .text.uart_getc
                0x10003b64       0x24 CMakeFiles/Pico4DeskUp.dir/C_/Users/downy/.pico-sdk/sdk/2.2.0/src/rp2_common/pico_stdio_uart/stdio_uart.c.obj
 .text.stdio_uart_out_chars
                0x10003b88       0x20 CMakeFiles/Pico4DeskUp.dir/C_/Users/downy/.pico-sdk/sdk/2.2.0/src/rp2_common/pico_stdio_uart/stdio_uart.c.obj
 .text.stdio_uart_in_chars
                0x10003ba8       0x5c CMakeFiles/Pico4DeskUp.dir/C_/Users/downy/.pico-sdk/sdk/2.2.0/src/rp2_common/pico_stdio_uart/stdio_uart.c.obj
                0x10003ba8                stdio_uart_in_chars
 .text.on_uart_rx
                0x10003c04       0x28 CMakeFiles/Pico4DeskUp.dir/C_/Users/downy/.pico-sdk/sdk/2.2.0/src/rp2_common/pico_stdio_uart/stdio_uart.c.obj
 .text.stdio_uart_out_flush
                0x10003c2c       0x10 CMakeFiles/Pico4DeskUp.dir/C_/Users/downy/.pico-sdk/sdk/2.2.0/src/rp2_common/pico_stdio_uart/stdio_uart.c.obj
 .text.stdio_uart_set_chars_available_callback
                0x10003c3c       0x90 CMakeFiles/Pico4DeskUp.dir/C_/Users/downy/.pico-sdk/sdk/2.2.0/src/rp2_common/pico_stdio_uart/stdio_uart.c.obj
 .text.stdio_uart_init_full
                0x10003ccc       0x44 CMakeFiles/Pico4DeskUp.dir/C_/Users/downy/.pico-sdk/sdk/2.2.0/src/rp2_common/pico_stdio_uart/stdio_uart.c.obj
                0x10003ccc                stdio_uart_init_full
 .text.stdio_uart_init
                0x10003d10       0x30 CMakeFiles/Pico4DeskUp.dir/C_/Users/downy/.pico-sdk/sdk/2.2.0/src/rp2_common/pico_stdio_uart/stdio_uart.c.obj
                0x10003d10                stdio_uart_init
 .text.i2c_unreset
                0x10003d40       0x2c CMakeFiles/Pico4DeskUp.dir/C_/Users/downy/.pico-sdk/sdk/2.2.0/src/rp2_common/hardware_i2c/i2c.c.obj
 .text.i2c_write_blocking_internal
                0x10003d6c      0x158 CMakeFiles/Pico4DeskUp.dir/C_/Users/downy/.pico-sdk/sdk/2.2.0/src/rp2_common/hardware_i2c/i2c.c.obj
 .text.i2c_set_baudrate
                0x10003ec4       0xf0 CMakeFiles/Pico4DeskUp.dir/C_/Users/downy/.pico-sdk/sdk/2.2.0/src/rp2_common/hardware_i2c/i2c.c.obj
                0x10003ec4                i2c_set_baudrate
 .text.i2c_init
                0x10003fb4       0x54 CMakeFiles/Pico4DeskUp.dir/C_/Users/downy/.pico-sdk/sdk/2.2.0/src/rp2_common/hardware_i2c/i2c.c.obj
                0x10003fb4                i2c_init
 .text.i2c_write_blocking
                0x10004008       0x18 CMakeFiles/Pico4DeskUp.dir/C_/Users/downy/.pico-sdk/sdk/2.2.0/src/rp2_common/hardware_i2c/i2c.c.obj
                0x10004008                i2c_write_blocking
 .text.atoi     0x10004020        0xc C:/Users/downy/.pico-sdk/toolchain/14_2_Rel1/bin/../lib/gcc/arm-none-eabi/14.2.1/thumb/v6-m/nofp\libg.a(libc_a-atoi.o)
                0x10004020                atoi
 .text._strtol_l.isra.0
                0x1000402c      0x158 C:/Users/downy/.pico-sdk/toolchain/14_2_Rel1/bin/../lib/gcc/arm-none-eabi/14.2.1/thumb/v6-m/nofp\libg.a(libc_a-strtol.o)
 .text.strtol   0x10004184       0x18 C:/Users/downy/.pico-sdk/toolchain/14_2_Rel1/bin/../lib/gcc/arm-none-eabi/14.2.1/thumb/v6-m/nofp\libg.a(libc_a-strtol.o)
                0x10004184                strtol
 .text.strncmp  0x1000419c       0x68 C:/Users/downy/.pico-sdk/toolchain/14_2_Rel1/bin/../lib/gcc/arm-none-eabi/14.2.1/thumb/v6-m/nofp\libg.a(libc_a-strncmp.o)
                0x1000419c                strncmp
 .text.strncpy  0x10004204       0x5c C:/Users/downy/.pico-sdk/toolchain/14_2_Rel1/bin/../lib/gcc/arm-none-eabi/14.2.1/thumb/v6-m/nofp\libg.a(libc_a-strncpy.o)
                0x10004204                strncpy
 .text.__errno  0x10004260        0xc C:/Users/downy/.pico-sdk/toolchain/14_2_Rel1/bin/../lib/gcc/arm-none-eabi/14.2.1/thumb/v6-m/nofp\libg.a(libc_a-errno.o)
                0x10004260                __errno
 .text          0x1000426c       0x88 C:/Users/downy/.pico-sdk/toolchain/14_2_Rel1/bin/../lib/gcc/arm-none-eabi/14.2.1/thumb/v6-m/nofp\libg.a(libc_a-strcmp.o)
                0x1000426c                strcmp
 .text.strcpy   0x100042f4       0x10 C:/Users/downy/.pico-sdk/toolchain/14_2_Rel1/bin/../lib/gcc/arm-none-eabi/14.2.1/thumb/v6-m/nofp\libg.a(libc_a-strcpy.o)
                0x100042f4                strcpy
 .text.strlen   0x10004304       0x5c C:/Users/downy/.pico-sdk/toolchain/14_2_Rel1/bin/../lib/gcc/arm-none-eabi/14.2.1/thumb/v6-m/nofp\libg.a(libc_a-strlen-stub.o)
                0x10004304                strlen
 *(.fini)
 .fini          0x10004360        0x4 C:/Users/downy/.pico-sdk/toolchain/14_2_Rel1/bin/../lib/gcc/arm-none-eabi/14.2.1/thumb/v6-m/nofp/crti.o
                0x10004360                _fini
 *fill*         0x10004364        0x4 
 .fini.__stub   0x10004368       0x40 linker stubs
 *crtbegin.o(.ctors)
 *crtbegin?.o(.ctors)
 *(EXCLUDE_FILE(*crtend.o *crtend?.o) .ctors)
 *(SORT_BY_NAME(.ctors.*))
 *(.ctors)
 *crtbegin.o(.dtors)
 *crtbegin?.o(.dtors)
 *(EXCLUDE_FILE(*crtend.o *crtend?.o) .dtors)
 *(SORT_BY_NAME(.dtors.*))
 *(.dtors)
                0x100043a8                        . = ALIGN (0x4)
                0x100043a8                        PROVIDE (__preinit_array_start = .)
 *(SORT_BY_NAME(.preinit_array.*))
 .preinit_array.00100
                0x100043a8        0x4 CMakeFiles/Pico4DeskUp.dir/C_/Users/downy/.pico-sdk/sdk/2.2.0/src/rp2_common/pico_runtime_init/runtime_init.c.obj
                0x100043a8                __pre_init_runtime_init_early_resets
 .preinit_array.00101
                0x100043ac        0x4 CMakeFiles/Pico4DeskUp.dir/C_/Users/downy/.pico-sdk/sdk/2.2.0/src/rp2_common/pico_runtime_init/runtime_init.c.obj
                0x100043ac                __pre_init_runtime_init_usb_power_down
 .preinit_array.00275
                0x100043b0        0x4 CMakeFiles/Pico4DeskUp.dir/C_/Users/downy/.pico-sdk/sdk/2.2.0/src/rp2_common/pico_bit_ops/bit_ops_aeabi.S.obj
 .preinit_array.00300
                0x100043b4        0x4 CMakeFiles/Pico4DeskUp.dir/C_/Users/downy/.pico-sdk/sdk/2.2.0/src/rp2_common/pico_mem_ops/mem_ops_aeabi.S.obj
 .preinit_array.00350
                0x100043b8        0x4 CMakeFiles/Pico4DeskUp.dir/C_/Users/downy/.pico-sdk/sdk/2.2.0/src/rp2_common/pico_double/double_aeabi_rp2040.S.obj
 .preinit_array.00350
                0x100043bc        0x4 CMakeFiles/Pico4DeskUp.dir/C_/Users/downy/.pico-sdk/sdk/2.2.0/src/rp2_common/pico_float/float_aeabi_rp2040.S.obj
 .preinit_array.00500
                0x100043c0        0x4 CMakeFiles/Pico4DeskUp.dir/C_/Users/downy/.pico-sdk/sdk/2.2.0/src/rp2_common/pico_runtime_init/runtime_init.c.obj
                0x100043c0                __pre_init_runtime_init_clocks
 .preinit_array.00600
                0x100043c4        0x4 CMakeFiles/Pico4DeskUp.dir/C_/Users/downy/.pico-sdk/sdk/2.2.0/src/rp2_common/pico_runtime_init/runtime_init.c.obj
                0x100043c4                __pre_init_runtime_init_post_clock_resets
 .preinit_array.00700
                0x100043c8        0x4 CMakeFiles/Pico4DeskUp.dir/C_/Users/downy/.pico-sdk/sdk/2.2.0/src/rp2_common/pico_runtime_init/runtime_init.c.obj
                0x100043c8                __pre_init_runtime_init_rp2040_gpio_ie_disable
 .preinit_array.01000
                0x100043cc        0x4 CMakeFiles/Pico4DeskUp.dir/C_/Users/downy/.pico-sdk/sdk/2.2.0/src/rp2_common/pico_runtime_init/runtime_init.c.obj
                0x100043cc                __pre_init_runtime_init_spin_locks_reset
 .preinit_array.01100
                0x100043d0        0x4 CMakeFiles/Pico4DeskUp.dir/C_/Users/downy/.pico-sdk/sdk/2.2.0/src/common/pico_sync/mutex.c.obj
                0x100043d0                __pre_init_runtime_init_mutex
 .preinit_array.10080
                0x100043d4        0x4 CMakeFiles/Pico4DeskUp.dir/C_/Users/downy/.pico-sdk/sdk/2.2.0/src/rp2_common/pico_runtime_init/runtime_init.c.obj
                0x100043d4                __pre_init_runtime_init_install_ram_vector_table
 .preinit_array.11000
                0x100043d8        0x4 CMakeFiles/Pico4DeskUp.dir/C_/Users/downy/.pico-sdk/sdk/2.2.0/src/common/pico_time/time.c.obj
                0x100043d8                __pre_init_runtime_init_default_alarm_pool
 .preinit_array.YYYYY
                0x100043dc        0x4 CMakeFiles/Pico4DeskUp.dir/C_/Users/downy/.pico-sdk/sdk/2.2.0/src/rp2_common/pico_runtime/runtime.c.obj
                0x100043dc                __pre_init_first_per_core_initializer
 .preinit_array.ZZZZZ.01200
                0x100043e0        0x4 CMakeFiles/Pico4DeskUp.dir/C_/Users/downy/.pico-sdk/sdk/2.2.0/src/rp2_common/hardware_irq/irq.c.obj
                0x100043e0                __pre_init_runtime_init_per_core_irq_priorities
 *(.preinit_array)
                0x100043e4                        PROVIDE (__preinit_array_end = .)
                0x100043e4                        . = ALIGN (0x4)
                0x100043e4                        PROVIDE (__init_array_start = .)
 *(SORT_BY_NAME(.init_array.*))
 *(.init_array)
 .init_array    0x100043e4        0x4 C:/Users/downy/.pico-sdk/toolchain/14_2_Rel1/bin/../lib/gcc/arm-none-eabi/14.2.1/thumb/v6-m/nofp/crtbegin.o
                0x100043e8                        PROVIDE (__init_array_end = .)
                0x100043e8                        . = ALIGN (0x4)
                [!provide]                        PROVIDE (__fini_array_start = .)
 *(SORT_BY_NAME(.fini_array.*))
 *(.fini_array)
                [!provide]                        PROVIDE (__fini_array_end = .)
 *(.eh_frame*)
 .eh_frame      0x100043e8        0x0 C:/Users/downy/.pico-sdk/toolchain/14_2_Rel1/bin/../lib/gcc/arm-none-eabi/14.2.1/thumb/v6-m/nofp/crtbegin.o
                0x100043e8                        . = ALIGN (0x4)

.glue_7         0x100043e8        0x0
 .glue_7        0x100043e8        0x0 linker stubs

.glue_7t        0x100043e8        0x0
 .glue_7t       0x100043e8        0x0 linker stubs

.vfp11_veneer   0x100043e8        0x0
 .vfp11_veneer  0x100043e8        0x0 linker stubs

.v4_bx          0x100043e8        0x0
 .v4_bx         0x100043e8        0x0 linker stubs

.iplt           0x100043e8        0x0
 .iplt          0x100043e8        0x0 C:/Users/downy/.pico-sdk/toolchain/14_2_Rel1/bin/../lib/gcc/arm-none-eabi/14.2.1/thumb/v6-m/nofp/crtbegin.o

.rodata         0x100043e8      0xee0
 *(EXCLUDE_FILE(*libm.a: *libc.a:*lib_a-mem*.o *libgcc.a:) .rodata*)
 .rodata.main.str1.4
                0x100043e8      0x841 CMakeFiles/Pico4DeskUp.dir/Pico4DeskUp.cpp.obj
                                 0xf2 (size before relaxing)
 *fill*         0x10004c29        0x3 
 .rodata._ZL7font5x8
                0x10004c2c      0x1e0 CMakeFiles/Pico4DeskUp.dir/OLEDDisplay.cpp.obj
 .rodata        0x10004e0c       0x21 CMakeFiles/Pico4DeskUp.dir/OLEDDisplay.cpp.obj
 .rodata._ZN7DeskAPIC2EP9uart_inst.str1.4
                0x10004e2d        0x5 CMakeFiles/Pico4DeskUp.dir/DeskAPI.cpp.obj
 .rodata._ZN7DeskAPI4initEv.str1.4
                0x10004e2d       0x2a CMakeFiles/Pico4DeskUp.dir/DeskAPI.cpp.obj
 .rodata._ZN7DeskAPI12parseMessageEPKc.str1.4
                0x10004e2d       0x85 CMakeFiles/Pico4DeskUp.dir/DeskAPI.cpp.obj
 .rodata.panic.str1.4
                0x10004e2d       0x12 CMakeFiles/Pico4DeskUp.dir/C_/Users/downy/.pico-sdk/sdk/2.2.0/src/rp2_common/pico_platform_panic/panic.c.obj
 .rodata.resolve_j_16.str1.4
                0x10004e2d       0x5d CMakeFiles/Pico4DeskUp.dir/C_/Users/downy/.pico-sdk/sdk/2.2.0/src/rp2_common/hardware_irq/irq.c.obj
 .rodata.make_j_16.str1.4
                0x10004e2d       0x30 CMakeFiles/Pico4DeskUp.dir/C_/Users/downy/.pico-sdk/sdk/2.2.0/src/rp2_common/hardware_irq/irq.c.obj
 .rodata.insert_bl_32.str1.4
                0x10004e2d       0x10 CMakeFiles/Pico4DeskUp.dir/C_/Users/downy/.pico-sdk/sdk/2.2.0/src/rp2_common/hardware_irq/irq.c.obj
 .rodata.irq_set_exclusive_handler.str1.4
                0x10004e2d       0x36 CMakeFiles/Pico4DeskUp.dir/C_/Users/downy/.pico-sdk/sdk/2.2.0/src/rp2_common/hardware_irq/irq.c.obj
 .rodata.irq_remove_handler.str1.4
                0x10004e2d       0x3a CMakeFiles/Pico4DeskUp.dir/C_/Users/downy/.pico-sdk/sdk/2.2.0/src/rp2_common/hardware_irq/irq.c.obj
 .rodata.irq_add_tail_to_free_list.str1.4
                0x10004e2d       0x3a CMakeFiles/Pico4DeskUp.dir/C_/Users/downy/.pico-sdk/sdk/2.2.0/src/rp2_common/hardware_irq/irq.c.obj
 *fill*         0x10004e2d        0x3 
 .rodata.__func__.0
                0x10004e30       0x1a CMakeFiles/Pico4DeskUp.dir/C_/Users/downy/.pico-sdk/sdk/2.2.0/src/rp2_common/hardware_irq/irq.c.obj
 *fill*         0x10004e4a        0x2 
 .rodata.__func__.1
                0x10004e4c        0xd CMakeFiles/Pico4DeskUp.dir/C_/Users/downy/.pico-sdk/sdk/2.2.0/src/rp2_common/hardware_irq/irq.c.obj
 *fill*         0x10004e59        0x3 
 .rodata.__func__.2
                0x10004e5c       0x13 CMakeFiles/Pico4DeskUp.dir/C_/Users/downy/.pico-sdk/sdk/2.2.0/src/rp2_common/hardware_irq/irq.c.obj
 *fill*         0x10004e6f        0x1 
 .rodata.__func__.3
                0x10004e70        0xa CMakeFiles/Pico4DeskUp.dir/C_/Users/downy/.pico-sdk/sdk/2.2.0/src/rp2_common/hardware_irq/irq.c.obj
 *fill*         0x10004e7a        0x2 
 .rodata.__func__.4
                0x10004e7c        0xd CMakeFiles/Pico4DeskUp.dir/C_/Users/downy/.pico-sdk/sdk/2.2.0/src/rp2_common/hardware_irq/irq.c.obj
 *fill*         0x10004e89        0x3 
 .rodata.__func__.6
                0x10004e8c       0x1a CMakeFiles/Pico4DeskUp.dir/C_/Users/downy/.pico-sdk/sdk/2.2.0/src/rp2_common/hardware_irq/irq.c.obj
 .rodata.runtime_init_mutex.str1.4
                0x10004ea6       0x60 CMakeFiles/Pico4DeskUp.dir/C_/Users/downy/.pico-sdk/sdk/2.2.0/src/common/pico_sync/mutex.c.obj
 .rodata.str1.4
                0x10004ea6       0x51 CMakeFiles/Pico4DeskUp.dir/C_/Users/downy/.pico-sdk/sdk/2.2.0/src/common/pico_sync/mutex.c.obj
 *fill*         0x10004ea6        0x2 
 .rodata.__func__.1
                0x10004ea8        0xb CMakeFiles/Pico4DeskUp.dir/C_/Users/downy/.pico-sdk/sdk/2.2.0/src/common/pico_sync/mutex.c.obj
 *fill*         0x10004eb3        0x1 
 .rodata.__func__.3
                0x10004eb4       0x18 CMakeFiles/Pico4DeskUp.dir/C_/Users/downy/.pico-sdk/sdk/2.2.0/src/common/pico_sync/mutex.c.obj
 .rodata.__func__.6
                0x10004ecc       0x13 CMakeFiles/Pico4DeskUp.dir/C_/Users/downy/.pico-sdk/sdk/2.2.0/src/common/pico_sync/mutex.c.obj
 .rodata.alarm_pool_irq_handler.str1.4
                0x10004edf       0x6b CMakeFiles/Pico4DeskUp.dir/C_/Users/downy/.pico-sdk/sdk/2.2.0/src/common/pico_time/time.c.obj
 .rodata.alarm_pool_get_default.str1.4
                0x10004edf       0x21 CMakeFiles/Pico4DeskUp.dir/C_/Users/downy/.pico-sdk/sdk/2.2.0/src/common/pico_time/time.c.obj
 .rodata.sleep_until.str1.4
                0x10004edf       0x4d CMakeFiles/Pico4DeskUp.dir/C_/Users/downy/.pico-sdk/sdk/2.2.0/src/common/pico_time/time.c.obj
 *fill*         0x10004edf        0x1 
 .rodata.__func__.1
                0x10004ee0       0x17 CMakeFiles/Pico4DeskUp.dir/C_/Users/downy/.pico-sdk/sdk/2.2.0/src/common/pico_time/time.c.obj
 *fill*         0x10004ef7        0x1 
 .rodata.__func__.2
                0x10004ef8       0x17 CMakeFiles/Pico4DeskUp.dir/C_/Users/downy/.pico-sdk/sdk/2.2.0/src/common/pico_time/time.c.obj
 .rodata.timer_hardware_alarm_claim.str1.4
                0x10004f0f       0x22 CMakeFiles/Pico4DeskUp.dir/C_/Users/downy/.pico-sdk/sdk/2.2.0/src/rp2_common/hardware_timer/timer.c.obj
 .rodata.pll_init.str1.4
                0x10004f0f      0x11c CMakeFiles/Pico4DeskUp.dir/C_/Users/downy/.pico-sdk/sdk/2.2.0/src/rp2_common/hardware_pll/pll.c.obj
 *fill*         0x10004f0f        0x1 
 .rodata.__func__.0
                0x10004f10        0x9 CMakeFiles/Pico4DeskUp.dir/C_/Users/downy/.pico-sdk/sdk/2.2.0/src/rp2_common/hardware_pll/pll.c.obj
 .rodata.missing_double_func_shim.str1.4
                0x10004f19       0x18 CMakeFiles/Pico4DeskUp.dir/C_/Users/downy/.pico-sdk/sdk/2.2.0/src/rp2_common/pico_double/double_init_rom_rp2040.c.obj
 .rodata.__aeabi_double_init.str1.4
                0x10004f19       0x9b CMakeFiles/Pico4DeskUp.dir/C_/Users/downy/.pico-sdk/sdk/2.2.0/src/rp2_common/pico_double/double_init_rom_rp2040.c.obj
 *fill*         0x10004f19        0x3 
 .rodata.__func__.0
                0x10004f1c       0x14 CMakeFiles/Pico4DeskUp.dir/C_/Users/downy/.pico-sdk/sdk/2.2.0/src/rp2_common/pico_double/double_init_rom_rp2040.c.obj
 .rodata.missing_float_func_shim.str1.4
                0x10004f30        0x1 CMakeFiles/Pico4DeskUp.dir/C_/Users/downy/.pico-sdk/sdk/2.2.0/src/rp2_common/pico_float/float_init_rom_rp2040.c.obj
 .rodata.__aeabi_float_init.str1.4
                0x10004f30       0x89 CMakeFiles/Pico4DeskUp.dir/C_/Users/downy/.pico-sdk/sdk/2.2.0/src/rp2_common/pico_float/float_init_rom_rp2040.c.obj
 .rodata.__func__.0
                0x10004f30       0x13 CMakeFiles/Pico4DeskUp.dir/C_/Users/downy/.pico-sdk/sdk/2.2.0/src/rp2_common/pico_float/float_init_rom_rp2040.c.obj
 .rodata.str1.4
                0x10004f43       0x44 CMakeFiles/Pico4DeskUp.dir/C_/Users/downy/.pico-sdk/sdk/2.2.0/src/rp2_common/pico_standard_binary_info/standard_binary_info.c.obj
 *fill*         0x10004f43        0x1 
 .rodata.__bi_84
                0x10004f44        0xc CMakeFiles/Pico4DeskUp.dir/C_/Users/downy/.pico-sdk/sdk/2.2.0/src/rp2_common/pico_standard_binary_info/standard_binary_info.c.obj
 .rodata.__bi_78
                0x10004f50        0xc CMakeFiles/Pico4DeskUp.dir/C_/Users/downy/.pico-sdk/sdk/2.2.0/src/rp2_common/pico_standard_binary_info/standard_binary_info.c.obj
 .rodata.__bi_60
                0x10004f5c        0xc CMakeFiles/Pico4DeskUp.dir/C_/Users/downy/.pico-sdk/sdk/2.2.0/src/rp2_common/pico_standard_binary_info/standard_binary_info.c.obj
 .rodata.__bi_54
                0x10004f68        0xc CMakeFiles/Pico4DeskUp.dir/C_/Users/downy/.pico-sdk/sdk/2.2.0/src/rp2_common/pico_standard_binary_info/standard_binary_info.c.obj
 .rodata.__bi_48
                0x10004f74        0xc CMakeFiles/Pico4DeskUp.dir/C_/Users/downy/.pico-sdk/sdk/2.2.0/src/rp2_common/pico_standard_binary_info/standard_binary_info.c.obj
 .rodata.__bi_42
                0x10004f80        0xc CMakeFiles/Pico4DeskUp.dir/C_/Users/downy/.pico-sdk/sdk/2.2.0/src/rp2_common/pico_standard_binary_info/standard_binary_info.c.obj
 .rodata.__bi_34
                0x10004f8c        0xc CMakeFiles/Pico4DeskUp.dir/C_/Users/downy/.pico-sdk/sdk/2.2.0/src/rp2_common/pico_standard_binary_info/standard_binary_info.c.obj
 .rodata.__bi_26
                0x10004f98        0xc CMakeFiles/Pico4DeskUp.dir/C_/Users/downy/.pico-sdk/sdk/2.2.0/src/rp2_common/pico_standard_binary_info/standard_binary_info.c.obj
 .rodata._ftoa.str1.4
                0x10004fa4       0x15 CMakeFiles/Pico4DeskUp.dir/C_/Users/downy/.pico-sdk/sdk/2.2.0/src/rp2_common/pico_printf/printf.c.obj
 .rodata._vsnprintf
                0x10004fa4      0x19c CMakeFiles/Pico4DeskUp.dir/C_/Users/downy/.pico-sdk/sdk/2.2.0/src/rp2_common/pico_printf/printf.c.obj
 .rodata.pow10.0
                0x10005140       0x50 CMakeFiles/Pico4DeskUp.dir/C_/Users/downy/.pico-sdk/sdk/2.2.0/src/rp2_common/pico_printf/printf.c.obj
 .rodata.__assert_func.str1.4
                0x10005190       0x43 CMakeFiles/Pico4DeskUp.dir/C_/Users/downy/.pico-sdk/sdk/2.2.0/src/rp2_common/pico_clib_interface/newlib_interface.c.obj
 .rodata.crlf_str.0
                0x10005190        0x2 CMakeFiles/Pico4DeskUp.dir/C_/Users/downy/.pico-sdk/sdk/2.2.0/src/rp2_common/pico_stdio/stdio.c.obj
 .rodata.str1.4
                0x10005192       0x2c CMakeFiles/Pico4DeskUp.dir/C_/Users/downy/.pico-sdk/sdk/2.2.0/src/rp2_common/pico_stdio_uart/stdio_uart.c.obj
 *fill*         0x10005192        0x2 
 .rodata.__bi_45.4
                0x10005194        0xc CMakeFiles/Pico4DeskUp.dir/C_/Users/downy/.pico-sdk/sdk/2.2.0/src/rp2_common/pico_stdio_uart/stdio_uart.c.obj
 .rodata.__bi_49.5
                0x100051a0        0x8 CMakeFiles/Pico4DeskUp.dir/C_/Users/downy/.pico-sdk/sdk/2.2.0/src/rp2_common/pico_stdio_uart/stdio_uart.c.obj
 .rodata.__bi_50.6
                0x100051a8        0x8 CMakeFiles/Pico4DeskUp.dir/C_/Users/downy/.pico-sdk/sdk/2.2.0/src/rp2_common/pico_stdio_uart/stdio_uart.c.obj
 .rodata.i2c_set_baudrate.str1.4
                0x100051b0       0x65 CMakeFiles/Pico4DeskUp.dir/C_/Users/downy/.pico-sdk/sdk/2.2.0/src/rp2_common/hardware_i2c/i2c.c.obj
 .rodata.__func__.0
                0x100051b0       0x11 CMakeFiles/Pico4DeskUp.dir/C_/Users/downy/.pico-sdk/sdk/2.2.0/src/rp2_common/hardware_i2c/i2c.c.obj
 *fill*         0x100051c1        0x3 
 .rodata._ctype_
                0x100051c4      0x101 C:/Users/downy/.pico-sdk/toolchain/14_2_Rel1/bin/../lib/gcc/arm-none-eabi/14.2.1/thumb/v6-m/nofp\libg.a(libc_a-ctype_.o)
                0x100051c4                _ctype_
                0x100052c8                        . = ALIGN (0x4)
 *fill*         0x100052c5        0x3 
 *(SORT_BY_ALIGNMENT(SORT_BY_NAME(.flashdata*)))
                0x100052c8                        . = ALIGN (0x4)

.ARM.extab
 *(.ARM.extab* .gnu.linkonce.armextab.*)
                0x100052c8                        __exidx_start = .

.ARM.exidx
 *(.ARM.exidx* .gnu.linkonce.armexidx.*)
                0x100052c8                        __exidx_end = .
                0x100052c8                        . = ALIGN (0x4)
                0x100052c8                        __binary_info_start = .

.binary_info    0x100052c8       0x2c
 *(.binary_info.keep.*)
 .binary_info.keep.__bi_ptr84
                0x100052c8        0x4 CMakeFiles/Pico4DeskUp.dir/C_/Users/downy/.pico-sdk/sdk/2.2.0/src/rp2_common/pico_standard_binary_info/standard_binary_info.c.obj
 .binary_info.keep.__bi_ptr78
                0x100052cc        0x4 CMakeFiles/Pico4DeskUp.dir/C_/Users/downy/.pico-sdk/sdk/2.2.0/src/rp2_common/pico_standard_binary_info/standard_binary_info.c.obj
 .binary_info.keep.__bi_ptr60
                0x100052d0        0x4 CMakeFiles/Pico4DeskUp.dir/C_/Users/downy/.pico-sdk/sdk/2.2.0/src/rp2_common/pico_standard_binary_info/standard_binary_info.c.obj
 .binary_info.keep.__bi_ptr54
                0x100052d4        0x4 CMakeFiles/Pico4DeskUp.dir/C_/Users/downy/.pico-sdk/sdk/2.2.0/src/rp2_common/pico_standard_binary_info/standard_binary_info.c.obj
 .binary_info.keep.__bi_ptr48
                0x100052d8        0x4 CMakeFiles/Pico4DeskUp.dir/C_/Users/downy/.pico-sdk/sdk/2.2.0/src/rp2_common/pico_standard_binary_info/standard_binary_info.c.obj
 .binary_info.keep.__bi_ptr42
                0x100052dc        0x4 CMakeFiles/Pico4DeskUp.dir/C_/Users/downy/.pico-sdk/sdk/2.2.0/src/rp2_common/pico_standard_binary_info/standard_binary_info.c.obj
 .binary_info.keep.__bi_ptr34
                0x100052e0        0x4 CMakeFiles/Pico4DeskUp.dir/C_/Users/downy/.pico-sdk/sdk/2.2.0/src/rp2_common/pico_standard_binary_info/standard_binary_info.c.obj
 .binary_info.keep.__bi_ptr26
                0x100052e4        0x4 CMakeFiles/Pico4DeskUp.dir/C_/Users/downy/.pico-sdk/sdk/2.2.0/src/rp2_common/pico_standard_binary_info/standard_binary_info.c.obj
 *(.binary_info.*)
 .binary_info.__bi_ptr50
                0x100052e8        0x4 CMakeFiles/Pico4DeskUp.dir/C_/Users/downy/.pico-sdk/sdk/2.2.0/src/rp2_common/pico_stdio_uart/stdio_uart.c.obj
 .binary_info.__bi_ptr49
                0x100052ec        0x4 CMakeFiles/Pico4DeskUp.dir/C_/Users/downy/.pico-sdk/sdk/2.2.0/src/rp2_common/pico_stdio_uart/stdio_uart.c.obj
 .binary_info.__bi_ptr45
                0x100052f0        0x4 CMakeFiles/Pico4DeskUp.dir/C_/Users/downy/.pico-sdk/sdk/2.2.0/src/rp2_common/pico_stdio_uart/stdio_uart.c.obj
                0x100052f4                        __binary_info_end = .
                0x100052f4                        . = ALIGN (0x4)

.ram_vector_table
                0x20000000       0xc0
 *(.ram_vector_table)
 .ram_vector_table
                0x20000000       0xc0 CMakeFiles/Pico4DeskUp.dir/C_/Users/downy/.pico-sdk/sdk/2.2.0/src/rp2_common/pico_runtime_init/runtime_init.c.obj
                0x20000000                ram_vector_table

.uninitialized_data
                0x200000c0        0x0
                0x200000c0                        . = ALIGN (0x4)
 *(.uninitialized_data*)

.data           0x200000c0      0x380 load address 0x100052f4
                0x200000c0                        __data_start__ = .
 *(vtable)
 *(.time_critical*)
 .time_critical.mutex_try_enter
                0x200000c0       0x48 CMakeFiles/Pico4DeskUp.dir/C_/Users/downy/.pico-sdk/sdk/2.2.0/src/common/pico_sync/mutex.c.obj
                0x200000c0                mutex_try_enter
 .time_critical.mutex_enter_block_until
                0x20000108       0x90 CMakeFiles/Pico4DeskUp.dir/C_/Users/downy/.pico-sdk/sdk/2.2.0/src/common/pico_sync/mutex.c.obj
                0x20000108                mutex_enter_block_until
 .time_critical.mutex_try_enter_block_until
                0x20000198       0x34 CMakeFiles/Pico4DeskUp.dir/C_/Users/downy/.pico-sdk/sdk/2.2.0/src/common/pico_sync/mutex.c.obj
                0x20000198                mutex_try_enter_block_until
 .time_critical.mutex_exit
                0x200001cc       0x4c CMakeFiles/Pico4DeskUp.dir/C_/Users/downy/.pico-sdk/sdk/2.2.0/src/common/pico_sync/mutex.c.obj
                0x200001cc                mutex_exit
 *(.text*)
 .text          0x20000218        0x4 C:/Users/downy/.pico-sdk/toolchain/14_2_Rel1/bin/../lib/gcc/arm-none-eabi/14.2.1/thumb/v6-m/nofp\libgcc.a(_dvmd_tls.o)
                0x20000218                __aeabi_idiv0
                0x20000218                __aeabi_ldiv0
 *fill*         0x2000021c        0x4 
 .text.__stub   0x20000220       0x20 linker stubs
                0x20000240                        . = ALIGN (0x4)
 *(.rodata*)
                0x20000240                        . = ALIGN (0x4)
 *(.data*)
 .data.striped_spin_lock_num
                0x20000240        0x1 CMakeFiles/Pico4DeskUp.dir/C_/Users/downy/.pico-sdk/sdk/2.2.0/src/rp2_common/hardware_sync/sync.c.obj
 *fill*         0x20000241        0x3 
 .data          0x20000244       0x48 CMakeFiles/Pico4DeskUp.dir/C_/Users/downy/.pico-sdk/sdk/2.2.0/src/rp2_common/hardware_irq/irq_handler_chain.S.obj
                0x20000244                irq_handler_chain_slots
                0x20000274                irq_handler_chain_first_slot
                0x2000027e                irq_handler_chain_remove_tail
 .data.default_alarm_pool
                0x2000028c       0x18 CMakeFiles/Pico4DeskUp.dir/C_/Users/downy/.pico-sdk/sdk/2.2.0/src/common/pico_time/time.c.obj
 *fill*         0x200002a4        0xc 
 .data.aeabi_bits_funcs
                0x200002b0       0x10 CMakeFiles/Pico4DeskUp.dir/C_/Users/downy/.pico-sdk/sdk/2.2.0/src/rp2_common/pico_bit_ops/bit_ops_aeabi.S.obj
                0x200002b0                aeabi_bits_funcs
                0x200002c0                aeabi_bits_funcs_end
 .data.aeabi_mem_funcs
                0x200002c0       0x10 CMakeFiles/Pico4DeskUp.dir/C_/Users/downy/.pico-sdk/sdk/2.2.0/src/rp2_common/pico_mem_ops/mem_ops_aeabi.S.obj
                0x200002c0                aeabi_mem_funcs
                0x200002d0                aeabi_mem_funcs_end
 .data.stdio_uart
                0x200002d0       0x18 CMakeFiles/Pico4DeskUp.dir/C_/Users/downy/.pico-sdk/sdk/2.2.0/src/rp2_common/pico_stdio_uart/stdio_uart.c.obj
                0x200002d0                stdio_uart
 .data.i2c0_inst
                0x200002e8        0x8 CMakeFiles/Pico4DeskUp.dir/C_/Users/downy/.pico-sdk/sdk/2.2.0/src/rp2_common/hardware_i2c/i2c.c.obj
                0x200002e8                i2c0_inst
 .data._impure_ptr
                0x200002f0        0x4 C:/Users/downy/.pico-sdk/toolchain/14_2_Rel1/bin/../lib/gcc/arm-none-eabi/14.2.1/thumb/v6-m/nofp\libg.a(libc_a-impure.o)
                0x200002f0                _impure_ptr
 *fill*         0x200002f4        0x4 
 .data._impure_data
                0x200002f8      0x140 C:/Users/downy/.pico-sdk/toolchain/14_2_Rel1/bin/../lib/gcc/arm-none-eabi/14.2.1/thumb/v6-m/nofp\libg.a(libc_a-impure.o)
                0x200002f8                _impure_data
                0x20000438                        . = ALIGN (0x4)
 *(.after_data.*)
                0x20000438                        . = ALIGN (0x4)
                0x20000438                        PROVIDE (__mutex_array_start = .)
 *(SORT_BY_NAME(.mutex_array.*))
 *(.mutex_array)
 .mutex_array   0x20000438        0x8 CMakeFiles/Pico4DeskUp.dir/C_/Users/downy/.pico-sdk/sdk/2.2.0/src/rp2_common/pico_stdio/stdio.c.obj
                0x20000440                        PROVIDE (__mutex_array_end = .)
                0x20000440                        . = ALIGN (0x4)
 *(.jcr)
                0x20000440                        . = ALIGN (0x4)

.tm_clone_table
                0x20000440        0x0 load address 0x10005674
 .tm_clone_table
                0x20000440        0x0 C:/Users/downy/.pico-sdk/toolchain/14_2_Rel1/bin/../lib/gcc/arm-none-eabi/14.2.1/thumb/v6-m/nofp/crtbegin.o
 .tm_clone_table
                0x20000440        0x0 C:/Users/downy/.pico-sdk/toolchain/14_2_Rel1/bin/../lib/gcc/arm-none-eabi/14.2.1/thumb/v6-m/nofp/crtend.o

.igot.plt       0x20000440        0x0 load address 0x10005674
 .igot.plt      0x20000440        0x0 C:/Users/downy/.pico-sdk/toolchain/14_2_Rel1/bin/../lib/gcc/arm-none-eabi/14.2.1/thumb/v6-m/nofp/crtbegin.o

.tdata          0x20000440        0x0 load address 0x10005674
                0x20000440                        . = ALIGN (0x4)
 *(.tdata .tdata.* .gnu.linkonce.td.*)
                0x20000440                        __tdata_end = .
                0x20000440                        PROVIDE (__data_end__ = .)
                0x100052f4                        __etext = LOADADDR (.data)

.tbss           0x20000440        0x0 load address 0x10005674
                0x20000440                        . = ALIGN (0x4)
                0x20000440                        __bss_start__ = .
                0x20000440                        __tls_base = .
 *(.tbss .tbss.* .gnu.linkonce.tb.*)
 *(.tcommon)
                0x20000440                        __tls_end = .

.bss            0x20000440      0x530 load address 0x10005674
                0x20000440                        . = ALIGN (0x4)
                0x20000440                        __tbss_end = .
 *(SORT_BY_ALIGNMENT(SORT_BY_NAME(.bss*)))
 .bss.default_alarm_pool_entries
                0x20000440      0x180 CMakeFiles/Pico4DeskUp.dir/C_/Users/downy/.pico-sdk/sdk/2.2.0/src/common/pico_time/time.c.obj
 .bss.__sf      0x200005c0      0x138 C:/Users/downy/.pico-sdk/toolchain/14_2_Rel1/bin/../lib/gcc/arm-none-eabi/14.2.1/thumb/v6-m/nofp\libg.a(libc_a-findfp.o)
                0x200005c0                __sf
 .bss.chars_available_callback
                0x200006f8        0x4 CMakeFiles/Pico4DeskUp.dir/C_/Users/downy/.pico-sdk/sdk/2.2.0/src/rp2_common/pico_stdio_uart/stdio_uart.c.obj
 .bss.chars_available_param
                0x200006fc        0x4 CMakeFiles/Pico4DeskUp.dir/C_/Users/downy/.pico-sdk/sdk/2.2.0/src/rp2_common/pico_stdio_uart/stdio_uart.c.obj
 .bss.claimed   0x20000700        0x1 CMakeFiles/Pico4DeskUp.dir/C_/Users/downy/.pico-sdk/sdk/2.2.0/src/rp2_common/hardware_timer/timer.c.obj
 *fill*         0x20000701        0x3 
 .bss.configured_freq
                0x20000704       0x28 CMakeFiles/Pico4DeskUp.dir/C_/Users/downy/.pico-sdk/sdk/2.2.0/src/rp2_common/hardware_clocks/clocks.c.obj
 .bss.drivers   0x2000072c        0x4 CMakeFiles/Pico4DeskUp.dir/C_/Users/downy/.pico-sdk/sdk/2.2.0/src/rp2_common/pico_stdio/stdio.c.obj
 .bss.filter    0x20000730        0x4 CMakeFiles/Pico4DeskUp.dir/C_/Users/downy/.pico-sdk/sdk/2.2.0/src/rp2_common/pico_stdio/stdio.c.obj
 .bss.object.0  0x20000734       0x18 C:/Users/downy/.pico-sdk/toolchain/14_2_Rel1/bin/../lib/gcc/arm-none-eabi/14.2.1/thumb/v6-m/nofp/crtbegin.o
 .bss.pools     0x2000074c       0x10 CMakeFiles/Pico4DeskUp.dir/C_/Users/downy/.pico-sdk/sdk/2.2.0/src/common/pico_time/time.c.obj
 .bss.sd_table  0x2000075c      0x100 CMakeFiles/Pico4DeskUp.dir/C_/Users/downy/.pico-sdk/sdk/2.2.0/src/rp2_common/pico_double/double_init_rom_rp2040.c.obj
                0x2000075c                sd_table
 .bss.sf_clz_func
                0x2000085c        0x4 CMakeFiles/Pico4DeskUp.dir/C_/Users/downy/.pico-sdk/sdk/2.2.0/src/rp2_common/pico_double/double_init_rom_rp2040.c.obj
                0x2000085c                sf_clz_func
 .bss.sf_table  0x20000860      0x100 CMakeFiles/Pico4DeskUp.dir/C_/Users/downy/.pico-sdk/sdk/2.2.0/src/rp2_common/pico_float/float_init_rom_rp2040.c.obj
                0x20000860                sf_table
 .bss.sleep_notifier
                0x20000960        0x4 CMakeFiles/Pico4DeskUp.dir/C_/Users/downy/.pico-sdk/sdk/2.2.0/src/common/pico_time/time.c.obj
 .bss.uart_char_to_line_feed
                0x20000964        0x4 CMakeFiles/Pico4DeskUp.dir/C_/Users/downy/.pico-sdk/sdk/2.2.0/src/rp2_common/hardware_uart/uart.c.obj
                0x20000964                uart_char_to_line_feed
 .bss.uart_instance
                0x20000968        0x4 CMakeFiles/Pico4DeskUp.dir/C_/Users/downy/.pico-sdk/sdk/2.2.0/src/rp2_common/pico_stdio_uart/stdio_uart.c.obj
 .bss.irq_handler_chain_free_slot_head
                0x2000096c        0x1 CMakeFiles/Pico4DeskUp.dir/C_/Users/downy/.pico-sdk/sdk/2.2.0/src/rp2_common/hardware_irq/irq.c.obj
 *(COMMON)
                0x20000970                        . = ALIGN (0x4)
 *fill*         0x2000096d        0x3 
                0x20000970                        __bss_end__ = .

.heap           0x20000970      0x800 load address 0x10005674
                0x20000970                        __end__ = .
                0x20000970                        end = __end__
 *(.heap*)
 .heap          0x20000970      0x800 CMakeFiles/Pico4DeskUp.dir/C_/Users/downy/.pico-sdk/sdk/2.2.0/src/rp2_common/pico_crt0/crt0.S.obj
                0x20040000                        __HeapLimit = (ORIGIN (RAM) + LENGTH (RAM))

.scratch_x      0x20040000        0x0 load address 0x10005674
                0x20040000                        __scratch_x_start__ = .
 *(.scratch_x.*)
                0x20040000                        . = ALIGN (0x4)
                0x20040000                        __scratch_x_end__ = .
                0x10005674                        __scratch_x_source__ = LOADADDR (.scratch_x)

.scratch_y      0x20041000        0x0 load address 0x10005674
                0x20041000                        __scratch_y_start__ = .
 *(.scratch_y.*)
                0x20041000                        . = ALIGN (0x4)
                0x20041000                        __scratch_y_end__ = .
                0x10005674                        __scratch_y_source__ = LOADADDR (.scratch_y)

.stack1_dummy
 *(.stack1*)

.stack_dummy    0x20041000      0x800
 *(.stack*)
 .stack         0x20041000      0x800 CMakeFiles/Pico4DeskUp.dir/C_/Users/downy/.pico-sdk/sdk/2.2.0/src/rp2_common/pico_crt0/crt0.S.obj

.rel.dyn        0x20041800        0x0
 .rel.iplt      0x20041800        0x0 C:/Users/downy/.pico-sdk/toolchain/14_2_Rel1/bin/../lib/gcc/arm-none-eabi/14.2.1/thumb/v6-m/nofp/crtbegin.o

.flash_end      0x10005674        0x0
 *(.embedded_end_block*)
                0x10005674                        PROVIDE (__flash_binary_end = .)
                0x20040000                        __StackLimit = (ORIGIN (RAM) + LENGTH (RAM))
                0x20041000                        __StackOneTop = (ORIGIN (SCRATCH_X) + LENGTH (SCRATCH_X))
                0x20042000                        __StackTop = (ORIGIN (SCRATCH_Y) + LENGTH (SCRATCH_Y))
                0x20041000                        __StackOneBottom = (__StackOneTop - SIZEOF (.stack1_dummy))
                0x20041800                        __StackBottom = (__StackTop - SIZEOF (.stack_dummy))
                0x20042000                        PROVIDE (__stack = __StackTop)
                [!provide]                        PROVIDE (__heap_start = __end__)
                [!provide]                        PROVIDE (__heap_end = __HeapLimit)
                [!provide]                        PROVIDE (__tls_align = MAX (ALIGNOF (.tdata), ALIGNOF (.tbss)))
                [!provide]                        PROVIDE (__tls_size_align = (((__tls_size + __tls_align) - 0x1) & ~ ((__tls_align - 0x1))))
                [!provide]                        PROVIDE (__arm32_tls_tcb_offset = MAX (0x8, __tls_align))
                [!provide]                        PROVIDE (_end = __end__)
                [!provide]                        PROVIDE (__llvm_libc_heap_limit = __HeapLimit)
                0x00000001                        ASSERT ((__StackLimit >= __HeapLimit), region RAM overflowed)
                0x00000001                        ASSERT (((__binary_info_header_end - __logical_binary_start) <= 0x100), Binary info must be in first 256 bytes of the binary)
LOAD CMakeFiles/Pico4DeskUp.dir/Pico4DeskUp.cpp.obj
LOAD CMakeFiles/Pico4DeskUp.dir/OLEDDisplay.cpp.obj
LOAD CMakeFiles/Pico4DeskUp.dir/DeskAPI.cpp.obj
LOAD CMakeFiles/Pico4DeskUp.dir/C_/Users/downy/.pico-sdk/sdk/2.2.0/src/rp2_common/pico_stdlib/stdlib.c.obj
LOAD CMakeFiles/Pico4DeskUp.dir/C_/Users/downy/.pico-sdk/sdk/2.2.0/src/rp2_common/hardware_gpio/gpio.c.obj
LOAD CMakeFiles/Pico4DeskUp.dir/C_/Users/downy/.pico-sdk/sdk/2.2.0/src/rp2040/pico_platform/platform.c.obj
LOAD CMakeFiles/Pico4DeskUp.dir/C_/Users/downy/.pico-sdk/sdk/2.2.0/src/rp2_common/pico_platform_common/common.c.obj
LOAD CMakeFiles/Pico4DeskUp.dir/C_/Users/downy/.pico-sdk/sdk/2.2.0/src/rp2_common/pico_platform_panic/panic.c.obj
LOAD CMakeFiles/Pico4DeskUp.dir/C_/Users/downy/.pico-sdk/sdk/2.2.0/src/common/hardware_claim/claim.c.obj
LOAD CMakeFiles/Pico4DeskUp.dir/C_/Users/downy/.pico-sdk/sdk/2.2.0/src/rp2_common/hardware_sync/sync.c.obj
LOAD CMakeFiles/Pico4DeskUp.dir/C_/Users/downy/.pico-sdk/sdk/2.2.0/src/rp2_common/hardware_sync_spin_lock/sync_spin_lock.c.obj
LOAD CMakeFiles/Pico4DeskUp.dir/C_/Users/downy/.pico-sdk/sdk/2.2.0/src/rp2_common/hardware_irq/irq.c.obj
LOAD CMakeFiles/Pico4DeskUp.dir/C_/Users/downy/.pico-sdk/sdk/2.2.0/src/rp2_common/hardware_irq/irq_handler_chain.S.obj
LOAD CMakeFiles/Pico4DeskUp.dir/C_/Users/downy/.pico-sdk/sdk/2.2.0/src/common/pico_sync/sem.c.obj
LOAD CMakeFiles/Pico4DeskUp.dir/C_/Users/downy/.pico-sdk/sdk/2.2.0/src/common/pico_sync/lock_core.c.obj
LOAD CMakeFiles/Pico4DeskUp.dir/C_/Users/downy/.pico-sdk/sdk/2.2.0/src/common/pico_sync/mutex.c.obj
LOAD CMakeFiles/Pico4DeskUp.dir/C_/Users/downy/.pico-sdk/sdk/2.2.0/src/common/pico_sync/critical_section.c.obj
LOAD CMakeFiles/Pico4DeskUp.dir/C_/Users/downy/.pico-sdk/sdk/2.2.0/src/common/pico_time/time.c.obj
LOAD CMakeFiles/Pico4DeskUp.dir/C_/Users/downy/.pico-sdk/sdk/2.2.0/src/common/pico_time/timeout_helper.c.obj
LOAD CMakeFiles/Pico4DeskUp.dir/C_/Users/downy/.pico-sdk/sdk/2.2.0/src/rp2_common/hardware_timer/timer.c.obj
LOAD CMakeFiles/Pico4DeskUp.dir/C_/Users/downy/.pico-sdk/sdk/2.2.0/src/common/pico_util/datetime.c.obj
LOAD CMakeFiles/Pico4DeskUp.dir/C_/Users/downy/.pico-sdk/sdk/2.2.0/src/common/pico_util/pheap.c.obj
LOAD CMakeFiles/Pico4DeskUp.dir/C_/Users/downy/.pico-sdk/sdk/2.2.0/src/common/pico_util/queue.c.obj
LOAD CMakeFiles/Pico4DeskUp.dir/C_/Users/downy/.pico-sdk/sdk/2.2.0/src/rp2_common/hardware_uart/uart.c.obj
LOAD CMakeFiles/Pico4DeskUp.dir/C_/Users/downy/.pico-sdk/sdk/2.2.0/src/rp2_common/hardware_clocks/clocks.c.obj
LOAD CMakeFiles/Pico4DeskUp.dir/C_/Users/downy/.pico-sdk/sdk/2.2.0/src/rp2_common/hardware_pll/pll.c.obj
LOAD CMakeFiles/Pico4DeskUp.dir/C_/Users/downy/.pico-sdk/sdk/2.2.0/src/rp2_common/hardware_vreg/vreg.c.obj
LOAD CMakeFiles/Pico4DeskUp.dir/C_/Users/downy/.pico-sdk/sdk/2.2.0/src/rp2_common/hardware_watchdog/watchdog.c.obj
LOAD CMakeFiles/Pico4DeskUp.dir/C_/Users/downy/.pico-sdk/sdk/2.2.0/src/rp2_common/hardware_ticks/ticks.c.obj
LOAD CMakeFiles/Pico4DeskUp.dir/C_/Users/downy/.pico-sdk/sdk/2.2.0/src/rp2_common/pico_bootrom/bootrom.c.obj
LOAD CMakeFiles/Pico4DeskUp.dir/C_/Users/downy/.pico-sdk/sdk/2.2.0/src/rp2_common/pico_bootrom/bootrom_lock.c.obj
LOAD CMakeFiles/Pico4DeskUp.dir/C_/Users/downy/.pico-sdk/sdk/2.2.0/src/rp2_common/hardware_boot_lock/boot_lock.c.obj
LOAD CMakeFiles/Pico4DeskUp.dir/C_/Users/downy/.pico-sdk/sdk/2.2.0/src/rp2_common/pico_flash/flash.c.obj
LOAD CMakeFiles/Pico4DeskUp.dir/C_/Users/downy/.pico-sdk/sdk/2.2.0/src/rp2_common/hardware_xosc/xosc.c.obj
LOAD CMakeFiles/Pico4DeskUp.dir/C_/Users/downy/.pico-sdk/sdk/2.2.0/src/rp2_common/hardware_divider/divider.S.obj
LOAD CMakeFiles/Pico4DeskUp.dir/C_/Users/downy/.pico-sdk/sdk/2.2.0/src/rp2_common/pico_runtime/runtime.c.obj
LOAD CMakeFiles/Pico4DeskUp.dir/C_/Users/downy/.pico-sdk/sdk/2.2.0/src/rp2_common/pico_runtime_init/runtime_init.c.obj
LOAD CMakeFiles/Pico4DeskUp.dir/C_/Users/downy/.pico-sdk/sdk/2.2.0/src/rp2_common/pico_runtime_init/runtime_init_clocks.c.obj
LOAD CMakeFiles/Pico4DeskUp.dir/C_/Users/downy/.pico-sdk/sdk/2.2.0/src/rp2_common/pico_runtime_init/runtime_init_stack_guard.c.obj
LOAD CMakeFiles/Pico4DeskUp.dir/C_/Users/downy/.pico-sdk/sdk/2.2.0/src/rp2_common/pico_bit_ops/bit_ops_aeabi.S.obj
LOAD CMakeFiles/Pico4DeskUp.dir/C_/Users/downy/.pico-sdk/sdk/2.2.0/src/rp2_common/pico_divider/divider_hardware.S.obj
LOAD CMakeFiles/Pico4DeskUp.dir/C_/Users/downy/.pico-sdk/sdk/2.2.0/src/rp2_common/pico_double/double_aeabi_rp2040.S.obj
LOAD CMakeFiles/Pico4DeskUp.dir/C_/Users/downy/.pico-sdk/sdk/2.2.0/src/rp2_common/pico_double/double_init_rom_rp2040.c.obj
LOAD CMakeFiles/Pico4DeskUp.dir/C_/Users/downy/.pico-sdk/sdk/2.2.0/src/rp2_common/pico_double/double_math.c.obj
LOAD CMakeFiles/Pico4DeskUp.dir/C_/Users/downy/.pico-sdk/sdk/2.2.0/src/rp2_common/pico_double/double_v1_rom_shim_rp2040.S.obj
LOAD CMakeFiles/Pico4DeskUp.dir/C_/Users/downy/.pico-sdk/sdk/2.2.0/src/rp2_common/pico_int64_ops/pico_int64_ops_aeabi.S.obj
LOAD CMakeFiles/Pico4DeskUp.dir/C_/Users/downy/.pico-sdk/sdk/2.2.0/src/rp2_common/pico_float/float_aeabi_rp2040.S.obj
LOAD CMakeFiles/Pico4DeskUp.dir/C_/Users/downy/.pico-sdk/sdk/2.2.0/src/rp2_common/pico_float/float_init_rom_rp2040.c.obj
LOAD CMakeFiles/Pico4DeskUp.dir/C_/Users/downy/.pico-sdk/sdk/2.2.0/src/rp2_common/pico_float/float_math.c.obj
LOAD CMakeFiles/Pico4DeskUp.dir/C_/Users/downy/.pico-sdk/sdk/2.2.0/src/rp2_common/pico_float/float_v1_rom_shim_rp2040.S.obj
LOAD CMakeFiles/Pico4DeskUp.dir/C_/Users/downy/.pico-sdk/sdk/2.2.0/src/rp2_common/pico_malloc/malloc.c.obj
LOAD CMakeFiles/Pico4DeskUp.dir/C_/Users/downy/.pico-sdk/sdk/2.2.0/src/rp2_common/pico_mem_ops/mem_ops_aeabi.S.obj
LOAD CMakeFiles/Pico4DeskUp.dir/C_/Users/downy/.pico-sdk/sdk/2.2.0/src/rp2_common/pico_atomic/atomic.c.obj
LOAD CMakeFiles/Pico4DeskUp.dir/C_/Users/downy/.pico-sdk/sdk/2.2.0/src/rp2_common/pico_cxx_options/new_delete.cpp.obj
LOAD CMakeFiles/Pico4DeskUp.dir/C_/Users/downy/.pico-sdk/sdk/2.2.0/src/rp2_common/pico_standard_binary_info/standard_binary_info.c.obj
LOAD CMakeFiles/Pico4DeskUp.dir/C_/Users/downy/.pico-sdk/sdk/2.2.0/src/rp2_common/pico_printf/printf.c.obj
LOAD CMakeFiles/Pico4DeskUp.dir/C_/Users/downy/.pico-sdk/sdk/2.2.0/src/rp2_common/pico_crt0/crt0.S.obj
LOAD CMakeFiles/Pico4DeskUp.dir/C_/Users/downy/.pico-sdk/sdk/2.2.0/src/rp2_common/pico_clib_interface/newlib_interface.c.obj
LOAD CMakeFiles/Pico4DeskUp.dir/C_/Users/downy/.pico-sdk/sdk/2.2.0/src/rp2_common/pico_stdio/stdio.c.obj
LOAD CMakeFiles/Pico4DeskUp.dir/C_/Users/downy/.pico-sdk/sdk/2.2.0/src/rp2_common/pico_stdio_uart/stdio_uart.c.obj
LOAD CMakeFiles/Pico4DeskUp.dir/C_/Users/downy/.pico-sdk/sdk/2.2.0/src/rp2_common/hardware_i2c/i2c.c.obj
LOAD pico-sdk/src/rp2040/boot_stage2/CMakeFiles/bs2_default_library.dir/./bs2_default_padded_checksummed.S.obj
LOAD C:/Users/downy/.pico-sdk/toolchain/14_2_Rel1/bin/../lib/gcc/arm-none-eabi/14.2.1/thumb/v6-m/nofp\libstdc++.a
LOAD C:/Users/downy/.pico-sdk/toolchain/14_2_Rel1/bin/../lib/gcc/arm-none-eabi/14.2.1/thumb/v6-m/nofp\libm.a
START GROUP
LOAD C:/Users/downy/.pico-sdk/toolchain/14_2_Rel1/bin/../lib/gcc/arm-none-eabi/14.2.1/thumb/v6-m/nofp\libgcc.a
LOAD C:/Users/downy/.pico-sdk/toolchain/14_2_Rel1/bin/../lib/gcc/arm-none-eabi/14.2.1/thumb/v6-m/nofp\libg.a
LOAD C:/Users/downy/.pico-sdk/toolchain/14_2_Rel1/bin/../lib/gcc/arm-none-eabi/14.2.1/thumb/v6-m/nofp\libc.a
END GROUP
START GROUP
LOAD C:/Users/downy/.pico-sdk/toolchain/14_2_Rel1/bin/../lib/gcc/arm-none-eabi/14.2.1/thumb/v6-m/nofp\libgcc.a
LOAD C:/Users/downy/.pico-sdk/toolchain/14_2_Rel1/bin/../lib/gcc/arm-none-eabi/14.2.1/thumb/v6-m/nofp\libc.a
LOAD C:/Users/downy/.pico-sdk/toolchain/14_2_Rel1/bin/../lib/gcc/arm-none-eabi/14.2.1/thumb/v6-m/nofp\libnosys.a
END GROUP
LOAD C:/Users/downy/.pico-sdk/toolchain/14_2_Rel1/bin/../lib/gcc/arm-none-eabi/14.2.1/thumb/v6-m/nofp/crtend.o
LOAD C:/Users/downy/.pico-sdk/toolchain/14_2_Rel1/bin/../lib/gcc/arm-none-eabi/14.2.1/thumb/v6-m/nofp/crtn.o
OUTPUT(Pico4DeskUp.elf elf32-littlearm)
LOAD linker stubs

.ARM.attributes
                0x00000000       0x28
 .ARM.attributes
                0x00000000       0x1e C:/Users/downy/.pico-sdk/toolchain/14_2_Rel1/bin/../lib/gcc/arm-none-eabi/14.2.1/thumb/v6-m/nofp/crti.o
 .ARM.attributes
                0x0000001e       0x2c C:/Users/downy/.pico-sdk/toolchain/14_2_Rel1/bin/../lib/gcc/arm-none-eabi/14.2.1/thumb/v6-m/nofp/crtbegin.o
 .ARM.attributes
                0x0000004a       0x2c CMakeFiles/Pico4DeskUp.dir/Pico4DeskUp.cpp.obj
 .ARM.attributes
                0x00000076       0x2c CMakeFiles/Pico4DeskUp.dir/OLEDDisplay.cpp.obj
 .ARM.attributes
                0x000000a2       0x2c CMakeFiles/Pico4DeskUp.dir/DeskAPI.cpp.obj
 .ARM.attributes
                0x000000ce       0x2c CMakeFiles/Pico4DeskUp.dir/C_/Users/downy/.pico-sdk/sdk/2.2.0/src/rp2_common/hardware_gpio/gpio.c.obj
 .ARM.attributes
                0x000000fa       0x2c CMakeFiles/Pico4DeskUp.dir/C_/Users/downy/.pico-sdk/sdk/2.2.0/src/rp2_common/pico_platform_panic/panic.c.obj
 .ARM.attributes
                0x00000126       0x2c CMakeFiles/Pico4DeskUp.dir/C_/Users/downy/.pico-sdk/sdk/2.2.0/src/common/hardware_claim/claim.c.obj
 .ARM.attributes
                0x00000152       0x2c CMakeFiles/Pico4DeskUp.dir/C_/Users/downy/.pico-sdk/sdk/2.2.0/src/rp2_common/hardware_sync/sync.c.obj
 .ARM.attributes
                0x0000017e       0x2c CMakeFiles/Pico4DeskUp.dir/C_/Users/downy/.pico-sdk/sdk/2.2.0/src/rp2_common/hardware_sync_spin_lock/sync_spin_lock.c.obj
 .ARM.attributes
                0x000001aa       0x2c CMakeFiles/Pico4DeskUp.dir/C_/Users/downy/.pico-sdk/sdk/2.2.0/src/rp2_common/hardware_irq/irq.c.obj
 .ARM.attributes
                0x000001d6       0x22 CMakeFiles/Pico4DeskUp.dir/C_/Users/downy/.pico-sdk/sdk/2.2.0/src/rp2_common/hardware_irq/irq_handler_chain.S.obj
 .ARM.attributes
                0x000001f8       0x2c CMakeFiles/Pico4DeskUp.dir/C_/Users/downy/.pico-sdk/sdk/2.2.0/src/common/pico_sync/lock_core.c.obj
 .ARM.attributes
                0x00000224       0x2c CMakeFiles/Pico4DeskUp.dir/C_/Users/downy/.pico-sdk/sdk/2.2.0/src/common/pico_sync/mutex.c.obj
 .ARM.attributes
                0x00000250       0x2c CMakeFiles/Pico4DeskUp.dir/C_/Users/downy/.pico-sdk/sdk/2.2.0/src/common/pico_time/time.c.obj
 .ARM.attributes
                0x0000027c       0x2c CMakeFiles/Pico4DeskUp.dir/C_/Users/downy/.pico-sdk/sdk/2.2.0/src/rp2_common/hardware_timer/timer.c.obj
 .ARM.attributes
                0x000002a8       0x2c CMakeFiles/Pico4DeskUp.dir/C_/Users/downy/.pico-sdk/sdk/2.2.0/src/rp2_common/hardware_uart/uart.c.obj
 .ARM.attributes
                0x000002d4       0x2c CMakeFiles/Pico4DeskUp.dir/C_/Users/downy/.pico-sdk/sdk/2.2.0/src/rp2_common/hardware_clocks/clocks.c.obj
 .ARM.attributes
                0x00000300       0x2c CMakeFiles/Pico4DeskUp.dir/C_/Users/downy/.pico-sdk/sdk/2.2.0/src/rp2_common/hardware_pll/pll.c.obj
 .ARM.attributes
                0x0000032c       0x2c CMakeFiles/Pico4DeskUp.dir/C_/Users/downy/.pico-sdk/sdk/2.2.0/src/rp2_common/hardware_ticks/ticks.c.obj
 .ARM.attributes
                0x00000358       0x2c CMakeFiles/Pico4DeskUp.dir/C_/Users/downy/.pico-sdk/sdk/2.2.0/src/rp2_common/pico_bootrom/bootrom.c.obj
 .ARM.attributes
                0x00000384       0x2c CMakeFiles/Pico4DeskUp.dir/C_/Users/downy/.pico-sdk/sdk/2.2.0/src/rp2_common/hardware_xosc/xosc.c.obj
 .ARM.attributes
                0x000003b0       0x2c CMakeFiles/Pico4DeskUp.dir/C_/Users/downy/.pico-sdk/sdk/2.2.0/src/rp2_common/pico_runtime/runtime.c.obj
 .ARM.attributes
                0x000003dc       0x2c CMakeFiles/Pico4DeskUp.dir/C_/Users/downy/.pico-sdk/sdk/2.2.0/src/rp2_common/pico_runtime_init/runtime_init.c.obj
 .ARM.attributes
                0x00000408       0x2c CMakeFiles/Pico4DeskUp.dir/C_/Users/downy/.pico-sdk/sdk/2.2.0/src/rp2_common/pico_runtime_init/runtime_init_clocks.c.obj
 .ARM.attributes
                0x00000434       0x22 CMakeFiles/Pico4DeskUp.dir/C_/Users/downy/.pico-sdk/sdk/2.2.0/src/rp2_common/pico_bit_ops/bit_ops_aeabi.S.obj
 .ARM.attributes
                0x00000456       0x22 CMakeFiles/Pico4DeskUp.dir/C_/Users/downy/.pico-sdk/sdk/2.2.0/src/rp2_common/pico_divider/divider_hardware.S.obj
 .ARM.attributes
                0x00000478       0x22 CMakeFiles/Pico4DeskUp.dir/C_/Users/downy/.pico-sdk/sdk/2.2.0/src/rp2_common/pico_double/double_aeabi_rp2040.S.obj
 .ARM.attributes
                0x0000049a       0x2c CMakeFiles/Pico4DeskUp.dir/C_/Users/downy/.pico-sdk/sdk/2.2.0/src/rp2_common/pico_double/double_init_rom_rp2040.c.obj
 .ARM.attributes
                0x000004c6       0x22 CMakeFiles/Pico4DeskUp.dir/C_/Users/downy/.pico-sdk/sdk/2.2.0/src/rp2_common/pico_double/double_v1_rom_shim_rp2040.S.obj
 .ARM.attributes
                0x000004e8       0x22 CMakeFiles/Pico4DeskUp.dir/C_/Users/downy/.pico-sdk/sdk/2.2.0/src/rp2_common/pico_int64_ops/pico_int64_ops_aeabi.S.obj
 .ARM.attributes
                0x0000050a       0x22 CMakeFiles/Pico4DeskUp.dir/C_/Users/downy/.pico-sdk/sdk/2.2.0/src/rp2_common/pico_float/float_aeabi_rp2040.S.obj
 .ARM.attributes
                0x0000052c       0x2c CMakeFiles/Pico4DeskUp.dir/C_/Users/downy/.pico-sdk/sdk/2.2.0/src/rp2_common/pico_float/float_init_rom_rp2040.c.obj
 .ARM.attributes
                0x00000558       0x22 CMakeFiles/Pico4DeskUp.dir/C_/Users/downy/.pico-sdk/sdk/2.2.0/src/rp2_common/pico_mem_ops/mem_ops_aeabi.S.obj
 .ARM.attributes
                0x0000057a       0x2c CMakeFiles/Pico4DeskUp.dir/C_/Users/downy/.pico-sdk/sdk/2.2.0/src/rp2_common/pico_standard_binary_info/standard_binary_info.c.obj
 .ARM.attributes
                0x000005a6       0x2c CMakeFiles/Pico4DeskUp.dir/C_/Users/downy/.pico-sdk/sdk/2.2.0/src/rp2_common/pico_printf/printf.c.obj
 .ARM.attributes
                0x000005d2       0x22 CMakeFiles/Pico4DeskUp.dir/C_/Users/downy/.pico-sdk/sdk/2.2.0/src/rp2_common/pico_crt0/crt0.S.obj
 .ARM.attributes
                0x000005f4       0x2c CMakeFiles/Pico4DeskUp.dir/C_/Users/downy/.pico-sdk/sdk/2.2.0/src/rp2_common/pico_clib_interface/newlib_interface.c.obj
 .ARM.attributes
                0x00000620       0x2c CMakeFiles/Pico4DeskUp.dir/C_/Users/downy/.pico-sdk/sdk/2.2.0/src/rp2_common/pico_stdio/stdio.c.obj
 .ARM.attributes
                0x0000064c       0x2c CMakeFiles/Pico4DeskUp.dir/C_/Users/downy/.pico-sdk/sdk/2.2.0/src/rp2_common/pico_stdio_uart/stdio_uart.c.obj
 .ARM.attributes
                0x00000678       0x2c CMakeFiles/Pico4DeskUp.dir/C_/Users/downy/.pico-sdk/sdk/2.2.0/src/rp2_common/hardware_i2c/i2c.c.obj
 .ARM.attributes
                0x000006a4       0x22 pico-sdk/src/rp2040/boot_stage2/CMakeFiles/bs2_default_library.dir/./bs2_default_padded_checksummed.S.obj
 .ARM.attributes
                0x000006c6       0x1e C:/Users/downy/.pico-sdk/toolchain/14_2_Rel1/bin/../lib/gcc/arm-none-eabi/14.2.1/thumb/v6-m/nofp\libgcc.a(_dvmd_tls.o)
 .ARM.attributes
                0x000006e4       0x2c C:/Users/downy/.pico-sdk/toolchain/14_2_Rel1/bin/../lib/gcc/arm-none-eabi/14.2.1/thumb/v6-m/nofp\libg.a(libc_a-atoi.o)
 .ARM.attributes
                0x00000710       0x2c C:/Users/downy/.pico-sdk/toolchain/14_2_Rel1/bin/../lib/gcc/arm-none-eabi/14.2.1/thumb/v6-m/nofp\libg.a(libc_a-strtol.o)
 .ARM.attributes
                0x0000073c       0x2c C:/Users/downy/.pico-sdk/toolchain/14_2_Rel1/bin/../lib/gcc/arm-none-eabi/14.2.1/thumb/v6-m/nofp\libg.a(libc_a-ctype_.o)
 .ARM.attributes
                0x00000768       0x2c C:/Users/downy/.pico-sdk/toolchain/14_2_Rel1/bin/../lib/gcc/arm-none-eabi/14.2.1/thumb/v6-m/nofp\libg.a(libc_a-strncmp.o)
 .ARM.attributes
                0x00000794       0x2c C:/Users/downy/.pico-sdk/toolchain/14_2_Rel1/bin/../lib/gcc/arm-none-eabi/14.2.1/thumb/v6-m/nofp\libg.a(libc_a-strncpy.o)
 .ARM.attributes
                0x000007c0       0x2c C:/Users/downy/.pico-sdk/toolchain/14_2_Rel1/bin/../lib/gcc/arm-none-eabi/14.2.1/thumb/v6-m/nofp\libg.a(libc_a-impure.o)
 .ARM.attributes
                0x000007ec       0x2c C:/Users/downy/.pico-sdk/toolchain/14_2_Rel1/bin/../lib/gcc/arm-none-eabi/14.2.1/thumb/v6-m/nofp\libg.a(libc_a-errno.o)
 .ARM.attributes
                0x00000818       0x1b C:/Users/downy/.pico-sdk/toolchain/14_2_Rel1/bin/../lib/gcc/arm-none-eabi/14.2.1/thumb/v6-m/nofp\libg.a(libc_a-strcmp.o)
 .ARM.attributes
                0x00000833       0x2c C:/Users/downy/.pico-sdk/toolchain/14_2_Rel1/bin/../lib/gcc/arm-none-eabi/14.2.1/thumb/v6-m/nofp\libg.a(libc_a-strcpy.o)
 .ARM.attributes
                0x0000085f       0x2c C:/Users/downy/.pico-sdk/toolchain/14_2_Rel1/bin/../lib/gcc/arm-none-eabi/14.2.1/thumb/v6-m/nofp\libg.a(libc_a-strlen-stub.o)
 .ARM.attributes
                0x0000088b       0x2c C:/Users/downy/.pico-sdk/toolchain/14_2_Rel1/bin/../lib/gcc/arm-none-eabi/14.2.1/thumb/v6-m/nofp\libg.a(libc_a-findfp.o)
 .ARM.attributes
                0x000008b7       0x2c C:/Users/downy/.pico-sdk/toolchain/14_2_Rel1/bin/../lib/gcc/arm-none-eabi/14.2.1/thumb/v6-m/nofp/crtend.o

.comment        0x00000000       0x45
 .comment       0x00000000       0x45 CMakeFiles/Pico4DeskUp.dir/Pico4DeskUp.cpp.obj
                                 0x46 (size before relaxing)
 .comment       0x00000045       0x46 CMakeFiles/Pico4DeskUp.dir/OLEDDisplay.cpp.obj
 .comment       0x00000045       0x46 CMakeFiles/Pico4DeskUp.dir/DeskAPI.cpp.obj
 .comment       0x00000045       0x46 CMakeFiles/Pico4DeskUp.dir/C_/Users/downy/.pico-sdk/sdk/2.2.0/src/rp2_common/hardware_gpio/gpio.c.obj
 .comment       0x00000045       0x46 CMakeFiles/Pico4DeskUp.dir/C_/Users/downy/.pico-sdk/sdk/2.2.0/src/rp2_common/pico_platform_panic/panic.c.obj
 .comment       0x00000045       0x46 CMakeFiles/Pico4DeskUp.dir/C_/Users/downy/.pico-sdk/sdk/2.2.0/src/common/hardware_claim/claim.c.obj
 .comment       0x00000045       0x46 CMakeFiles/Pico4DeskUp.dir/C_/Users/downy/.pico-sdk/sdk/2.2.0/src/rp2_common/hardware_sync/sync.c.obj
 .comment       0x00000045       0x46 CMakeFiles/Pico4DeskUp.dir/C_/Users/downy/.pico-sdk/sdk/2.2.0/src/rp2_common/hardware_sync_spin_lock/sync_spin_lock.c.obj
 .comment       0x00000045       0x46 CMakeFiles/Pico4DeskUp.dir/C_/Users/downy/.pico-sdk/sdk/2.2.0/src/rp2_common/hardware_irq/irq.c.obj
 .comment       0x00000045       0x46 CMakeFiles/Pico4DeskUp.dir/C_/Users/downy/.pico-sdk/sdk/2.2.0/src/common/pico_sync/lock_core.c.obj
 .comment       0x00000045       0x46 CMakeFiles/Pico4DeskUp.dir/C_/Users/downy/.pico-sdk/sdk/2.2.0/src/common/pico_sync/mutex.c.obj
 .comment       0x00000045       0x46 CMakeFiles/Pico4DeskUp.dir/C_/Users/downy/.pico-sdk/sdk/2.2.0/src/common/pico_time/time.c.obj
 .comment       0x00000045       0x46 CMakeFiles/Pico4DeskUp.dir/C_/Users/downy/.pico-sdk/sdk/2.2.0/src/rp2_common/hardware_timer/timer.c.obj
 .comment       0x00000045       0x46 CMakeFiles/Pico4DeskUp.dir/C_/Users/downy/.pico-sdk/sdk/2.2.0/src/rp2_common/hardware_uart/uart.c.obj
 .comment       0x00000045       0x46 CMakeFiles/Pico4DeskUp.dir/C_/Users/downy/.pico-sdk/sdk/2.2.0/src/rp2_common/hardware_clocks/clocks.c.obj
 .comment       0x00000045       0x46 CMakeFiles/Pico4DeskUp.dir/C_/Users/downy/.pico-sdk/sdk/2.2.0/src/rp2_common/hardware_pll/pll.c.obj
 .comment       0x00000045       0x46 CMakeFiles/Pico4DeskUp.dir/C_/Users/downy/.pico-sdk/sdk/2.2.0/src/rp2_common/hardware_ticks/ticks.c.obj
 .comment       0x00000045       0x46 CMakeFiles/Pico4DeskUp.dir/C_/Users/downy/.pico-sdk/sdk/2.2.0/src/rp2_common/pico_bootrom/bootrom.c.obj